82.40.186.219 - - [06/Jan/2017:00:14:19 +0000] "GET /js/varien/form.js HTTP/1.1" 200 3185 "https://www.choicestationery.com/" "Mozilla/5.0 (Windows NT 10.0; WOW64; rv:50.0) Gecko/20100101 Firefox/50.0"
82.40.186.219 - - [06/Jan/2017:00:14:19 +0000] "GET /js/mage/translate.js HTTP/1.1" 200 738 "https://www.choicestationery.com/" "Mozilla/5.0 (Windows NT 10.0; WOW64; rv:50.0) Gecko/20100101 Firefox/50.0"
82.40.186.219 - - [06/Jan/2017:00:14:19 +0000] "GET /js/mage/cookies.js HTTP/1.1" 200 1055 "https://www.choicestationery.com/" "Mozilla/5.0 (Windows NT 10.0; WOW64; rv:50.0) Gecko/20100101 Firefox/50.0"
82.40.186.219 - - [06/Jan/2017:00:14:19 +0000] "GET /js/aw_ajaxcartpro/updaters/cart.js HTTP/1.1" 200 557 "https://www.choicestationery.com/" "Mozilla/5.0 (Windows NT 10.0; WOW64; rv:50.0) Gecko/20100101 Firefox/50.0"
82.40.186.219 - - [06/Jan/2017:00:14:19 +0000] "GET /js/aw_ajaxcartpro/updaters/sidebar.js HTTP/1.1" 200 450 "https://www.choicestationery.com/" "Mozilla/5.0 (Windows NT 10.0; WOW64; rv:50.0) Gecko/20100101 Firefox/50.0"
82.40.186.219 - - [06/Jan/2017:00:14:19 +0000] "GET /js/aw_ajaxcartpro/updaters/topLinks.js HTTP/1.1" 200 243 "https://www.choicestationery.com/" "Mozilla/5.0 (Windows NT 10.0; WOW64; rv:50.0) Gecko/20100101 Firefox/50.0"
82.40.186.219 - - [06/Jan/2017:00:14:19 +0000] "GET /js/aw_ajaxcartpro/updaters/options.js HTTP/1.1" 200 374 "https://www.choicestationery.com/" "Mozilla/5.0 (Windows NT 10.0; WOW64; rv:50.0) Gecko/20100101 Firefox/50.0"
82.40.186.219 - - [06/Jan/2017:00:14:19 +0000] "GET /js/aw_ajaxcartpro/updaters/skipLinks.js HTTP/1.1" 200 635 "https://www.choicestationery.com/" "Mozilla/5.0 (Windows NT 10.0; WOW64; rv:50.0) Gecko/20100101 Firefox/50.0"
82.40.186.219 - - [06/Jan/2017:00:14:19 +0000] "GET /js/aw_ajaxcartpro/updaters/miniWishlist.js HTTP/1.1" 200 224 "https://www.choicestationery.com/" "Mozilla/5.0 (Windows NT 10.0; WOW64; rv:50.0) Gecko/20100101 Firefox/50.0"
82.40.186.219 - - [06/Jan/2017:00:14:19 +0000] "GET /js/aw_ajaxcartpro/updaters/wishlist.js HTTP/1.1" 200 570 "https://www.choicestationery.com/" "Mozilla/5.0 (Windows NT 10.0; WOW64; rv:50.0) Gecko/20100101 Firefox/50.0"
82.40.186.219 - - [06/Jan/2017:00:14:19 +0000] "GET /js/aw_ajaxcartpro/updaters/addProductConfirmation.js HTTP/1.1" 200 213 "https://www.choicestationery.com/" "Mozilla/5.0 (Windows NT 10.0; WOW64; rv:50.0) Gecko/20100101 Firefox/50.0"
82.40.186.219 - - [06/Jan/2017:00:14:19 +0000] "GET /js/aw_ajaxcartpro/updaters/removeProductConfirmation.js HTTP/1.1" 200 215 "https://www.choicestationery.com/" "Mozilla/5.0 (Windows NT 10.0; WOW64; rv:50.0) Gecko/20100101 Firefox/50.0"
82.40.186.219 - - [06/Jan/2017:00:14:19 +0000] "GET /js/aw_ajaxcartpro/observers/clickOnButtonInCartPageForm.js HTTP/1.1" 200 690 "https://www.choicestationery.com/" "Mozilla/5.0 (Windows NT 10.0; WOW64; rv:50.0) Gecko/20100101 Firefox/50.0"
82.40.186.219 - - [06/Jan/2017:00:14:20 +0000] "GET /js/aw_ajaxcartpro/observers/clickOnAddToCartInOptionsPopup.js HTTP/1.1" 200 485 "https://www.choicestationery.com/" "Mozilla/5.0 (Windows NT 10.0; WOW64; rv:50.0) Gecko/20100101 Firefox/50.0"
82.40.186.219 - - [06/Jan/2017:00:14:19 +0000] "GET /js/varien/js.js HTTP/1.1" 200 6323 "https://www.choicestationery.com/" "Mozilla/5.0 (Windows NT 10.0; WOW64; rv:50.0) Gecko/20100101 Firefox/50.0"
82.40.186.219 - - [06/Jan/2017:00:14:19 +0000] "GET /js/ecommage/css3-multi-column.js HTTP/1.1" 200 10292 "https://www.choicestationery.com/" "Mozilla/5.0 (Windows NT 10.0; WOW64; rv:50.0) Gecko/20100101 Firefox/50.0"
82.40.186.219 - - [06/Jan/2017:00:14:19 +0000] "GET /js/aw_ajaxcartpro/ajaxcartpro.js HTTP/1.1" 200 5727 "https://www.choicestationery.com/" "Mozilla/5.0 (Windows NT 10.0; WOW64; rv:50.0) Gecko/20100101 Firefox/50.0"
82.40.186.219 - - [06/Jan/2017:00:14:20 +0000] "GET /js/aw_ajaxcartpro/observers/clickOnAddToCartInCategoryList.js HTTP/1.1" 200 618 "https://www.choicestationery.com/" "Mozilla/5.0 (Windows NT 10.0; WOW64; rv:50.0) Gecko/20100101 Firefox/50.0"
82.40.186.219 - - [06/Jan/2017:00:14:20 +0000] "GET /js/aw_ajaxcartpro/observers/clickOnAddToCartInProductPage.js HTTP/1.1" 200 698 "https://www.choicestationery.com/" "Mozilla/5.0 (Windows NT 10.0; WOW64; rv:50.0) Gecko/20100101 Firefox/50.0"
82.40.186.219 - - [06/Jan/2017:00:14:20 +0000] "GET /js/aw_ajaxcartpro/observers/clickOnDeleteFromCart.js HTTP/1.1" 200 630 "https://www.choicestationery.com/" "Mozilla/5.0 (Windows NT 10.0; WOW64; rv:50.0) Gecko/20100101 Firefox/50.0"
82.40.186.219 - - [06/Jan/2017:00:14:19 +0000] "GET /js/megamenu/jquery-1.11.2.min.js HTTP/1.1" 200 33282 "https://www.choicestationery.com/" "Mozilla/5.0 (Windows NT 10.0; WOW64; rv:50.0) Gecko/20100101 Firefox/50.0"
82.40.186.219 - - [06/Jan/2017:00:14:19 +0000] "GET /js/prototype/prototype.js HTTP/1.1" 200 37294 "https://www.choicestationery.com/" "Mozilla/5.0 (Windows NT 10.0; WOW64; rv:50.0) Gecko/20100101 Firefox/50.0"
82.40.186.219 - - [06/Jan/2017:00:14:19 +0000] "GET /media/wysiwyg/ad-1-img.png HTTP/1.1" 200 67961 "https://www.choicestationery.com/" "Mozilla/5.0 (Windows NT 10.0; WOW64; rv:50.0) Gecko/20100101 Firefox/50.0"
82.40.186.219 - - [06/Jan/2017:00:14:19 +0000] "GET /media/wysiwyg/ad-3-img.png HTTP/1.1" 200 45674 "https://www.choicestationery.com/" "Mozilla/5.0 (Windows NT 10.0; WOW64; rv:50.0) Gecko/20100101 Firefox/50.0"
82.40.186.219 - - [06/Jan/2017:00:14:19 +0000] "GET /media/wysiwyg/payment-option-1.png HTTP/1.1" 200 27230 "https://www.choicestationery.com/" "Mozilla/5.0 (Windows NT 10.0; WOW64; rv:50.0) Gecko/20100101 Firefox/50.0"
82.40.186.219 - - [06/Jan/2017:00:14:19 +0000] "GET /media/wysiwyg/payment-option-2.png HTTP/1.1" 200 23891 "https://www.choicestationery.com/" "Mozilla/5.0 (Windows NT 10.0; WOW64; rv:50.0) Gecko/20100101 Firefox/50.0"
82.40.186.219 - - [06/Jan/2017:00:14:19 +0000] "GET /media/wysiwyg/payment-option-3.png HTTP/1.1" 200 11097 "https://www.choicestationery.com/" "Mozilla/5.0 (Windows NT 10.0; WOW64; rv:50.0) Gecko/20100101 Firefox/50.0"
82.40.186.219 - - [06/Jan/2017:00:14:19 +0000] "GET /skin/frontend/base/default/ajaxcartpro/images/al.gif HTTP/1.1" 200 10819 "https://www.choicestationery.com/" "Mozilla/5.0 (Windows NT 10.0; WOW64; rv:50.0) Gecko/20100101 Firefox/50.0"
82.40.186.219 - - [06/Jan/2017:00:14:20 +0000] "GET /js/aw_ajaxcartpro/observers/clickOnAddToCartInMiniWishlist.js HTTP/1.1" 200 614 "https://www.choicestationery.com/" "Mozilla/5.0 (Windows NT 10.0; WOW64; rv:50.0) Gecko/20100101 Firefox/50.0"
82.40.186.219 - - [06/Jan/2017:00:14:20 +0000] "GET /js/varien/product.js HTTP/1.1" 200 5937 "https://www.choicestationery.com/" "Mozilla/5.0 (Windows NT 10.0; WOW64; rv:50.0) Gecko/20100101 Firefox/50.0"
82.40.186.219 - - [06/Jan/2017:00:14:20 +0000] "GET /js/ebizmarts/mailchimp/campaignCatcher.js HTTP/1.1" 200 328 "https://www.choicestationery.com/" "Mozilla/5.0 (Windows NT 10.0; WOW64; rv:50.0) Gecko/20100101 Firefox/50.0"
82.40.186.219 - - [06/Jan/2017:00:14:19 +0000] "GET /media/wysiwyg/payment-option-4.png HTTP/1.1" 200 21368 "https://www.choicestationery.com/" "Mozilla/5.0 (Windows NT 10.0; WOW64; rv:50.0) Gecko/20100101 Firefox/50.0"
82.40.186.219 - - [06/Jan/2017:00:14:20 +0000] "GET /js/aw_ajaxcartpro/product.js HTTP/1.1" 200 2163 "https://www.choicestationery.com/" "Mozilla/5.0 (Windows NT 10.0; WOW64; rv:50.0) Gecko/20100101 Firefox/50.0"
82.40.186.219 - - [06/Jan/2017:00:14:20 +0000] "GET /js/amasty/amfinder/finder.js HTTP/1.1" 200 1366 "https://www.choicestationery.com/" "Mozilla/5.0 (Windows NT 10.0; WOW64; rv:50.0) Gecko/20100101 Firefox/50.0"
82.40.186.219 - - [06/Jan/2017:00:14:20 +0000] "GET /js/mirasvit/core/underscore.js HTTP/1.1" 200 4585 "https://www.choicestationery.com/" "Mozilla/5.0 (Windows NT 10.0; WOW64; rv:50.0) Gecko/20100101 Firefox/50.0"
82.40.186.219 - - [06/Jan/2017:00:14:20 +0000] "GET /js/mirasvit/core/backbone.js HTTP/1.1" 200 5786 "https://www.choicestationery.com/" "Mozilla/5.0 (Windows NT 10.0; WOW64; rv:50.0) Gecko/20100101 Firefox/50.0"
82.40.186.219 - - [06/Jan/2017:00:14:20 +0000] "GET /js/mirasvit/code/searchautocomplete/form.js HTTP/1.1" 200 454 "https://www.choicestationery.com/" "Mozilla/5.0 (Windows NT 10.0; WOW64; rv:50.0) Gecko/20100101 Firefox/50.0"
82.40.186.219 - - [06/Jan/2017:00:14:20 +0000] "GET /js/mirasvit/code/searchautocomplete/autocomplete.js HTTP/1.1" 200 1854 "https://www.choicestationery.com/" "Mozilla/5.0 (Windows NT 10.0; WOW64; rv:50.0) Gecko/20100101 Firefox/50.0"
82.40.186.219 - - [06/Jan/2017:00:14:20 +0000] "GET /js/aw_afptc/popup.js HTTP/1.1" 200 918 "https://www.choicestationery.com/" "Mozilla/5.0 (Windows NT 10.0; WOW64; rv:50.0) Gecko/20100101 Firefox/50.0"
82.40.186.219 - - [06/Jan/2017:00:14:20 +0000] "GET /skin/frontend/base/default/js/bundle.js HTTP/1.1" 200 2310 "https://www.choicestationery.com/" "Mozilla/5.0 (Windows NT 10.0; WOW64; rv:50.0) Gecko/20100101 Firefox/50.0"
82.40.186.219 - - [06/Jan/2017:00:14:20 +0000] "GET /skin/frontend/default/choice/js/noconflict.js HTTP/1.1" 200 568 "https://www.choicestationery.com/" "Mozilla/5.0 (Windows NT 10.0; WOW64; rv:50.0) Gecko/20100101 Firefox/50.0"
82.40.186.219 - - [06/Jan/2017:00:14:20 +0000] "GET /skin/frontend/default/choice/js/jquery.easing.1.3.js HTTP/1.1" 200 1998 "https://www.choicestationery.com/" "Mozilla/5.0 (Windows NT 10.0; WOW64; rv:50.0) Gecko/20100101 Firefox/50.0"
82.40.186.219 - - [06/Jan/2017:00:14:20 +0000] "GET /skin/frontend/default/choice/js/mgt_lazy_image_loader/common.js HTTP/1.1" 200 202 "https://www.choicestationery.com/" "Mozilla/5.0 (Windows NT 10.0; WOW64; rv:50.0) Gecko/20100101 Firefox/50.0"
82.40.186.219 - - [06/Jan/2017:00:14:20 +0000] "GET /skin/frontend/default/choice/js/bootstrap.js HTTP/1.1" 200 10601 "https://www.choicestationery.com/" "Mozilla/5.0 (Windows NT 10.0; WOW64; rv:50.0) Gecko/20100101 Firefox/50.0"
82.40.186.219 - - [06/Jan/2017:00:14:20 +0000] "GET /skin/frontend/default/default/js/lightbox.js HTTP/1.1" 200 4806 "https://www.choicestationery.com/" "Mozilla/5.0 (Windows NT 10.0; WOW64; rv:50.0) Gecko/20100101 Firefox/50.0"
82.40.186.219 - - [06/Jan/2017:00:14:20 +0000] "GET /skin/frontend/default/choice/js/html5.js HTTP/1.1" 200 1246 "https://www.choicestationery.com/" "Mozilla/5.0 (Windows NT 10.0; WOW64; rv:50.0) Gecko/20100101 Firefox/50.0"
82.40.186.219 - - [06/Jan/2017:00:14:20 +0000] "GET /skin/frontend/default/choice/js/jquery.elevateZoom-3.0.8.min.js HTTP/1.1" 200 6219 "https://www.choicestationery.com/" "Mozilla/5.0 (Windows NT 10.0; WOW64; rv:50.0) Gecko/20100101 Firefox/50.0"
82.40.186.219 - - [06/Jan/2017:00:14:20 +0000] "GET /skin/frontend/default/choice/js/jquery.selectbox-0.2.min.js HTTP/1.1" 200 2777 "https://www.choicestationery.com/" "Mozilla/5.0 (Windows NT 10.0; WOW64; rv:50.0) Gecko/20100101 Firefox/50.0"
82.40.186.219 - - [06/Jan/2017:00:14:20 +0000] "GET /skin/frontend/default/choice/js/owl.carousel.js HTTP/1.1" 200 8700 "https://www.choicestationery.com/" "Mozilla/5.0 (Windows NT 10.0; WOW64; rv:50.0) Gecko/20100101 Firefox/50.0"
82.40.186.219 - - [06/Jan/2017:00:14:20 +0000] "GET /skin/frontend/default/choice/js/superfish.js HTTP/1.1" 200 1523 "https://www.choicestationery.com/" "Mozilla/5.0 (Windows NT 10.0; WOW64; rv:50.0) Gecko/20100101 Firefox/50.0"
82.40.186.219 - - [06/Jan/2017:00:14:20 +0000] "GET /skin/frontend/default/choice/js/scripts.js HTTP/1.1" 200 2325 "https://www.choicestationery.com/" "Mozilla/5.0 (Windows NT 10.0; WOW64; rv:50.0) Gecko/20100101 Firefox/50.0"
82.40.186.219 - - [06/Jan/2017:00:14:20 +0000] "GET /skin/frontend/default/choice/js/jquery.cycle2.swipe.min.js HTTP/1.1" 200 553 "https://www.choicestationery.com/" "Mozilla/5.0 (Windows NT 10.0; WOW64; rv:50.0) Gecko/20100101 Firefox/50.0"
82.40.186.219 - - [06/Jan/2017:00:14:20 +0000] "GET /skin/frontend/default/choice/js/mgt_lazy_image_loader/lazy-image-loader.js HTTP/1.1" 200 1602 "https://www.choicestationery.com/" "Mozilla/5.0 (Windows NT 10.0; WOW64; rv:50.0) Gecko/20100101 Firefox/50.0"
82.40.186.219 - - [06/Jan/2017:00:14:20 +0000] "GET /js/mirasvit/core/jquery.min.js HTTP/1.1" 200 33467 "https://www.choicestationery.com/" "Mozilla/5.0 (Windows NT 10.0; WOW64; rv:50.0) Gecko/20100101 Firefox/50.0"
82.40.186.219 - - [06/Jan/2017:00:14:20 +0000] "GET /skin/frontend/default/choice/js/jquery.jcarousel.min.js HTTP/1.1" 200 4496 "https://www.choicestationery.com/" "Mozilla/5.0 (Windows NT 10.0; WOW64; rv:50.0) Gecko/20100101 Firefox/50.0"
82.40.186.219 - - [06/Jan/2017:00:14:20 +0000] "GET /skin/frontend/default/choice/js/jquery.iosslider.min.js HTTP/1.1" 200 8507 "https://www.choicestationery.com/" "Mozilla/5.0 (Windows NT 10.0; WOW64; rv:50.0) Gecko/20100101 Firefox/50.0"
82.40.186.219 - - [06/Jan/2017:00:14:20 +0000] "GET /skin/frontend/default/choice/js/jquery.cycle2.min.js HTTP/1.1" 200 6893 "https://www.choicestationery.com/" "Mozilla/5.0 (Windows NT 10.0; WOW64; rv:50.0) Gecko/20100101 Firefox/50.0"
82.40.186.219 - - [06/Jan/2017:00:14:20 +0000] "GET /js/megamenu/megamenu.js HTTP/1.1" 200 1110 "https://www.choicestationery.com/" "Mozilla/5.0 (Windows NT 10.0; WOW64; rv:50.0) Gecko/20100101 Firefox/50.0"
82.40.186.219 - - [06/Jan/2017:00:14:20 +0000] "GET /skin/frontend/default/choice/js/jquery-ui.min.js HTTP/1.1" 200 60463 "https://www.choicestationery.com/" "Mozilla/5.0 (Windows NT 10.0; WOW64; rv:50.0) Gecko/20100101 Firefox/50.0"
82.40.186.219 - - [06/Jan/2017:00:14:19 +0000] "GET /media/wysiwyg/ad-2-img.png HTTP/1.1" 200 89249 "https://www.choicestationery.com/" "Mozilla/5.0 (Windows NT 10.0; WOW64; rv:50.0) Gecko/20100101 Firefox/50.0"
82.40.186.219 - - [06/Jan/2017:00:14:19 +0000] "GET /media/wysiwyg/ad-4-img.png HTTP/1.1" 200 67137 "https://www.choicestationery.com/" "Mozilla/5.0 (Windows NT 10.0; WOW64; rv:50.0) Gecko/20100101 Firefox/50.0"
46.229.168.70 - - [06/Jan/2017:00:14:20 +0000] "GET /catalogsearch/result/index/?colour=3577&price=-10000&q=cli HTTP/1.1" 302 0 "-" "Mozilla/5.0 (compatible; SemrushBot/1.1~bl; +http://www.semrush.com/bot.html)"
82.40.186.219 - - [06/Jan/2017:00:14:20 +0000] "GET /skin/frontend/default/choice/images/sprite.png HTTP/1.1" 200 11235 "https://www.choicestationery.com/skin/frontend/default/choice/css/style.css" "Mozilla/5.0 (Windows NT 10.0; WOW64; rv:50.0) Gecko/20100101 Firefox/50.0"
82.40.186.219 - - [06/Jan/2017:00:14:20 +0000] "GET /skin/frontend/default/choice/images/contact.png HTTP/1.1" 200 1712 "https://www.choicestationery.com/skin/frontend/default/choice/css/style.css" "Mozilla/5.0 (Windows NT 10.0; WOW64; rv:50.0) Gecko/20100101 Firefox/50.0"
82.40.186.219 - - [06/Jan/2017:00:14:20 +0000] "GET /skin/frontend/default/choice/images/help.png HTTP/1.1" 200 1502 "https://www.choicestationery.com/skin/frontend/default/choice/css/style.css" "Mozilla/5.0 (Windows NT 10.0; WOW64; rv:50.0) Gecko/20100101 Firefox/50.0"
82.40.186.219 - - [06/Jan/2017:00:14:21 +0000] "GET /skin/frontend/base/default/images/mirasvit/sprite.png HTTP/1.1" 200 1368 "https://www.choicestationery.com/skin/frontend/base/default/css/mirasvit/searchautocomplete/default.css" "Mozilla/5.0 (Windows NT 10.0; WOW64; rv:50.0) Gecko/20100101 Firefox/50.0"
82.40.186.219 - - [06/Jan/2017:00:14:21 +0000] "GET /skin/frontend/default/choice/images/salebanner.jpg HTTP/1.1" 200 265341 "https://www.choicestationery.com/" "Mozilla/5.0 (Windows NT 10.0; WOW64; rv:50.0) Gecko/20100101 Firefox/50.0"
82.40.186.219 - - [06/Jan/2017:00:14:21 +0000] "GET /skin/frontend/default/choice/images/arrow.png HTTP/1.1" 200 223 "https://www.choicestationery.com/skin/frontend/default/choice/css/style.css" "Mozilla/5.0 (Windows NT 10.0; WOW64; rv:50.0) Gecko/20100101 Firefox/50.0"
82.40.186.219 - - [06/Jan/2017:00:14:21 +0000] "GET /skin/frontend/default/choice/images/order-bg.png HTTP/1.1" 200 1723 "https://www.choicestationery.com/skin/frontend/default/choice/css/style.css" "Mozilla/5.0 (Windows NT 10.0; WOW64; rv:50.0) Gecko/20100101 Firefox/50.0"
82.40.186.219 - - [06/Jan/2017:00:14:21 +0000] "GET /skin/frontend/default/choice/fonts/glyphicons-halflings-regular.woff2 HTTP/1.1" 200 18028 "https://www.choicestationery.com/skin/frontend/default/choice/css/bootstrap.min.css" "Mozilla/5.0 (Windows NT 10.0; WOW64; rv:50.0) Gecko/20100101 Firefox/50.0"
82.40.186.219 - - [06/Jan/2017:00:14:21 +0000] "GET /skin/frontend/default/choice/fonts/fontawesome-webfont.woff2?v=4.3.0 HTTP/1.1" 200 56780 "https://www.choicestationery.com/skin/frontend/default/choice/css/font-awesome.min.css" "Mozilla/5.0 (Windows NT 10.0; WOW64; rv:50.0) Gecko/20100101 Firefox/50.0"
82.40.186.219 - - [06/Jan/2017:00:14:21 +0000] "GET /media/favicon/default/favicon.ico HTTP/1.1" 200 2238 "-" "Mozilla/5.0 (Windows NT 10.0; WOW64; rv:50.0) Gecko/20100101 Firefox/50.0"
82.40.186.219 - - [06/Jan/2017:00:14:23 +0000] "GET /skin/frontend/default/default/images/mgt_lazy_image_loader/loader.gif HTTP/1.1" 200 11072 "https://www.choicestationery.com/" "Mozilla/5.0 (Windows NT 10.0; WOW64; rv:50.0) Gecko/20100101 Firefox/50.0"
82.40.186.219 - - [06/Jan/2017:00:14:23 +0000] "GET /skin/frontend/default/default/images/lightbox/loading.gif HTTP/1.1" 200 2767 "https://www.choicestationery.com/" "Mozilla/5.0 (Windows NT 10.0; WOW64; rv:50.0) Gecko/20100101 Firefox/50.0"
82.40.186.219 - - [06/Jan/2017:00:14:23 +0000] "GET /skin/frontend/default/default/images/lightbox/closelabel.gif HTTP/1.1" 200 979 "https://www.choicestationery.com/" "Mozilla/5.0 (Windows NT 10.0; WOW64; rv:50.0) Gecko/20100101 Firefox/50.0"
82.40.186.219 - - [06/Jan/2017:00:14:23 +0000] "GET /awafptc/cart/getPopupHtml/ HTTP/1.1" 200 34 "https://www.choicestationery.com/" "Mozilla/5.0 (Windows NT 10.0; WOW64; rv:50.0) Gecko/20100101 Firefox/50.0"
46.229.168.73 - - [06/Jan/2017:00:14:24 +0000] "GET /kyocera-1t02hlceu0-tk-540-c-toner-cyan-4k-pages.html HTTP/1.1" 302 0 "-" "Mozilla/5.0 (compatible; SemrushBot/1.1~bl; +http://www.semrush.com/bot.html)"
62.44.134.65 - - [06/Jan/2017:00:14:27 +0000] "POST /contacts/index/post/ HTTP/1.1" 302 0 "https://www.choicestationery.com/contact_us" "Mozilla/5.0 (Macintosh; Intel Mac OS X 10_11_6) AppleWebKit/602.3.12 (KHTML, like Gecko) Version/10.0.2 Safari/602.3.12"
62.44.134.65 - - [06/Jan/2017:00:14:27 +0000] "GET /contact_us HTTP/1.1" 200 31756 "https://www.choicestationery.com/contact_us" "Mozilla/5.0 (Macintosh; Intel Mac OS X 10_11_6) AppleWebKit/602.3.12 (KHTML, like Gecko) Version/10.0.2 Safari/602.3.12"
62.44.134.65 - - [06/Jan/2017:00:14:28 +0000] "GET /skin/frontend/default/choice/images/i_msg-success.png HTTP/1.1" 200 846 "https://www.choicestationery.com/contact_us" "Mozilla/5.0 (Macintosh; Intel Mac OS X 10_11_6) AppleWebKit/602.3.12 (KHTML, like Gecko) Version/10.0.2 Safari/602.3.12"
62.44.134.65 - - [06/Jan/2017:00:14:28 +0000] "GET /awafptc/cart/getPopupHtml/ HTTP/1.1" 200 34 "https://www.choicestationery.com/contact_us" "Mozilla/5.0 (Macintosh; Intel Mac OS X 10_11_6) AppleWebKit/602.3.12 (KHTML, like Gecko) Version/10.0.2 Safari/602.3.12"
157.55.39.143 - - [06/Jan/2017:00:14:29 +0000] "GET /hp-q1396a-inkjet-paper.html HTTP/1.1" 302 0 "-" "Mozilla/5.0 (compatible; bingbot/2.0; +http://www.bing.com/bingbot.htm)"
82.40.186.219 - - [06/Jan/2017:00:14:32 +0000] "POST /amfinder/index/options/ HTTP/1.1" 200 260 "https://www.choicestationery.com/" "Mozilla/5.0 (Windows NT 10.0; WOW64; rv:50.0) Gecko/20100101 Firefox/50.0"
209.222.109.26 - m2eadmin [06/Jan/2017:00:14:32 +0000] "GET /rss/catalog/review/ HTTP/1.1" 401 44 "-" "-"
185.129.148.185 - Ryder [06/Jan/2017:00:14:35 +0000] "GET /rss/catalog/notifystock/ HTTP/1.1" 401 44 "-" "-"
157.55.39.143 - - [06/Jan/2017:00:14:38 +0000] "GET /paper/specialist-inkjet.html HTTP/1.1" 302 0 "-" "Mozilla/5.0 (compatible; bingbot/2.0; +http://www.bing.com/bingbot.htm)"
46.229.168.67 - - [06/Jan/2017:00:14:40 +0000] "GET /catalogsearch/result/index/?colour=3291&dir=asc&manufacturer=1970&mode=grid&order=relevance&p=15&price=10-&q=Lex HTTP/1.1" 302 0 "-" "Mozilla/5.0 (compatible; SemrushBot/1.1~bl; +http://www.semrush.com/bot.html)"
185.129.148.200 - Adele [06/Jan/2017:00:14:43 +0000] "GET /rss/catalog/notifystock/ HTTP/1.1" 401 44 "-" "-"
207.46.13.74 - - [06/Jan/2017:00:14:47 +0000] "GET /special-offer-multipack-2-replacement-cartridges-35588.html HTTP/1.1" 302 0 "-" "Mozilla/5.0 (compatible; bingbot/2.0; +http://www.bing.com/bingbot.htm)"
46.229.168.74 - - [06/Jan/2017:00:14:48 +0000] "GET /catalogsearch/result/index/?manufacturer=3624&price=-100&q=inkjet HTTP/1.1" 302 0 "-" "Mozilla/5.0 (compatible; SemrushBot/1.1~bl; +http://www.semrush.com/bot.html)"
157.55.39.143 - - [06/Jan/2017:00:14:58 +0000] "GET /workplace/office-environment/footrests-stools.html?manufacturer=2217 HTTP/1.1" 302 0 "-" "Mozilla/5.0 (compatible; bingbot/2.0; +http://www.bing.com/bingbot.htm)"
46.229.168.67 - - [06/Jan/2017:00:14:59 +0000] "GET /machines/office-machine-supplies/batteries.html?cat=15054&mode=grid&price=-100 HTTP/1.1" 302 0 "-" "Mozilla/5.0 (compatible; SemrushBot/1.1~bl; +http://www.semrush.com/bot.html)"
46.229.168.73 - - [06/Jan/2017:00:15:00 +0000] "GET /office-supplies/envelopes/envelopes-dl.html?manufacturer=402&price=-10 HTTP/1.1" 302 0 "-" "Mozilla/5.0 (compatible; SemrushBot/1.1~bl; +http://www.semrush.com/bot.html)"
40.77.167.41 - - [06/Jan/2017:00:15:10 +0000] "GET /office-supplies/pens-pencils-writing-supplies/sharpeners/single.html HTTP/1.1" 302 0 "-" "Mozilla/5.0 (compatible; bingbot/2.0; +http://www.bing.com/bingbot.htm)"
68.180.229.238 - - [06/Jan/2017:00:15:12 +0000] "GET /best-consumable-supplier HTTP/1.1" 302 0 "-" "Mozilla/5.0 (compatible; Yahoo! Slurp; http://help.yahoo.com/help/us/ysearch/slurp)"
68.180.229.238 - - [06/Jan/2017:00:15:16 +0000] "GET /paper/social-stationery.html?colour=3312 HTTP/1.1" 200 34019 "-" "Mozilla/5.0 (compatible; Yahoo! Slurp; http://help.yahoo.com/help/us/ysearch/slurp)"
46.229.168.65 - - [06/Jan/2017:00:15:16 +0000] "GET /checkout/cart/add/uenc/aHR0cDovL3d3dy5jaG9pY2VzdGF0aW9uZXJ5LmNvbS9ocC1jYjQzNmEtMzZhLXRvbmVyLWJsYWNrLTJrLXBhZ2VzLmh0bWw_X19fU0lEPVU%2C/product/21631/form_key/eo7B2qKfCJtJNHOy/ HTTP/1.1" 302 0 "-" "Mozilla/5.0 (compatible; SemrushBot/1.1~bl; +http://www.semrush.com/bot.html)"
185.129.148.233 - Saige [06/Jan/2017:00:15:16 +0000] "GET /rss/catalog/notifystock/ HTTP/1.1" 401 44 "-" "-"
157.55.39.143 - - [06/Jan/2017:00:15:18 +0000] "GET /office-supplies/arts-crafts/crayons-chalk-charcoal/chalk.html HTTP/1.1" 302 0 "-" "Mozilla/5.0 (compatible; bingbot/2.0; +http://www.bing.com/bingbot.htm)"
46.229.168.65 - - [06/Jan/2017:00:15:19 +0000] "GET /machines/office-machine-supplies.html?cat=14928&colour=3299&own_brand=3623 HTTP/1.1" 302 0 "-" "Mozilla/5.0 (compatible; SemrushBot/1.1~bl; +http://www.semrush.com/bot.html)"
157.55.39.143 - - [06/Jan/2017:00:15:28 +0000] "GET /paper.html?p=2 HTTP/1.1" 200 40694 "-" "Mozilla/5.0 (compatible; bingbot/2.0; +http://www.bing.com/bingbot.htm)"
46.229.168.74 - - [06/Jan/2017:00:15:34 +0000] "GET /machines/office-machine-supplies/laminating-pockets/a5.html?manufacturer=75 HTTP/1.1" 302 0 "-" "Mozilla/5.0 (compatible; SemrushBot/1.1~bl; +http://www.semrush.com/bot.html)"
66.249.91.124 - - [06/Jan/2017:00:15:36 +0000] "GET /catalogsearch/result/?cat=0&q=(hp)+56 HTTP/1.1" 302 0 "-" "Mozilla/5.0 (iPhone; CPU iPhone OS 9_1 like Mac OS X) AppleWebKit/601.1.46 (KHTML, like Gecko) Version/9.0 Mobile/13B143 Safari/601.1 (compatible; AdsBot-Google-Mobile; +http://www.google.com/mobile/adsbot.html)"
157.55.39.143 - - [06/Jan/2017:00:15:37 +0000] "GET /examination-gloves-nitrile-powder-free-size-small-white-pack-of-100-pairs.html HTTP/1.1" 302 0 "-" "Mozilla/5.0 (compatible; bingbot/2.0; +http://www.bing.com/bingbot.htm)"
46.229.168.66 - - [06/Jan/2017:00:15:42 +0000] "GET /paper/specialist-inkjet/a4.html?manufacturer=26 HTTP/1.1" 302 0 "-" "Mozilla/5.0 (compatible; SemrushBot/1.1~bl; +http://www.semrush.com/bot.html)"
40.77.167.41 - - [06/Jan/2017:00:15:52 +0000] "GET /office-supplies/office-planning/planner-accessories/assorted.html HTTP/1.1" 302 0 "-" "Mozilla/5.0 (compatible; bingbot/2.0; +http://www.bing.com/bingbot.htm)"
185.53.174.174 - - [06/Jan/2017:00:15:53 +0000] "GET / HTTP/1.1" 302 0 "-" "check_http/v2.0 (nagios-plugins 2.0)"
46.229.168.66 - - [06/Jan/2017:00:15:53 +0000] "GET /catalogsearch/result/index/?colour=3566&manufacturer=232&mode=grid&q=labels HTTP/1.1" 302 0 "-" "Mozilla/5.0 (compatible; SemrushBot/1.1~bl; +http://www.semrush.com/bot.html)"
157.55.39.143 - - [06/Jan/2017:00:15:58 +0000] "GET /office-supplies/books-pads-albums/business-card-books.html?manufacturer=194 HTTP/1.1" 302 0 "-" "Mozilla/5.0 (compatible; bingbot/2.0; +http://www.bing.com/bingbot.htm)"
46.229.168.67 - - [06/Jan/2017:00:15:58 +0000] "GET / HTTP/1.1" 200 37785 "-" "Mozilla/5.0 (compatible; SemrushBot/1.1~bl; +http://www.semrush.com/bot.html)"
66.249.76.122 - - [06/Jan/2017:00:16:05 +0000] "GET /think-alternative-replacement-cartridge-for-hp-cb542a-yellow-1-4k.html HTTP/1.1" 302 0 "-" "Mozilla/5.0 (Linux; Android 6.0.1; Nexus 5X Build/MMB29P) AppleWebKit/537.36 (KHTML, like Gecko) Chrome/41.0.2272.96 Mobile Safari/537.36 (compatible; Googlebot/2.1; +http://www.google.com/bot.html)"
207.46.13.74 - - [06/Jan/2017:00:16:08 +0000] "GET /index.php/office-supplies/labels.html?manufacturer=2610 HTTP/1.1" 200 31705 "-" "Mozilla/5.0 (compatible; bingbot/2.0; +http://www.bing.com/bingbot.htm)"
46.229.168.66 - - [06/Jan/2017:00:16:13 +0000] "GET /catalogsearch/result/index/?manufacturer=2055&own_brand=3622&p=2&price=10000-&q=Lex&visibility=4 HTTP/1.1" 302 0 "-" "Mozilla/5.0 (compatible; SemrushBot/1.1~bl; +http://www.semrush.com/bot.html)"
66.249.76.122 - - [06/Jan/2017:00:16:14 +0000] "GET /7up-regular-soft-drink-can-330ml-ref-a01095-pack-24.html HTTP/1.1" 302 0 "-" "Mozilla/5.0 (Linux; Android 6.0.1; Nexus 5X Build/MMB29P) AppleWebKit/537.36 (KHTML, like Gecko) Chrome/41.0.2272.96 Mobile Safari/537.36 (compatible; Googlebot/2.1; +http://www.google.com/bot.html)"
66.249.76.122 - - [06/Jan/2017:00:16:15 +0000] "GET /stewart-superior-your-assembly-point-is-sign-write-on-200x150mm-polypropylene-ref-sp076pp.html HTTP/1.1" 302 0 "-" "Mozilla/5.0 (Linux; Android 6.0.1; Nexus 5X Build/MMB29P) AppleWebKit/537.36 (KHTML, like Gecko) Chrome/41.0.2272.96 Mobile Safari/537.36 (compatible; Googlebot/2.1; +http://www.google.com/bot.html)"
46.229.168.65 - - [06/Jan/2017:00:16:16 +0000] "GET /workplace/furniture/filing-cabinets/two-drawer/pierre-henry-combi-filing-unit-cabinet-lockable-2-drawers-a4-silver-ref-595026.html HTTP/1.1" 302 0 "-" "Mozilla/5.0 (compatible; SemrushBot/1.1~bl; +http://www.semrush.com/bot.html)"
66.249.76.122 - - [06/Jan/2017:00:16:24 +0000] "GET /5-star-addressing-labels-laser-65-per-sheet-38-1x21-2mm-white-6500-labels.html HTTP/1.1" 302 0 "-" "Mozilla/5.0 (Linux; Android 6.0.1; Nexus 5X Build/MMB29P) AppleWebKit/537.36 (KHTML, like Gecko) Chrome/41.0.2272.96 Mobile Safari/537.36 (compatible; Googlebot/2.1; +http://www.google.com/bot.html)"
46.229.168.67 - - [06/Jan/2017:00:16:25 +0000] "GET / HTTP/1.1" 200 37896 "-" "Mozilla/5.0 (compatible; SemrushBot/1.1~bl; +http://www.semrush.com/bot.html)"
40.77.167.41 - - [06/Jan/2017:00:16:27 +0000] "GET /no-name-literature-holder-standard-rigid-1-3xa4-clear.html HTTP/1.1" 302 0 "-" "Mozilla/5.0 (compatible; bingbot/2.0; +http://www.bing.com/bingbot.htm)"
176.123.6.216 - Valentina [06/Jan/2017:00:16:27 +0000] "GET /rss/catalog/review/ HTTP/1.1" 401 44 "-" "-"
46.229.168.71 - - [06/Jan/2017:00:16:30 +0000] "GET /catalogsearch/result/index/?manufacturer=177&q=labels&visibility=4 HTTP/1.1" 302 0 "-" "Mozilla/5.0 (compatible; SemrushBot/1.1~bl; +http://www.semrush.com/bot.html)"
46.229.168.74 - - [06/Jan/2017:00:16:31 +0000] "GET /catalogsearch/result/index/?manufacturer=183&own_brand=3622&price=-10000&q=Lex&visibility=4 HTTP/1.1" 302 0 "-" "Mozilla/5.0 (compatible; SemrushBot/1.1~bl; +http://www.semrush.com/bot.html)"
157.55.39.143 - - [06/Jan/2017:00:16:38 +0000] "GET /think-alternative-yellow-ink-cartridge-for-brother-lc41-lc900.html HTTP/1.1" 302 0 "-" "Mozilla/5.0 (compatible; bingbot/2.0; +http://www.bing.com/bingbot.htm)"
46.229.168.67 - - [06/Jan/2017:00:16:42 +0000] "GET / HTTP/1.1" 200 37828 "-" "Mozilla/5.0 (compatible; SemrushBot/1.1~bl; +http://www.semrush.com/bot.html)"
66.249.76.122 - - [06/Jan/2017:00:16:45 +0000] "GET /paper/copier-inkjet-laser-paper-a4.html?cat=32544&dir=asc&manufacturer=2211&order=price HTTP/1.1" 302 0 "-" "Mozilla/5.0 (compatible; Googlebot/2.1; +http://www.google.com/bot.html)"
157.55.39.143 - - [06/Jan/2017:00:16:48 +0000] "GET /no-name-literature-wall-pocket-landscape-w375xh178mm-crystal.html HTTP/1.1" 302 0 "-" "Mozilla/5.0 (compatible; bingbot/2.0; +http://www.bing.com/bingbot.htm)"
46.229.168.69 - - [06/Jan/2017:00:16:49 +0000] "GET /catalogsearch/result/index/?manufacturer=1970&p=4&price=50-100&q=Lex HTTP/1.1" 302 0 "-" "Mozilla/5.0 (compatible; SemrushBot/1.1~bl; +http://www.semrush.com/bot.html)"
46.229.168.66 - - [06/Jan/2017:00:16:50 +0000] "GET /checkout/cart/add/uenc/aHR0cDovL3d3dy5jaG9pY2VzdGF0aW9uZXJ5LmNvbS9zYW1zdW5nLWNseC1jODM4MGEtZWxzLWM4MzgwYS10b25lci1jeWFuLTE1ay1wYWdlcy1hdC01LWNvdmVyYWdlLmh0bWw_X19fU0lEPVU%2C/product/242509/form_key/qmFfdcAHv4Ko7Go9/ HTTP/1.1" 302 0 "-" "Mozilla/5.0 (compatible; SemrushBot/1.1~bl; +http://www.semrush.com/bot.html)"
8.21.199.17 - - [06/Jan/2017:00:16:53 +0000] "GET /robots.txt HTTP/1.1" 200 450 "-" "AddThis.com (http://support.addthis.com/)"
8.21.199.17 - - [06/Jan/2017:00:16:53 +0000] "GET /customer/address/edit/id/3096/ HTTP/1.1" 302 0 "-" "AddThis.com (http://support.addthis.com/)"
8.21.199.17 - - [06/Jan/2017:00:16:54 +0000] "GET / HTTP/1.1" 200 37892 "-" "AddThis.com (http://support.addthis.com/)"
68.180.229.238 - - [06/Jan/2017:00:16:53 +0000] "GET /office-supplies/arts-crafts/knives.html HTTP/1.1" 200 38036 "-" "Mozilla/5.0 (compatible; Yahoo! Slurp; http://help.yahoo.com/help/us/ysearch/slurp)"
68.180.229.238 - - [06/Jan/2017:00:17:01 +0000] "GET /computer-supplies/monitors.html?own_brand=3622 HTTP/1.1" 200 34426 "-" "Mozilla/5.0 (compatible; Yahoo! Slurp; http://help.yahoo.com/help/us/ysearch/slurp)"
68.180.229.238 - - [06/Jan/2017:00:17:02 +0000] "GET /machines/calculators-adding-machines/scientific-calculator.html?price=40- HTTP/1.1" 200 34023 "-" "Mozilla/5.0 (compatible; Yahoo! Slurp; http://help.yahoo.com/help/us/ysearch/slurp)"
157.55.39.143 - - [06/Jan/2017:00:17:07 +0000] "GET /printer-supplies.html/?find=brother-dcp-dcp-135-c-87496 HTTP/1.1" 302 0 "-" "Mozilla/5.0 (compatible; bingbot/2.0; +http://www.bing.com/bingbot.htm)"
46.229.168.73 - - [06/Jan/2017:00:17:07 +0000] "GET /machines/office-machine-supplies/batteries/p3-9v.html?mode=grid&price=10-20 HTTP/1.1" 302 0 "-" "Mozilla/5.0 (compatible; SemrushBot/1.1~bl; +http://www.semrush.com/bot.html)"
157.55.39.143 - - [06/Jan/2017:00:17:07 +0000] "GET /machines/telephone-fax/telephone-accessories.html HTTP/1.1" 200 38176 "-" "Mozilla/5.0 (compatible; bingbot/2.0; +http://www.bing.com/bingbot.htm)"
46.229.168.66 - - [06/Jan/2017:00:17:12 +0000] "GET /catalogsearch/result/index/?manufacturer=2287&mode=grid&q=labels&visibility=4 HTTP/1.1" 302 0 "-" "Mozilla/5.0 (compatible; SemrushBot/1.1~bl; +http://www.semrush.com/bot.html)"
157.55.39.143 - - [06/Jan/2017:00:17:17 +0000] "GET /catalog/category/view/s/laserjet-1022/id/9607/?mode=list HTTP/1.1" 302 0 "-" "Mozilla/5.0 (compatible; bingbot/2.0; +http://www.bing.com/bingbot.htm)"
66.249.76.116 - - [06/Jan/2017:00:17:18 +0000] "GET /media/catalog/product/cache/1/small_image/200x/9df78eab33525d08d6e5fb8d27136e95/C/C/CCS253035.jpg HTTP/1.1" 200 5612 "-" "Googlebot-Image/1.0"
68.180.229.238 - - [06/Jan/2017:00:17:22 +0000] "GET /machines/calculators-adding-machines/scientific-calculator.html?own_brand=3623 HTTP/1.1" 200 33901 "-" "Mozilla/5.0 (compatible; Yahoo! Slurp; http://help.yahoo.com/help/us/ysearch/slurp)"
46.229.168.69 - - [06/Jan/2017:00:17:23 +0000] "GET /machines/dictation-machines/miscellaneous.html HTTP/1.1" 302 0 "-" "Mozilla/5.0 (compatible; SemrushBot/1.1~bl; +http://www.semrush.com/bot.html)"
66.249.91.122 - - [06/Jan/2017:00:17:24 +0000] "GET /pl/hewlett-packard-hp HTTP/1.1" 302 0 "-" "Mozilla/5.0 (iPhone; CPU iPhone OS 9_1 like Mac OS X) AppleWebKit/601.1.46 (KHTML, like Gecko) Version/9.0 Mobile/13B143 Safari/601.1 (compatible; AdsBot-Google-Mobile; +http://www.google.com/mobile/adsbot.html)"
157.55.39.143 - - [06/Jan/2017:00:17:28 +0000] "GET /think-alternative-a4-photo-paper-double-sided-gloss-matt-255gsm-20-sheets.html HTTP/1.1" 200 39518 "-" "Mozilla/5.0 (compatible; bingbot/2.0; +http://www.bing.com/bingbot.htm)"
185.129.148.217 - Mila [06/Jan/2017:00:17:29 +0000] "GET /rss/catalog/notifystock/ HTTP/1.1" 401 44 "-" "-"
46.229.168.73 - - [06/Jan/2017:00:17:30 +0000] "GET /catalogsearch/result/index/?manufacturer=686&own_brand=3622&q=cli HTTP/1.1" 302 0 "-" "Mozilla/5.0 (compatible; SemrushBot/1.1~bl; +http://www.semrush.com/bot.html)"
185.129.148.202 - Emmett [06/Jan/2017:00:17:32 +0000] "GET /rss/catalog/notifystock/ HTTP/1.1" 401 44 "-" "-"
207.46.13.112 - - [06/Jan/2017:00:17:38 +0000] "GET /special-offer-multipack-6-replacement-cartridges-35962.html HTTP/1.1" 302 0 "-" "Mozilla/5.0 (compatible; bingbot/2.0; +http://www.bing.com/bingbot.htm)"
46.229.168.65 - - [06/Jan/2017:00:17:41 +0000] "GET /workplace/catering/catering-sundries.html?manufacturer=812&mode=grid HTTP/1.1" 302 0 "-" "Mozilla/5.0 (compatible; SemrushBot/1.1~bl; +http://www.semrush.com/bot.html)"
46.229.168.72 - - [06/Jan/2017:00:17:46 +0000] "GET /machines/shredders/rexel-mercury-rem723-micro-cut-shredder.html HTTP/1.1" 302 0 "-" "Mozilla/5.0 (compatible; SemrushBot/1.1~bl; +http://www.semrush.com/bot.html)"
40.77.167.41 - - [06/Jan/2017:00:17:48 +0000] "GET /index.php/apple-ipad-air-192091.html HTTP/1.1" 200 38009 "-" "Mozilla/5.0 (compatible; bingbot/2.0; +http://www.bing.com/bingbot.htm)"
40.77.167.41 - - [06/Jan/2017:00:17:57 +0000] "GET /hp-c9734b-transfer-kit-120k-pages.html HTTP/1.1" 302 0 "-" "Mozilla/5.0 (compatible; bingbot/2.0; +http://www.bing.com/bingbot.htm)"
46.229.168.71 - - [06/Jan/2017:00:18:01 +0000] "GET /machines/binding-machines.html?cat=14246&mode=list&own_brand=3622&price=300-400 HTTP/1.1" 302 0 "-" "Mozilla/5.0 (compatible; SemrushBot/1.1~bl; +http://www.semrush.com/bot.html)"
46.229.168.70 - - [06/Jan/2017:00:18:05 +0000] "GET /office-supplies/pens-pencils-writing-supplies/pencils-wood-case.html?colour=3458&price=-10 HTTP/1.1" 302 0 "-" "Mozilla/5.0 (compatible; SemrushBot/1.1~bl; +http://www.semrush.com/bot.html)"
207.46.13.74 - - [06/Jan/2017:00:18:07 +0000] "GET /catalog/product/view/id/159233/s/sigel-torino/category/32753/ HTTP/1.1" 302 0 "-" "msnbot-media/1.1 (+http://search.msn.com/msnbot.htm)"
138.201.118.225 - - [06/Jan/2017:00:18:08 +0000] "GET / HTTP/1.1" 302 0 "-" "CartDown.com E-Commerce Website Monitor"
138.201.118.225 - - [06/Jan/2017:00:18:09 +0000] "GET / HTTP/1.1" 200 475718 "-" "CartDown.com E-Commerce Website Monitor"
157.55.39.143 - - [06/Jan/2017:00:18:17 +0000] "GET /printer-supplies.html?find=canon-pixma-pixma-mg-5250-3088&mode=grid HTTP/1.1" 302 0 "-" "Mozilla/5.0 (compatible; bingbot/2.0; +http://www.bing.com/bingbot.htm)"
46.229.168.67 - - [06/Jan/2017:00:18:22 +0000] "GET /catalogsearch/result/index/?colour=3336&dir=asc&manufacturer=234&order=relevance&own_brand=3622&q=Lex HTTP/1.1" 302 0 "-" "Mozilla/5.0 (compatible; SemrushBot/1.1~bl; +http://www.semrush.com/bot.html)"
46.229.168.73 - - [06/Jan/2017:00:18:23 +0000] "GET /nobo-t-cards-167203.html HTTP/1.1" 302 0 "-" "Mozilla/5.0 (compatible; SemrushBot/1.1~bl; +http://www.semrush.com/bot.html)"
68.180.229.238 - - [06/Jan/2017:00:18:24 +0000] "GET /machines/calculators-adding-machines/scientific-calculator.html?manufacturer=320 HTTP/1.1" 200 34036 "-" "Mozilla/5.0 (compatible; Yahoo! Slurp; http://help.yahoo.com/help/us/ysearch/slurp)"
207.46.13.74 - - [06/Jan/2017:00:18:27 +0000] "GET /avery-quick-clean-85-x-54-mm-x25-161817.html HTTP/1.1" 200 39476 "-" "Mozilla/5.0 (compatible; bingbot/2.0; +http://www.bing.com/bingbot.htm)"
46.229.168.71 - - [06/Jan/2017:00:18:36 +0000] "GET /catalogsearch/result/index/?manufacturer=26&own_brand=3622&price=-10000&q=cli HTTP/1.1" 302 0 "-" "Mozilla/5.0 (compatible; SemrushBot/1.1~bl; +http://www.semrush.com/bot.html)"
207.46.13.74 - - [06/Jan/2017:00:18:37 +0000] "GET /hp-c8091a-staples-5k-pages.html HTTP/1.1" 302 0 "-" "Mozilla/5.0 (compatible; bingbot/2.0; +http://www.bing.com/bingbot.htm)"
46.229.168.67 - - [06/Jan/2017:00:18:43 +0000] "GET /miscellaneous/business-gifts/bespoke-pens/miscellaneous.html HTTP/1.1" 302 0 "-" "Mozilla/5.0 (compatible; SemrushBot/1.1~bl; +http://www.semrush.com/bot.html)"
207.46.13.74 - - [06/Jan/2017:00:18:47 +0000] "GET /workplace/furniture.html?manufacturer=2293 HTTP/1.1" 302 0 "-" "Mozilla/5.0 (compatible; bingbot/2.0; +http://www.bing.com/bingbot.htm)"
46.229.168.65 - - [06/Jan/2017:00:18:57 +0000] "GET /machines/office-machine-supplies.html?cat=14928&colour=3558&manufacturer=171 HTTP/1.1" 302 0 "-" "Mozilla/5.0 (compatible; SemrushBot/1.1~bl; +http://www.semrush.com/bot.html)"
207.46.13.74 - - [06/Jan/2017:00:18:59 +0000] "GET /think-alternative-high-capacity-canon-pg-545xl-black-ink-cartridge.html HTTP/1.1" 302 0 "-" "Mozilla/5.0 (compatible; bingbot/2.0; +http://www.bing.com/bingbot.htm)"
46.229.168.67 - - [06/Jan/2017:00:19:00 +0000] "GET /enable-cookies HTTP/1.1" 302 0 "-" "Mozilla/5.0 (compatible; SemrushBot/1.1~bl; +http://www.semrush.com/bot.html)"
185.129.148.200 - Adele [06/Jan/2017:00:19:02 +0000] "GET /rss/catalog/notifystock/ HTTP/1.1" 401 44 "-" "-"
207.46.13.74 - - [06/Jan/2017:00:19:08 +0000] "GET /avery-white-labels-in-packets-12x18mm-32-015-216-labels.html HTTP/1.1" 302 0 "-" "Mozilla/5.0 (compatible; bingbot/2.0; +http://www.bing.com/bingbot.htm)"
185.129.148.185 - Ryder [06/Jan/2017:00:19:08 +0000] "GET /rss/catalog/notifystock/ HTTP/1.1" 401 44 "-" "-"
46.229.168.72 - - [06/Jan/2017:00:19:14 +0000] "GET /checkout/cart/add/uenc/aHR0cDovL3d3dy5jaG9pY2VzdGF0aW9uZXJ5LmNvbS9hdmVyeS1qNTEwMS0yNS1zZWxmLWFkaGVzaXZlLWxhYmVsLmh0bWw_X19fU0lEPVU%2C/product/22608/form_key/cGCKzBxT0RyjQhvw/ HTTP/1.1" 302 0 "-" "Mozilla/5.0 (compatible; SemrushBot/1.1~bl; +http://www.semrush.com/bot.html)"
46.229.168.71 - - [06/Jan/2017:00:19:17 +0000] "GET /office-supplies/pens-pencils-writing-supplies/rollerball-pens.html?cat=33009&manufacturer=185 HTTP/1.1" 302 0 "-" "Mozilla/5.0 (compatible; SemrushBot/1.1~bl; +http://www.semrush.com/bot.html)"
207.46.13.74 - - [06/Jan/2017:00:19:17 +0000] "GET /nobo-p3.html HTTP/1.1" 302 0 "-" "Mozilla/5.0 (compatible; bingbot/2.0; +http://www.bing.com/bingbot.htm)"
185.129.148.233 - Saige [06/Jan/2017:00:19:21 +0000] "GET /rss/catalog/notifystock/ HTTP/1.1" 401 44 "-" "-"
40.77.167.41 - - [06/Jan/2017:00:19:28 +0000] "GET /office-supplies/adhesives-tapes/clear-tape.html?colour=3387 HTTP/1.1" 200 35949 "-" "Mozilla/5.0 (compatible; bingbot/2.0; +http://www.bing.com/bingbot.htm)"
46.229.168.72 - - [06/Jan/2017:00:19:32 +0000] "GET /computer-supplies/computer-hardware.html?mode=grid&price=100-200 HTTP/1.1" 302 0 "-" "Mozilla/5.0 (compatible; SemrushBot/1.1~bl; +http://www.semrush.com/bot.html)"
46.229.168.70 - - [06/Jan/2017:00:19:32 +0000] "GET /catalogsearch/result/index/?colour=3483&mode=list&q=301 HTTP/1.1" 302 0 "-" "Mozilla/5.0 (compatible; SemrushBot/1.1~bl; +http://www.semrush.com/bot.html)"
207.46.13.74 - - [06/Jan/2017:00:19:37 +0000] "GET /office-supplies/books-pads-albums/business-card-books.html?manufacturer=234 HTTP/1.1" 302 0 "-" "Mozilla/5.0 (compatible; bingbot/2.0; +http://www.bing.com/bingbot.htm)"
185.129.148.217 - Mila [06/Jan/2017:00:19:41 +0000] "GET /rss/catalog/notifystock/ HTTP/1.1" 401 44 "-" "-"
207.46.13.74 - - [06/Jan/2017:00:19:48 +0000] "GET /blog/toner-cartridges/ HTTP/1.1" 200 39794 "-" "Mozilla/5.0 (compatible; bingbot/2.0; +http://www.bing.com/bingbot.htm)"
46.229.168.70 - - [06/Jan/2017:00:19:48 +0000] "GET /enable-cookies HTTP/1.1" 302 0 "-" "Mozilla/5.0 (compatible; SemrushBot/1.1~bl; +http://www.semrush.com/bot.html)"
46.229.168.71 - - [06/Jan/2017:00:19:53 +0000] "GET /checkout/cart/add/uenc/aHR0cDovL3d3dy5jaG9pY2VzdGF0aW9uZXJ5LmNvbS9hdmVyeS1jb2xvdXJlZC1sYWJlbHMtcGFja2V0LTI1eDUwbW0tb3JnZS0zMi0yMjItMzYtbGFiZWxzLXBrMTAuaHRtbD9fX19TSUQ9VQ%2C%2C/product/177286/form_key/iMnevYxv3vk85Lih/ HTTP/1.1" 302 0 "-" "Mozilla/5.0 (compatible; SemrushBot/1.1~bl; +http://www.semrush.com/bot.html)"
207.46.13.74 - - [06/Jan/2017:00:19:57 +0000] "GET /office-supplies/files-pockets-binders/expanding-files/rexel-optima-expander-13-part-blue.html HTTP/1.1" 302 0 "-" "Mozilla/5.0 (compatible; bingbot/2.0; +http://www.bing.com/bingbot.htm)"
66.249.76.124 - - [06/Jan/2017:00:20:00 +0000] "GET /blake-purely-everyday-165x165mm-100g-m2-gummed-window-wallet-envelopes-white-pack-of-500.html HTTP/1.1" 302 0 "-" "Mozilla/5.0 (Linux; Android 6.0.1; Nexus 5X Build/MMB29P) AppleWebKit/537.36 (KHTML, like Gecko) Chrome/41.0.2272.96 Mobile Safari/537.36 (compatible; Googlebot/2.1; +http://www.google.com/bot.html)"
68.180.229.238 - - [06/Jan/2017:00:20:00 +0000] "GET /avery-integrated-single-label-sheet-perforated-190x90mm-white-ref-l4835-1000-sheets.html HTTP/1.1" 302 0 "-" "Mozilla/5.0 (compatible; Yahoo! Slurp; http://help.yahoo.com/help/us/ysearch/slurp)"
81.133.157.252 - - [06/Jan/2017:00:20:02 +0000] "POST /index.php/api/soap/index/ HTTP/1.1" 200 538 "-" "PHP-SOAP/5.6.27"
81.133.157.252 - - [06/Jan/2017:00:20:05 +0000] "POST /index.php/api/soap/index/ HTTP/1.1" 200 531 "-" "PHP-SOAP/5.6.27"
207.46.13.74 - - [06/Jan/2017:00:20:08 +0000] "GET /q-connect-marker-whiteboard-4pk-asst.html HTTP/1.1" 302 0 "-" "Mozilla/5.0 (compatible; bingbot/2.0; +http://www.bing.com/bingbot.htm)"
46.229.168.67 - - [06/Jan/2017:00:20:09 +0000] "GET /catalogsearch/result/index/?colour=3394&manufacturer=2055&own_brand=3622&price=-10000&q=Lex&visibility=4 HTTP/1.1" 302 0 "-" "Mozilla/5.0 (compatible; SemrushBot/1.1~bl; +http://www.semrush.com/bot.html)"
46.229.168.72 - - [06/Jan/2017:00:20:13 +0000] "GET /rubbermaid-mechanical-sweeper-dual-action-for-hard-floor-and-carpet-ref-fg421388bla.html HTTP/1.1" 302 0 "-" "Mozilla/5.0 (compatible; SemrushBot/1.1~bl; +http://www.semrush.com/bot.html)"
40.77.167.41 - - [06/Jan/2017:00:20:19 +0000] "GET /office-supplies/files-pockets-binders.html?manufacturer=764 HTTP/1.1" 302 0 "-" "Mozilla/5.0 (compatible; bingbot/2.0; +http://www.bing.com/bingbot.htm)"
194.87.239.5 - - [06/Jan/2017:00:20:22 +0000] "HEAD / HTTP/1.1" 302 0 "http://avtokor23.ru/zapchasti_na_Chevrolet_Aveo_v_Krasnodare.php" "Mozilla/3.0 (compatible; MSIE5.00; Windows 2004)"
46.229.168.65 - - [06/Jan/2017:00:20:25 +0000] "GET /catalogsearch/result/index/?colour=3283&manufacturer=230&mode=list&own_brand=3622&q=pens HTTP/1.1" 302 0 "-" "Mozilla/5.0 (compatible; SemrushBot/1.1~bl; +http://www.semrush.com/bot.html)"
40.77.167.41 - - [06/Jan/2017:00:20:27 +0000] "GET /trexus-stacking-chair-polypropene-with-seat-w460xd390xh430mm-black.html HTTP/1.1" 200 39224 "-" "Mozilla/5.0 (compatible; bingbot/2.0; +http://www.bing.com/bingbot.htm)"
68.180.229.238 - - [06/Jan/2017:00:20:29 +0000] "GET /machines/laminators/a3/fellowes-saturn-3i-a3.html HTTP/1.1" 200 39120 "-" "Mozilla/5.0 (compatible; Yahoo! Slurp; http://help.yahoo.com/help/us/ysearch/slurp)"
66.249.76.123 - - [06/Jan/2017:00:20:32 +0000] "GET /printer-supplies.html?cat=14402&dir=asc&limit=15&manufacturer=2800&mode=grid&order=rating HTTP/1.1" 302 0 "-" "Mozilla/5.0 (compatible; Googlebot/2.1; +http://www.google.com/bot.html)"
46.229.168.74 - - [06/Jan/2017:00:20:33 +0000] "GET /catalogsearch/result/index/?dir=asc&manufacturer=3228&order=relevance&p=2&q=Lex HTTP/1.1" 302 0 "-" "Mozilla/5.0 (compatible; SemrushBot/1.1~bl; +http://www.semrush.com/bot.html)"
40.77.167.41 - - [06/Jan/2017:00:20:38 +0000] "GET /catalog/category/view/s/deskjet-540-c/id/9281/?mode=list HTTP/1.1" 302 0 "-" "Mozilla/5.0 (compatible; bingbot/2.0; +http://www.bing.com/bingbot.htm)"
46.229.168.66 - - [06/Jan/2017:00:20:42 +0000] "GET /office-supplies/books-pads-albums/repositional-notes/super-sticky/post-it-postit-654-super-sticky-canary-ylw-12-pack.html HTTP/1.1" 302 0 "-" "Mozilla/5.0 (compatible; SemrushBot/1.1~bl; +http://www.semrush.com/bot.html)"
46.229.168.70 - - [06/Jan/2017:00:20:45 +0000] "GET /catalogsearch/result/index/?dir=asc&manufacturer=911&mode=grid&order=relevance&p=10&q=Lex HTTP/1.1" 302 0 "-" "Mozilla/5.0 (compatible; SemrushBot/1.1~bl; +http://www.semrush.com/bot.html)"
209.222.109.26 - m2eadmin [06/Jan/2017:00:20:46 +0000] "GET /rss/catalog/review/ HTTP/1.1" 401 44 "-" "-"
40.77.167.41 - - [06/Jan/2017:00:20:48 +0000] "GET /blog/canon-pixma-m395-review/ HTTP/1.1" 302 0 "-" "Mozilla/5.0 (compatible; bingbot/2.0; +http://www.bing.com/bingbot.htm)"
157.55.39.143 - - [06/Jan/2017:00:20:59 +0000] "GET /office-supplies/adhesives-tapes/clear-tape.html?price=100- HTTP/1.1" 200 34102 "-" "Mozilla/5.0 (compatible; bingbot/2.0; +http://www.bing.com/bingbot.htm)"
68.180.229.238 - - [06/Jan/2017:00:21:02 +0000] "GET /retrospect-singleserver-20-mac-229523.html HTTP/1.1" 302 0 "-" "Mozilla/5.0 (compatible; Yahoo! Slurp; http://help.yahoo.com/help/us/ysearch/slurp)"
46.229.168.71 - - [06/Jan/2017:00:21:04 +0000] "GET /workplace/janitorial/sanitary-refills.html?cat=34532&manufacturer=221&own_brand=3622 HTTP/1.1" 302 0 "-" "Mozilla/5.0 (compatible; SemrushBot/1.1~bl; +http://www.semrush.com/bot.html)"
46.229.168.71 - - [06/Jan/2017:00:21:06 +0000] "GET /machines/office-machine-supplies.html?cat=30330&colour=3563&mode=list HTTP/1.1" 302 0 "-" "Mozilla/5.0 (compatible; SemrushBot/1.1~bl; +http://www.semrush.com/bot.html)"
157.55.39.143 - - [06/Jan/2017:00:21:08 +0000] "GET /5-star-ballpoint-pen-retractable-soft-grip-medium-1-0mm-tip-0-5mm-line-black-pack-12.html HTTP/1.1" 200 39308 "-" "Mozilla/5.0 (compatible; bingbot/2.0; +http://www.bing.com/bingbot.htm)"
68.180.229.238 - - [06/Jan/2017:00:21:15 +0000] "GET /no-name-display-board-lightweight-durable-cfc-free-w297xd5xh420mm-a3-white-pack-10.html HTTP/1.1" 302 0 "-" "Mozilla/5.0 (compatible; Yahoo! Slurp; http://help.yahoo.com/help/us/ysearch/slurp)"
68.180.229.238 - - [06/Jan/2017:00:21:18 +0000] "GET /office-supplies/labels/ink-jet-labels.html?price=-10 HTTP/1.1" 200 38124 "-" "Mozilla/5.0 (compatible; Yahoo! Slurp; http://help.yahoo.com/help/us/ysearch/slurp)"
207.46.13.112 - - [06/Jan/2017:00:21:21 +0000] "GET /machines/office-machine-supplies/shredder-supplies/various.html HTTP/1.1" 200 34919 "-" "Mozilla/5.0 (compatible; bingbot/2.0; +http://www.bing.com/bingbot.htm)"
46.229.168.71 - - [06/Jan/2017:00:21:22 +0000] "GET /workplace/catering/catering-sundries.html?manufacturer=3199&price=30- HTTP/1.1" 302 0 "-" "Mozilla/5.0 (compatible; SemrushBot/1.1~bl; +http://www.semrush.com/bot.html)"
46.229.168.73 - - [06/Jan/2017:00:21:23 +0000] "GET /catalogsearch/result/index/?colour=3319&manufacturer=173&mode=grid&q=labels HTTP/1.1" 302 0 "-" "Mozilla/5.0 (compatible; SemrushBot/1.1~bl; +http://www.semrush.com/bot.html)"
68.180.229.238 - - [06/Jan/2017:00:21:27 +0000] "GET /5-star-cloth-tape-roll-25mmx50m-black.html HTTP/1.1" 302 0 "-" "Mozilla/5.0 (compatible; Yahoo! Slurp; http://help.yahoo.com/help/us/ysearch/slurp)"
207.46.13.74 - - [06/Jan/2017:00:21:28 +0000] "GET /machines/printers/labelmakers/dymo-s0898130-embossing-tape-9-mm-x-3-m.html HTTP/1.1" 302 0 "-" "Mozilla/5.0 (compatible; bingbot/2.0; +http://www.bing.com/bingbot.htm)"
46.229.168.67 - - [06/Jan/2017:00:21:36 +0000] "GET /computer-supplies/printers/multifunctional-devices.html?colour=3283&own_brand=3622&price=100-200 HTTP/1.1" 302 0 "-" "Mozilla/5.0 (compatible; SemrushBot/1.1~bl; +http://www.semrush.com/bot.html)"
207.46.13.74 - - [06/Jan/2017:00:21:38 +0000] "GET /office-supplies/desktop-accessories/book-racks-mag-files.html?colour=3470 HTTP/1.1" 200 34088 "-" "Mozilla/5.0 (compatible; bingbot/2.0; +http://www.bing.com/bingbot.htm)"
46.229.168.71 - - [06/Jan/2017:00:21:41 +0000] "GET /catalogsearch/result/index/?price=1000-2000&q=cano HTTP/1.1" 302 0 "-" "Mozilla/5.0 (compatible; SemrushBot/1.1~bl; +http://www.semrush.com/bot.html)"
46.229.168.74 - - [06/Jan/2017:00:21:56 +0000] "GET /stabilo-sensor.html HTTP/1.1" 302 0 "-" "Mozilla/5.0 (compatible; SemrushBot/1.1~bl; +http://www.semrush.com/bot.html)"
207.46.13.74 - - [06/Jan/2017:00:21:57 +0000] "GET /office-supplies.html?cat=32850&manufacturer=373 HTTP/1.1" 302 0 "-" "Mozilla/5.0 (compatible; bingbot/2.0; +http://www.bing.com/bingbot.htm)"
46.229.168.65 - - [06/Jan/2017:00:21:58 +0000] "GET /machines/labelmakers/dymo-xtl-300-24-mm-label-maker.html HTTP/1.1" 302 0 "-" "Mozilla/5.0 (compatible; SemrushBot/1.1~bl; +http://www.semrush.com/bot.html)"
66.249.76.122 - - [06/Jan/2017:00:22:00 +0000] "GET /chartwell-survey-book-field-weather-resistant-80-leaf-130x205mm-ref-2026z.html HTTP/1.1" 302 0 "-" "Mozilla/5.0 (Linux; Android 6.0.1; Nexus 5X Build/MMB29P) AppleWebKit/537.36 (KHTML, like Gecko) Chrome/41.0.2272.96 Mobile Safari/537.36 (compatible; Googlebot/2.1; +http://www.google.com/bot.html)"
46.229.168.70 - - [06/Jan/2017:00:22:11 +0000] "GET /robinson-young-ry-safewrap-shredder-bags-150-litre-pk50.html HTTP/1.1" 302 0 "-" "Mozilla/5.0 (compatible; SemrushBot/1.1~bl; +http://www.semrush.com/bot.html)"
66.249.76.116 - - [06/Jan/2017:00:22:14 +0000] "GET /business-accounts HTTP/1.1" 200 31573 "-" "Mozilla/5.0 (Linux; Android 6.0.1; Nexus 5X Build/MMB29P) AppleWebKit/537.36 (KHTML, like Gecko) Chrome/41.0.2272.96 Mobile Safari/537.36 (compatible; Googlebot/2.1; +http://www.google.com/bot.html)"
207.46.13.112 - - [06/Jan/2017:00:22:15 +0000] "GET /workplace/office-environment/air-conditioners.html HTTP/1.1" 200 34097 "-" "Mozilla/5.0 (compatible; bingbot/2.0; +http://www.bing.com/bingbot.htm)"
46.229.168.71 - - [06/Jan/2017:00:22:17 +0000] "GET /checkout/cart/add/uenc/aHR0cDovL3d3dy5jaG9pY2VzdGF0aW9uZXJ5LmNvbS9lcHNvbi1jMTN0MDk2NDQwMTAtdDA5NjQtaW5rLWNhcnRyaWRnZS15ZWxsb3ctODkwLXBhZ2VzLTExbWwuaHRtbD9fX19TSUQ9VQ%2C%2C/product/16911/form_key/h5C34AxQsi1v5uu2/ HTTP/1.1" 302 0 "-" "Mozilla/5.0 (compatible; SemrushBot/1.1~bl; +http://www.semrush.com/bot.html)"
