66.249.76.116 - - [06/Jan/2017:00:30:28 +0000] "GET /js/aw_ajaxcartpro/observers/clickOnAddToCartInProductPage.js HTTP/1.1" 200 698 "https://www.choicestationery.com/" "Mozilla/5.0 (compatible; Googlebot/2.1; +http://www.google.com/bot.html)"
207.46.13.74 - - [06/Jan/2017:00:30:28 +0000] "GET /workplace/janitorial/sanitary-dispensers/sheet.html HTTP/1.1" 302 0 "-" "Mozilla/5.0 (compatible; bingbot/2.0; +http://www.bing.com/bingbot.htm)"
66.249.76.116 - - [06/Jan/2017:00:30:28 +0000] "GET /js/aw_afptc/popup.js HTTP/1.1" 200 918 "https://www.choicestationery.com/" "Mozilla/5.0 (compatible; Googlebot/2.1; +http://www.google.com/bot.html)"
66.249.76.116 - - [06/Jan/2017:00:30:29 +0000] "GET /skin/frontend/default/choice/js/jquery.selectbox-0.2.min.js HTTP/1.1" 200 2777 "https://www.choicestationery.com/" "Mozilla/5.0 (compatible; Googlebot/2.1; +http://www.google.com/bot.html)"
66.249.76.116 - - [06/Jan/2017:00:30:29 +0000] "GET /skin/frontend/default/choice/js/mgt_lazy_image_loader/lazy-image-loader.js HTTP/1.1" 200 1602 "https://www.choicestationery.com/" "Mozilla/5.0 (compatible; Googlebot/2.1; +http://www.google.com/bot.html)"
66.249.76.116 - - [06/Jan/2017:00:30:30 +0000] "GET /skin/frontend/default/choice/js/jquery.jcarousel.min.js HTTP/1.1" 200 4496 "https://www.choicestationery.com/" "Mozilla/5.0 (compatible; Googlebot/2.1; +http://www.google.com/bot.html)"
66.249.76.116 - - [06/Jan/2017:00:30:30 +0000] "GET /js/aw_ajaxcartpro/observers/clickOnAddToCartInCategoryList.js HTTP/1.1" 200 618 "https://www.choicestationery.com/" "Mozilla/5.0 (compatible; Googlebot/2.1; +http://www.google.com/bot.html)"
66.249.76.116 - - [06/Jan/2017:00:30:31 +0000] "GET /js/aw_ajaxcartpro/updaters/skipLinks.js HTTP/1.1" 200 635 "https://www.choicestationery.com/" "Mozilla/5.0 (compatible; Googlebot/2.1; +http://www.google.com/bot.html)"
66.249.69.218 - - [06/Jan/2017:00:30:31 +0000] "GET /js/aw_ajaxcartpro/updaters/miniWishlist.js HTTP/1.1" 200 224 "https://www.choicestationery.com/" "Mozilla/5.0 (compatible; Googlebot/2.1; +http://www.google.com/bot.html)"
66.249.76.116 - - [06/Jan/2017:00:30:32 +0000] "GET /js/mirasvit/core/jquery.min.js HTTP/1.1" 200 33467 "https://www.choicestationery.com/" "Mozilla/5.0 (compatible; Googlebot/2.1; +http://www.google.com/bot.html)"
81.133.157.252 - - [06/Jan/2017:00:30:32 +0000] "POST /autodiscover/autodiscover.xml HTTP/1.1" 400 48 "-" "Microsoft Office/16.0 (Windows NT 6.1; Microsoft Outlook 16.0.7571; Pro)"
66.249.76.116 - - [06/Jan/2017:00:30:32 +0000] "GET /js/aw_ajaxcartpro/updaters/options.js HTTP/1.1" 200 374 "https://www.choicestationery.com/" "Mozilla/5.0 (compatible; Googlebot/2.1; +http://www.google.com/bot.html)"
66.249.76.116 - - [06/Jan/2017:00:30:33 +0000] "GET /js/aw_ajaxcartpro/product.js HTTP/1.1" 200 2163 "https://www.choicestationery.com/" "Mozilla/5.0 (compatible; Googlebot/2.1; +http://www.google.com/bot.html)"
66.249.76.116 - - [06/Jan/2017:00:30:33 +0000] "GET /js/varien/product.js HTTP/1.1" 200 5937 "https://www.choicestationery.com/" "Mozilla/5.0 (compatible; Googlebot/2.1; +http://www.google.com/bot.html)"
66.249.76.116 - - [06/Jan/2017:00:30:34 +0000] "GET /js/amasty/amfinder/finder.js HTTP/1.1" 200 1366 "https://www.choicestationery.com/" "Mozilla/5.0 (compatible; Googlebot/2.1; +http://www.google.com/bot.html)"
66.249.76.116 - - [06/Jan/2017:00:30:34 +0000] "GET /js/mirasvit/code/searchautocomplete/form.js HTTP/1.1" 200 454 "https://www.choicestationery.com/" "Mozilla/5.0 (compatible; Googlebot/2.1; +http://www.google.com/bot.html)"
66.249.76.116 - - [06/Jan/2017:00:30:35 +0000] "GET /skin/frontend/base/default/js/bundle.js HTTP/1.1" 200 2310 "https://www.choicestationery.com/" "Mozilla/5.0 (compatible; Googlebot/2.1; +http://www.google.com/bot.html)"
66.249.91.122 - - [06/Jan/2017:00:30:35 +0000] "GET /catalog/category/view/s/envy-5532-e-all-in-one/id/23507/ HTTP/1.1" 302 0 "-" "Mozilla/5.0 (iPhone; CPU iPhone OS 9_1 like Mac OS X) AppleWebKit/601.1.46 (KHTML, like Gecko) Version/9.0 Mobile/13B143 Safari/601.1 (compatible; AdsBot-Google-Mobile; +http://www.google.com/mobile/adsbot.html)"
66.249.69.218 - - [06/Jan/2017:00:30:36 +0000] "GET /js/prototype/prototype.js HTTP/1.1" 200 37294 "https://www.choicestationery.com/" "Mozilla/5.0 (compatible; Googlebot/2.1; +http://www.google.com/bot.html)"
66.249.69.218 - - [06/Jan/2017:00:30:36 +0000] "GET /skin/frontend/default/choice/js/jquery-ui.min.js HTTP/1.1" 200 60463 "https://www.choicestationery.com/" "Mozilla/5.0 (compatible; Googlebot/2.1; +http://www.google.com/bot.html)"
66.249.76.116 - - [06/Jan/2017:00:30:37 +0000] "GET /skin/frontend/default/choice/js/noconflict.js HTTP/1.1" 200 568 "https://www.choicestationery.com/" "Mozilla/5.0 (compatible; Googlebot/2.1; +http://www.google.com/bot.html)"
66.249.69.218 - - [06/Jan/2017:00:30:37 +0000] "GET /skin/frontend/default/choice/js/scripts.js HTTP/1.1" 200 2325 "https://www.choicestationery.com/" "Mozilla/5.0 (compatible; Googlebot/2.1; +http://www.google.com/bot.html)"
66.249.76.116 - - [06/Jan/2017:00:30:38 +0000] "GET /skin/frontend/default/choice/js/owl.carousel.js HTTP/1.1" 200 8700 "https://www.choicestationery.com/" "Mozilla/5.0 (compatible; Googlebot/2.1; +http://www.google.com/bot.html)"
66.249.69.218 - - [06/Jan/2017:00:30:38 +0000] "GET /js/megamenu/jquery-1.11.2.min.js HTTP/1.1" 200 33282 "https://www.choicestationery.com/" "Mozilla/5.0 (compatible; Googlebot/2.1; +http://www.google.com/bot.html)"
66.249.69.218 - - [06/Jan/2017:00:30:39 +0000] "GET /skin/frontend/default/choice/js/jquery.cycle2.swipe.min.js HTTP/1.1" 200 553 "https://www.choicestationery.com/" "Mozilla/5.0 (compatible; Googlebot/2.1; +http://www.google.com/bot.html)"
207.46.13.74 - - [06/Jan/2017:00:30:39 +0000] "GET /none-demerara-brown-sugar-sachets-pack-600.html HTTP/1.1" 302 0 "-" "Mozilla/5.0 (compatible; bingbot/2.0; +http://www.bing.com/bingbot.htm)"
66.249.76.116 - - [06/Jan/2017:00:30:39 +0000] "GET /js/aw_ajaxcartpro/observers/clickOnButtonInCartPageForm.js HTTP/1.1" 200 690 "https://www.choicestationery.com/" "Mozilla/5.0 (compatible; Googlebot/2.1; +http://www.google.com/bot.html)"
81.133.157.252 - - [06/Jan/2017:00:30:39 +0000] "POST /autodiscover/autodiscover.xml HTTP/1.1" 400 48 "-" "Microsoft Office/16.0 (Windows NT 6.1; Microsoft Outlook 16.0.7571; Pro)"
66.249.76.116 - - [06/Jan/2017:00:30:40 +0000] "GET /js/megamenu/megamenu.js HTTP/1.1" 200 1110 "https://www.choicestationery.com/" "Mozilla/5.0 (compatible; Googlebot/2.1; +http://www.google.com/bot.html)"
66.249.69.218 - - [06/Jan/2017:00:30:40 +0000] "GET /js/aw_ajaxcartpro/updaters/cart.js HTTP/1.1" 200 557 "https://www.choicestationery.com/" "Mozilla/5.0 (compatible; Googlebot/2.1; +http://www.google.com/bot.html)"
66.249.76.116 - - [06/Jan/2017:00:30:41 +0000] "GET /js/mirasvit/core/underscore.js HTTP/1.1" 200 4585 "https://www.choicestationery.com/" "Mozilla/5.0 (compatible; Googlebot/2.1; +http://www.google.com/bot.html)"
66.249.76.116 - - [06/Jan/2017:00:30:41 +0000] "GET /js/mirasvit/code/searchautocomplete/autocomplete.js HTTP/1.1" 200 1854 "https://www.choicestationery.com/" "Mozilla/5.0 (compatible; Googlebot/2.1; +http://www.google.com/bot.html)"
66.249.76.116 - - [06/Jan/2017:00:30:42 +0000] "GET /skin/frontend/default/choice/js/jquery.iosslider.min.js HTTP/1.1" 200 8507 "https://www.choicestationery.com/" "Mozilla/5.0 (compatible; Googlebot/2.1; +http://www.google.com/bot.html)"
66.249.76.116 - - [06/Jan/2017:00:30:42 +0000] "GET /js/scriptaculous/slider.js HTTP/1.1" 200 2696 "https://www.choicestationery.com/" "Mozilla/5.0 (compatible; Googlebot/2.1; +http://www.google.com/bot.html)"
46.229.168.66 - - [06/Jan/2017:00:30:42 +0000] "GET /computer-supplies/computer-hardware/computer-hardware-other.html?mode=grid&price=120- HTTP/1.1" 302 0 "-" "Mozilla/5.0 (compatible; SemrushBot/1.1~bl; +http://www.semrush.com/bot.html)"
66.249.69.218 - - [06/Jan/2017:00:30:43 +0000] "GET /js/aw_ajaxcartpro/ajaxcartpro.js HTTP/1.1" 200 5727 "https://www.choicestationery.com/" "Mozilla/5.0 (compatible; Googlebot/2.1; +http://www.google.com/bot.html)"
176.123.6.216 - Valentina [06/Jan/2017:00:30:42 +0000] "GET /rss/catalog/review/ HTTP/1.1" 401 44 "-" "-"
66.249.76.116 - - [06/Jan/2017:00:30:43 +0000] "GET /js/scriptaculous/builder.js HTTP/1.1" 200 1841 "https://www.choicestationery.com/" "Mozilla/5.0 (compatible; Googlebot/2.1; +http://www.google.com/bot.html)"
66.249.76.116 - - [06/Jan/2017:00:30:44 +0000] "GET /skin/frontend/default/choice/js/mgt_lazy_image_loader/common.js HTTP/1.1" 200 202 "https://www.choicestationery.com/" "Mozilla/5.0 (compatible; Googlebot/2.1; +http://www.google.com/bot.html)"
66.249.76.116 - - [06/Jan/2017:00:30:44 +0000] "GET /skin/frontend/base/default/ajaxcartpro/css/styles.css HTTP/1.1" 200 1002 "https://www.choicestationery.com/" "Mozilla/5.0 (compatible; Googlebot/2.1; +http://www.google.com/bot.html)"
66.249.76.116 - - [06/Jan/2017:00:30:45 +0000] "GET /skin/frontend/base/default/css/mirasvit_searchindex.css HTTP/1.1" 200 732 "https://www.choicestationery.com/" "Mozilla/5.0 (compatible; Googlebot/2.1; +http://www.google.com/bot.html)"
66.249.69.218 - - [06/Jan/2017:00:30:45 +0000] "GET /skin/frontend/default/choice/css/j2t-rewardpoints.css HTTP/1.1" 200 345 "https://www.choicestationery.com/" "Mozilla/5.0 (compatible; Googlebot/2.1; +http://www.google.com/bot.html)"
2.97.72.144 - - [06/Jan/2017:00:30:44 +0000] "GET /?gclid=CjwKEAiA-rfDBRDeyOybg8jd2U4SJAAoE5XqSHHV1YhAmCC5iyFtIgMbAV39jE56Koz6MJ8uMY_EIRoCSz7w_wcB HTTP/1.1" 302 0 "https://www.google.co.uk/" "Mozilla/5.0 (Windows NT 6.3; WOW64) AppleWebKit/537.36 (KHTML, like Gecko) Chrome/55.0.2883.87 Safari/537.36"
66.249.69.218 - - [06/Jan/2017:00:30:46 +0000] "GET /skin/frontend/base/default/css/amasty/amfinder.css HTTP/1.1" 200 694 "https://www.choicestationery.com/" "Mozilla/5.0 (compatible; Googlebot/2.1; +http://www.google.com/bot.html)"
66.249.76.116 - - [06/Jan/2017:00:30:46 +0000] "GET /skin/frontend/default/choice/css/superfish.css HTTP/1.1" 200 1796 "https://www.choicestationery.com/" "Mozilla/5.0 (compatible; Googlebot/2.1; +http://www.google.com/bot.html)"
2.97.72.144 - - [06/Jan/2017:00:30:46 +0000] "GET / HTTP/1.1" 200 37775 "https://www.google.co.uk/" "Mozilla/5.0 (Windows NT 6.3; WOW64) AppleWebKit/537.36 (KHTML, like Gecko) Chrome/55.0.2883.87 Safari/537.36"
46.229.168.65 - - [06/Jan/2017:00:30:46 +0000] "GET / HTTP/1.1" 200 37900 "-" "Mozilla/5.0 (compatible; SemrushBot/1.1~bl; +http://www.semrush.com/bot.html)"
2.97.72.144 - - [06/Jan/2017:00:30:46 +0000] "GET /skin/frontend/default/choice/css/superfish.css HTTP/1.1" 200 1796 "https://www.choicestationery.com/" "Mozilla/5.0 (Windows NT 6.3; WOW64) AppleWebKit/537.36 (KHTML, like Gecko) Chrome/55.0.2883.87 Safari/537.36"
2.97.72.144 - - [06/Jan/2017:00:30:46 +0000] "GET /skin/frontend/default/choice/css/camera.css HTTP/1.1" 200 3801 "https://www.choicestationery.com/" "Mozilla/5.0 (Windows NT 6.3; WOW64) AppleWebKit/537.36 (KHTML, like Gecko) Chrome/55.0.2883.87 Safari/537.36"
2.97.72.144 - - [06/Jan/2017:00:30:46 +0000] "GET /skin/frontend/base/default/css/widgets.css HTTP/1.1" 200 1235 "https://www.choicestationery.com/" "Mozilla/5.0 (Windows NT 6.3; WOW64) AppleWebKit/537.36 (KHTML, like Gecko) Chrome/55.0.2883.87 Safari/537.36"
2.97.72.144 - - [06/Jan/2017:00:30:46 +0000] "GET /skin/frontend/base/default/ajaxcartpro/css/styles.css HTTP/1.1" 200 1002 "https://www.choicestationery.com/" "Mozilla/5.0 (Windows NT 6.3; WOW64) AppleWebKit/537.36 (KHTML, like Gecko) Chrome/55.0.2883.87 Safari/537.36"
2.97.72.144 - - [06/Jan/2017:00:30:46 +0000] "GET /skin/frontend/base/default/css/amasty/amfinder.css HTTP/1.1" 200 694 "https://www.choicestationery.com/" "Mozilla/5.0 (Windows NT 6.3; WOW64) AppleWebKit/537.36 (KHTML, like Gecko) Chrome/55.0.2883.87 Safari/537.36"
2.97.72.144 - - [06/Jan/2017:00:30:46 +0000] "GET /skin/frontend/default/choice/css/amlabel.css HTTP/1.1" 200 389 "https://www.choicestationery.com/" "Mozilla/5.0 (Windows NT 6.3; WOW64) AppleWebKit/537.36 (KHTML, like Gecko) Chrome/55.0.2883.87 Safari/537.36"
2.97.72.144 - - [06/Jan/2017:00:30:46 +0000] "GET /skin/frontend/base/default/css/amlist.css HTTP/1.1" 200 227 "https://www.choicestationery.com/" "Mozilla/5.0 (Windows NT 6.3; WOW64) AppleWebKit/537.36 (KHTML, like Gecko) Chrome/55.0.2883.87 Safari/537.36"
2.97.72.144 - - [06/Jan/2017:00:30:46 +0000] "GET /skin/frontend/default/choice/css/flint_feefo.css HTTP/1.1" 200 182 "https://www.choicestationery.com/" "Mozilla/5.0 (Windows NT 6.3; WOW64) AppleWebKit/537.36 (KHTML, like Gecko) Chrome/55.0.2883.87 Safari/537.36"
2.97.72.144 - - [06/Jan/2017:00:30:46 +0000] "GET /skin/frontend/base/default/megamenu/css/megamenulibrary.css HTTP/1.1" 200 6951 "https://www.choicestationery.com/" "Mozilla/5.0 (Windows NT 6.3; WOW64) AppleWebKit/537.36 (KHTML, like Gecko) Chrome/55.0.2883.87 Safari/537.36"
2.97.72.144 - - [06/Jan/2017:00:30:46 +0000] "GET /skin/frontend/base/default/megamenu/css/megamenu.css HTTP/1.1" 200 2089 "https://www.choicestationery.com/" "Mozilla/5.0 (Windows NT 6.3; WOW64) AppleWebKit/537.36 (KHTML, like Gecko) Chrome/55.0.2883.87 Safari/537.36"
2.97.72.144 - - [06/Jan/2017:00:30:47 +0000] "GET /skin/frontend/base/default/css/mirasvit/searchautocomplete/default.css HTTP/1.1" 200 1079 "https://www.choicestationery.com/" "Mozilla/5.0 (Windows NT 6.3; WOW64) AppleWebKit/537.36 (KHTML, like Gecko) Chrome/55.0.2883.87 Safari/537.36"
2.97.72.144 - - [06/Jan/2017:00:30:47 +0000] "GET /skin/frontend/base/default/css/mirasvit_searchindex.css HTTP/1.1" 200 732 "https://www.choicestationery.com/" "Mozilla/5.0 (Windows NT 6.3; WOW64) AppleWebKit/537.36 (KHTML, like Gecko) Chrome/55.0.2883.87 Safari/537.36"
2.97.72.144 - - [06/Jan/2017:00:30:47 +0000] "GET /skin/frontend/default/choice/css/j2t-rewardpoints.css HTTP/1.1" 200 345 "https://www.choicestationery.com/" "Mozilla/5.0 (Windows NT 6.3; WOW64) AppleWebKit/537.36 (KHTML, like Gecko) Chrome/55.0.2883.87 Safari/537.36"
2.97.72.144 - - [06/Jan/2017:00:30:47 +0000] "GET /skin/frontend/default/choice/css/easylightbox.css HTTP/1.1" 200 669 "https://www.choicestationery.com/" "Mozilla/5.0 (Windows NT 6.3; WOW64) AppleWebKit/537.36 (KHTML, like Gecko) Chrome/55.0.2883.87 Safari/537.36"
2.97.72.144 - - [06/Jan/2017:00:30:47 +0000] "GET /skin/frontend/base/default/css/aw_afptc/styles.css HTTP/1.1" 200 502 "https://www.choicestationery.com/" "Mozilla/5.0 (Windows NT 6.3; WOW64) AppleWebKit/537.36 (KHTML, like Gecko) Chrome/55.0.2883.87 Safari/537.36"
2.97.72.144 - - [06/Jan/2017:00:30:47 +0000] "GET /skin/frontend/default/choice/css/bootstrap.min.css HTTP/1.1" 200 19998 "https://www.choicestationery.com/" "Mozilla/5.0 (Windows NT 6.3; WOW64) AppleWebKit/537.36 (KHTML, like Gecko) Chrome/55.0.2883.87 Safari/537.36"
2.97.72.144 - - [06/Jan/2017:00:30:47 +0000] "GET /skin/frontend/default/choice/css/font-awesome.min.css HTTP/1.1" 200 5545 "https://www.choicestationery.com/" "Mozilla/5.0 (Windows NT 6.3; WOW64) AppleWebKit/537.36 (KHTML, like Gecko) Chrome/55.0.2883.87 Safari/537.36"
2.97.72.144 - - [06/Jan/2017:00:30:47 +0000] "GET /skin/frontend/default/choice/css/jquery.selectbox.css HTTP/1.1" 200 617 "https://www.choicestationery.com/" "Mozilla/5.0 (Windows NT 6.3; WOW64) AppleWebKit/537.36 (KHTML, like Gecko) Chrome/55.0.2883.87 Safari/537.36"
2.97.72.144 - - [06/Jan/2017:00:30:47 +0000] "GET /skin/frontend/default/choice/css/owl.carousel.css HTTP/1.1" 200 534 "https://www.choicestationery.com/" "Mozilla/5.0 (Windows NT 6.3; WOW64) AppleWebKit/537.36 (KHTML, like Gecko) Chrome/55.0.2883.87 Safari/537.36"
2.97.72.144 - - [06/Jan/2017:00:30:47 +0000] "GET /skin/frontend/default/choice/css/style.css HTTP/1.1" 200 20506 "https://www.choicestationery.com/" "Mozilla/5.0 (Windows NT 6.3; WOW64) AppleWebKit/537.36 (KHTML, like Gecko) Chrome/55.0.2883.87 Safari/537.36"
2.97.72.144 - - [06/Jan/2017:00:30:47 +0000] "GET /skin/frontend/default/choice/css/custom.css HTTP/1.1" 200 3209 "https://www.choicestationery.com/" "Mozilla/5.0 (Windows NT 6.3; WOW64) AppleWebKit/537.36 (KHTML, like Gecko) Chrome/55.0.2883.87 Safari/537.36"
2.97.72.144 - - [06/Jan/2017:00:30:47 +0000] "GET /skin/frontend/default/choice/css/styles_edited.css HTTP/1.1" 200 17794 "https://www.choicestationery.com/" "Mozilla/5.0 (Windows NT 6.3; WOW64) AppleWebKit/537.36 (KHTML, like Gecko) Chrome/55.0.2883.87 Safari/537.36"
2.97.72.144 - - [06/Jan/2017:00:30:47 +0000] "GET /skin/frontend/default/choice/js/cycle2slider.css HTTP/1.1" 200 859 "https://www.choicestationery.com/" "Mozilla/5.0 (Windows NT 6.3; WOW64) AppleWebKit/537.36 (KHTML, like Gecko) Chrome/55.0.2883.87 Safari/537.36"
2.97.72.144 - - [06/Jan/2017:00:30:47 +0000] "GET /skin/frontend/base/default/sagepaysuite/css/sagePaySuite.css HTTP/1.1" 200 377 "https://www.choicestationery.com/" "Mozilla/5.0 (Windows NT 6.3; WOW64) AppleWebKit/537.36 (KHTML, like Gecko) Chrome/55.0.2883.87 Safari/537.36"
2.97.72.144 - - [06/Jan/2017:00:30:47 +0000] "GET /skin/frontend/default/choice/images/logo.png HTTP/1.1" 200 10756 "https://www.choicestationery.com/" "Mozilla/5.0 (Windows NT 6.3; WOW64) AppleWebKit/537.36 (KHTML, like Gecko) Chrome/55.0.2883.87 Safari/537.36"
2.97.72.144 - - [06/Jan/2017:00:30:47 +0000] "GET /skin/frontend/default/choice/images/cart.png HTTP/1.1" 200 1511 "https://www.choicestationery.com/" "Mozilla/5.0 (Windows NT 6.3; WOW64) AppleWebKit/537.36 (KHTML, like Gecko) Chrome/55.0.2883.87 Safari/537.36"
2.97.72.144 - - [06/Jan/2017:00:30:47 +0000] "GET /media/banner/menu_footer_banner.jpg HTTP/1.1" 200 17216 "https://www.choicestationery.com/" "Mozilla/5.0 (Windows NT 6.3; WOW64) AppleWebKit/537.36 (KHTML, like Gecko) Chrome/55.0.2883.87 Safari/537.36"
2.97.72.144 - - [06/Jan/2017:00:30:47 +0000] "GET /media/wysiwyg/brother.jpg HTTP/1.1" 200 7407 "https://www.choicestationery.com/" "Mozilla/5.0 (Windows NT 6.3; WOW64) AppleWebKit/537.36 (KHTML, like Gecko) Chrome/55.0.2883.87 Safari/537.36"
2.97.72.144 - - [06/Jan/2017:00:30:47 +0000] "GET /media/logos/sale75.jpg HTTP/1.1" 200 41773 "https://www.choicestationery.com/" "Mozilla/5.0 (Windows NT 6.3; WOW64) AppleWebKit/537.36 (KHTML, like Gecko) Chrome/55.0.2883.87 Safari/537.36"
2.97.72.144 - - [06/Jan/2017:00:30:47 +0000] "GET /media/wysiwyg/canon.jpg HTTP/1.1" 200 7588 "https://www.choicestationery.com/" "Mozilla/5.0 (Windows NT 6.3; WOW64) AppleWebKit/537.36 (KHTML, like Gecko) Chrome/55.0.2883.87 Safari/537.36"
2.97.72.144 - - [06/Jan/2017:00:30:47 +0000] "GET /media/wysiwyg/lexmark.jpg HTTP/1.1" 200 3951 "https://www.choicestationery.com/" "Mozilla/5.0 (Windows NT 6.3; WOW64) AppleWebKit/537.36 (KHTML, like Gecko) Chrome/55.0.2883.87 Safari/537.36"
2.97.72.144 - - [06/Jan/2017:00:30:47 +0000] "GET /media/wysiwyg/dell.jpg HTTP/1.1" 200 4815 "https://www.choicestationery.com/" "Mozilla/5.0 (Windows NT 6.3; WOW64) AppleWebKit/537.36 (KHTML, like Gecko) Chrome/55.0.2883.87 Safari/537.36"
2.97.72.144 - - [06/Jan/2017:00:30:47 +0000] "GET /media/wysiwyg/epson.jpg HTTP/1.1" 200 6898 "https://www.choicestationery.com/" "Mozilla/5.0 (Windows NT 6.3; WOW64) AppleWebKit/537.36 (KHTML, like Gecko) Chrome/55.0.2883.87 Safari/537.36"
2.97.72.144 - - [06/Jan/2017:00:30:47 +0000] "GET /media/wysiwyg/hp.jpg HTTP/1.1" 200 5969 "https://www.choicestationery.com/" "Mozilla/5.0 (Windows NT 6.3; WOW64) AppleWebKit/537.36 (KHTML, like Gecko) Chrome/55.0.2883.87 Safari/537.36"
2.97.72.144 - - [06/Jan/2017:00:30:47 +0000] "GET /media/wysiwyg/kodak.jpg HTTP/1.1" 200 7120 "https://www.choicestationery.com/" "Mozilla/5.0 (Windows NT 6.3; WOW64) AppleWebKit/537.36 (KHTML, like Gecko) Chrome/55.0.2883.87 Safari/537.36"
2.97.72.144 - - [06/Jan/2017:00:30:47 +0000] "GET /media/wysiwyg/oki.jpg HTTP/1.1" 200 5811 "https://www.choicestationery.com/" "Mozilla/5.0 (Windows NT 6.3; WOW64) AppleWebKit/537.36 (KHTML, like Gecko) Chrome/55.0.2883.87 Safari/537.36"
2.97.72.144 - - [06/Jan/2017:00:30:47 +0000] "GET /media/wysiwyg/pitneybowes.jpg HTTP/1.1" 200 6366 "https://www.choicestationery.com/" "Mozilla/5.0 (Windows NT 6.3; WOW64) AppleWebKit/537.36 (KHTML, like Gecko) Chrome/55.0.2883.87 Safari/537.36"
112.210.233.49 - - [06/Jan/2017:00:30:46 +0000] "POST /customer/account/createpost/ HTTP/1.1" 302 0 "https://www.choicestationery.com/customer/account/createpost/" "Mozilla/4.0 (compatible; MSIE 9.0; Windows NT 6.1)"
66.249.76.116 - - [06/Jan/2017:00:30:47 +0000] "GET /skin/frontend/default/choice/css/camera.css HTTP/1.1" 200 3801 "https://www.choicestationery.com/" "Mozilla/5.0 (compatible; Googlebot/2.1; +http://www.google.com/bot.html)"
66.249.76.116 - - [06/Jan/2017:00:30:47 +0000] "GET /skin/frontend/default/choice/css/amlabel.css HTTP/1.1" 200 389 "https://www.choicestationery.com/" "Mozilla/5.0 (compatible; Googlebot/2.1; +http://www.google.com/bot.html)"
2.97.72.144 - - [06/Jan/2017:00:30:47 +0000] "GET /js/megamenu/jquery-1.11.2.min.js HTTP/1.1" 200 33282 "https://www.choicestationery.com/" "Mozilla/5.0 (Windows NT 6.3; WOW64) AppleWebKit/537.36 (KHTML, like Gecko) Chrome/55.0.2883.87 Safari/537.36"
2.97.72.144 - - [06/Jan/2017:00:30:47 +0000] "GET /media/wysiwyg/samsung.jpg HTTP/1.1" 200 6324 "https://www.choicestationery.com/" "Mozilla/5.0 (Windows NT 6.3; WOW64) AppleWebKit/537.36 (KHTML, like Gecko) Chrome/55.0.2883.87 Safari/537.36"
2.97.72.144 - - [06/Jan/2017:00:30:47 +0000] "GET /media/wysiwyg/think.jpg HTTP/1.1" 200 5028 "https://www.choicestationery.com/" "Mozilla/5.0 (Windows NT 6.3; WOW64) AppleWebKit/537.36 (KHTML, like Gecko) Chrome/55.0.2883.87 Safari/537.36"
2.97.72.144 - - [06/Jan/2017:00:30:47 +0000] "GET /media/wysiwyg/xerox.jpg HTTP/1.1" 200 7604 "https://www.choicestationery.com/" "Mozilla/5.0 (Windows NT 6.3; WOW64) AppleWebKit/537.36 (KHTML, like Gecko) Chrome/55.0.2883.87 Safari/537.36"
2.97.72.144 - - [06/Jan/2017:00:30:47 +0000] "GET /skin/frontend/default/choice/css/print.css HTTP/1.1" 200 727 "https://www.choicestationery.com/" "Mozilla/5.0 (Windows NT 6.3; WOW64) AppleWebKit/537.36 (KHTML, like Gecko) Chrome/55.0.2883.87 Safari/537.36"
2.97.72.144 - - [06/Jan/2017:00:30:47 +0000] "GET /skin/frontend/default/choice/images/shipping-img.png HTTP/1.1" 200 3143 "https://www.choicestationery.com/" "Mozilla/5.0 (Windows NT 6.3; WOW64) AppleWebKit/537.36 (KHTML, like Gecko) Chrome/55.0.2883.87 Safari/537.36"
2.97.72.144 - - [06/Jan/2017:00:30:47 +0000] "GET /skin/frontend/default/choice/images/mgt_lazy_image_loader/loader.gif HTTP/1.1" 200 11072 "https://www.choicestationery.com/" "Mozilla/5.0 (Windows NT 6.3; WOW64) AppleWebKit/537.36 (KHTML, like Gecko) Chrome/55.0.2883.87 Safari/537.36"
2.97.72.144 - - [06/Jan/2017:00:30:47 +0000] "GET /skin/frontend/default/choice/images/add-to-basket-img.png HTTP/1.1" 200 1135 "https://www.choicestationery.com/" "Mozilla/5.0 (Windows NT 6.3; WOW64) AppleWebKit/537.36 (KHTML, like Gecko) Chrome/55.0.2883.87 Safari/537.36"
2.97.72.144 - - [06/Jan/2017:00:30:48 +0000] "GET /js/prototype/prototype.js HTTP/1.1" 200 37294 "https://www.choicestationery.com/" "Mozilla/5.0 (Windows NT 6.3; WOW64) AppleWebKit/537.36 (KHTML, like Gecko) Chrome/55.0.2883.87 Safari/537.36"
2.97.72.144 - - [06/Jan/2017:00:30:48 +0000] "GET /js/lib/ccard.js HTTP/1.1" 200 437 "https://www.choicestationery.com/" "Mozilla/5.0 (Windows NT 6.3; WOW64) AppleWebKit/537.36 (KHTML, like Gecko) Chrome/55.0.2883.87 Safari/537.36"
2.97.72.144 - - [06/Jan/2017:00:30:48 +0000] "GET /js/prototype/validation.js HTTP/1.1" 200 9103 "https://www.choicestationery.com/" "Mozilla/5.0 (Windows NT 6.3; WOW64) AppleWebKit/537.36 (KHTML, like Gecko) Chrome/55.0.2883.87 Safari/537.36"
2.97.72.144 - - [06/Jan/2017:00:30:48 +0000] "GET /js/scriptaculous/builder.js HTTP/1.1" 200 1841 "https://www.choicestationery.com/" "Mozilla/5.0 (Windows NT 6.3; WOW64) AppleWebKit/537.36 (KHTML, like Gecko) Chrome/55.0.2883.87 Safari/537.36"
2.97.72.144 - - [06/Jan/2017:00:30:48 +0000] "GET /js/scriptaculous/effects.js HTTP/1.1" 200 8775 "https://www.choicestationery.com/" "Mozilla/5.0 (Windows NT 6.3; WOW64) AppleWebKit/537.36 (KHTML, like Gecko) Chrome/55.0.2883.87 Safari/537.36"
2.97.72.144 - - [06/Jan/2017:00:30:48 +0000] "GET /js/scriptaculous/dragdrop.js HTTP/1.1" 200 7528 "https://www.choicestationery.com/" "Mozilla/5.0 (Windows NT 6.3; WOW64) AppleWebKit/537.36 (KHTML, like Gecko) Chrome/55.0.2883.87 Safari/537.36"
2.97.72.144 - - [06/Jan/2017:00:30:48 +0000] "GET /js/scriptaculous/controls.js HTTP/1.1" 200 9030 "https://www.choicestationery.com/" "Mozilla/5.0 (Windows NT 6.3; WOW64) AppleWebKit/537.36 (KHTML, like Gecko) Chrome/55.0.2883.87 Safari/537.36"
2.97.72.144 - - [06/Jan/2017:00:30:48 +0000] "GET /js/scriptaculous/slider.js HTTP/1.1" 200 2696 "https://www.choicestationery.com/" "Mozilla/5.0 (Windows NT 6.3; WOW64) AppleWebKit/537.36 (KHTML, like Gecko) Chrome/55.0.2883.87 Safari/537.36"
2.97.72.144 - - [06/Jan/2017:00:30:48 +0000] "GET /js/varien/js.js HTTP/1.1" 200 6323 "https://www.choicestationery.com/" "Mozilla/5.0 (Windows NT 6.3; WOW64) AppleWebKit/537.36 (KHTML, like Gecko) Chrome/55.0.2883.87 Safari/537.36"
2.97.72.144 - - [06/Jan/2017:00:30:48 +0000] "GET /skin/frontend/default/choice/fonts/glyphicons-halflings-regular.woff2 HTTP/1.1" 200 18028 "https://www.choicestationery.com/skin/frontend/default/choice/css/bootstrap.min.css" "Mozilla/5.0 (Windows NT 6.3; WOW64) AppleWebKit/537.36 (KHTML, like Gecko) Chrome/55.0.2883.87 Safari/537.36"
66.249.76.116 - - [06/Jan/2017:00:30:48 +0000] "GET /skin/frontend/base/default/css/amlist.css HTTP/1.1" 200 227 "https://www.choicestationery.com/" "Mozilla/5.0 (compatible; Googlebot/2.1; +http://www.google.com/bot.html)"
2.97.72.144 - - [06/Jan/2017:00:30:48 +0000] "GET /skin/frontend/default/choice/fonts/fontawesome-webfont.woff2?v=4.3.0 HTTP/1.1" 200 56780 "https://www.choicestationery.com/skin/frontend/default/choice/css/font-awesome.min.css" "Mozilla/5.0 (Windows NT 6.3; WOW64) AppleWebKit/537.36 (KHTML, like Gecko) Chrome/55.0.2883.87 Safari/537.36"
2.97.72.144 - - [06/Jan/2017:00:30:48 +0000] "GET /js/varien/form.js HTTP/1.1" 200 3185 "https://www.choicestationery.com/" "Mozilla/5.0 (Windows NT 6.3; WOW64) AppleWebKit/537.36 (KHTML, like Gecko) Chrome/55.0.2883.87 Safari/537.36"
2.97.72.144 - - [06/Jan/2017:00:30:48 +0000] "GET /js/mage/translate.js HTTP/1.1" 200 738 "https://www.choicestationery.com/" "Mozilla/5.0 (Windows NT 6.3; WOW64) AppleWebKit/537.36 (KHTML, like Gecko) Chrome/55.0.2883.87 Safari/537.36"
2.97.72.144 - - [06/Jan/2017:00:30:48 +0000] "GET /js/mage/cookies.js HTTP/1.1" 200 1055 "https://www.choicestationery.com/" "Mozilla/5.0 (Windows NT 6.3; WOW64) AppleWebKit/537.36 (KHTML, like Gecko) Chrome/55.0.2883.87 Safari/537.36"
2.97.72.144 - - [06/Jan/2017:00:30:48 +0000] "GET /js/ecommage/css3-multi-column.js HTTP/1.1" 200 10292 "https://www.choicestationery.com/" "Mozilla/5.0 (Windows NT 6.3; WOW64) AppleWebKit/537.36 (KHTML, like Gecko) Chrome/55.0.2883.87 Safari/537.36"
2.97.72.144 - - [06/Jan/2017:00:30:48 +0000] "GET /js/aw_ajaxcartpro/ajaxcartpro.js HTTP/1.1" 200 5727 "https://www.choicestationery.com/" "Mozilla/5.0 (Windows NT 6.3; WOW64) AppleWebKit/537.36 (KHTML, like Gecko) Chrome/55.0.2883.87 Safari/537.36"
2.97.72.144 - - [06/Jan/2017:00:30:48 +0000] "GET /js/aw_ajaxcartpro/updaters/cart.js HTTP/1.1" 200 557 "https://www.choicestationery.com/" "Mozilla/5.0 (Windows NT 6.3; WOW64) AppleWebKit/537.36 (KHTML, like Gecko) Chrome/55.0.2883.87 Safari/537.36"
2.97.72.144 - - [06/Jan/2017:00:30:48 +0000] "GET /js/aw_ajaxcartpro/updaters/sidebar.js HTTP/1.1" 200 450 "https://www.choicestationery.com/" "Mozilla/5.0 (Windows NT 6.3; WOW64) AppleWebKit/537.36 (KHTML, like Gecko) Chrome/55.0.2883.87 Safari/537.36"
2.97.72.144 - - [06/Jan/2017:00:30:48 +0000] "GET /js/aw_ajaxcartpro/updaters/topLinks.js HTTP/1.1" 200 243 "https://www.choicestationery.com/" "Mozilla/5.0 (Windows NT 6.3; WOW64) AppleWebKit/537.36 (KHTML, like Gecko) Chrome/55.0.2883.87 Safari/537.36"
2.97.72.144 - - [06/Jan/2017:00:30:48 +0000] "GET /js/aw_ajaxcartpro/updaters/skipLinks.js HTTP/1.1" 200 635 "https://www.choicestationery.com/" "Mozilla/5.0 (Windows NT 6.3; WOW64) AppleWebKit/537.36 (KHTML, like Gecko) Chrome/55.0.2883.87 Safari/537.36"
2.97.72.144 - - [06/Jan/2017:00:30:48 +0000] "GET /js/aw_ajaxcartpro/updaters/options.js HTTP/1.1" 200 374 "https://www.choicestationery.com/" "Mozilla/5.0 (Windows NT 6.3; WOW64) AppleWebKit/537.36 (KHTML, like Gecko) Chrome/55.0.2883.87 Safari/537.36"
2.97.72.144 - - [06/Jan/2017:00:30:48 +0000] "GET /js/aw_ajaxcartpro/updaters/wishlist.js HTTP/1.1" 200 570 "https://www.choicestationery.com/" "Mozilla/5.0 (Windows NT 6.3; WOW64) AppleWebKit/537.36 (KHTML, like Gecko) Chrome/55.0.2883.87 Safari/537.36"
2.97.72.144 - - [06/Jan/2017:00:30:48 +0000] "GET /js/aw_ajaxcartpro/updaters/miniWishlist.js HTTP/1.1" 200 224 "https://www.choicestationery.com/" "Mozilla/5.0 (Windows NT 6.3; WOW64) AppleWebKit/537.36 (KHTML, like Gecko) Chrome/55.0.2883.87 Safari/537.36"
2.97.72.144 - - [06/Jan/2017:00:30:48 +0000] "GET /js/aw_ajaxcartpro/updaters/addProductConfirmation.js HTTP/1.1" 200 213 "https://www.choicestationery.com/" "Mozilla/5.0 (Windows NT 6.3; WOW64) AppleWebKit/537.36 (KHTML, like Gecko) Chrome/55.0.2883.87 Safari/537.36"
2.97.72.144 - - [06/Jan/2017:00:30:48 +0000] "GET /js/aw_ajaxcartpro/updaters/removeProductConfirmation.js HTTP/1.1" 200 215 "https://www.choicestationery.com/" "Mozilla/5.0 (Windows NT 6.3; WOW64) AppleWebKit/537.36 (KHTML, like Gecko) Chrome/55.0.2883.87 Safari/537.36"
2.97.72.144 - - [06/Jan/2017:00:30:48 +0000] "GET /js/aw_ajaxcartpro/observers/clickOnButtonInCartPageForm.js HTTP/1.1" 200 690 "https://www.choicestationery.com/" "Mozilla/5.0 (Windows NT 6.3; WOW64) AppleWebKit/537.36 (KHTML, like Gecko) Chrome/55.0.2883.87 Safari/537.36"
2.97.72.144 - - [06/Jan/2017:00:30:48 +0000] "GET /js/aw_ajaxcartpro/observers/clickOnAddToCartInCategoryList.js HTTP/1.1" 200 618 "https://www.choicestationery.com/" "Mozilla/5.0 (Windows NT 6.3; WOW64) AppleWebKit/537.36 (KHTML, like Gecko) Chrome/55.0.2883.87 Safari/537.36"
2.97.72.144 - - [06/Jan/2017:00:30:48 +0000] "GET /js/aw_ajaxcartpro/observers/clickOnAddToCartInOptionsPopup.js HTTP/1.1" 200 485 "https://www.choicestationery.com/" "Mozilla/5.0 (Windows NT 6.3; WOW64) AppleWebKit/537.36 (KHTML, like Gecko) Chrome/55.0.2883.87 Safari/537.36"
2.97.72.144 - - [06/Jan/2017:00:30:48 +0000] "GET /js/aw_ajaxcartpro/observers/clickOnAddToCartInProductPage.js HTTP/1.1" 200 698 "https://www.choicestationery.com/" "Mozilla/5.0 (Windows NT 6.3; WOW64) AppleWebKit/537.36 (KHTML, like Gecko) Chrome/55.0.2883.87 Safari/537.36"
2.97.72.144 - - [06/Jan/2017:00:30:48 +0000] "GET /js/aw_ajaxcartpro/observers/clickOnDeleteFromCart.js HTTP/1.1" 200 630 "https://www.choicestationery.com/" "Mozilla/5.0 (Windows NT 6.3; WOW64) AppleWebKit/537.36 (KHTML, like Gecko) Chrome/55.0.2883.87 Safari/537.36"
2.97.72.144 - - [06/Jan/2017:00:30:48 +0000] "GET /js/aw_ajaxcartpro/observers/clickOnAddToCartInMiniWishlist.js HTTP/1.1" 200 614 "https://www.choicestationery.com/" "Mozilla/5.0 (Windows NT 6.3; WOW64) AppleWebKit/537.36 (KHTML, like Gecko) Chrome/55.0.2883.87 Safari/537.36"
2.97.72.144 - - [06/Jan/2017:00:30:48 +0000] "GET /js/varien/product.js HTTP/1.1" 200 5937 "https://www.choicestationery.com/" "Mozilla/5.0 (Windows NT 6.3; WOW64) AppleWebKit/537.36 (KHTML, like Gecko) Chrome/55.0.2883.87 Safari/537.36"
2.97.72.144 - - [06/Jan/2017:00:30:48 +0000] "GET /js/aw_ajaxcartpro/product.js HTTP/1.1" 200 2163 "https://www.choicestationery.com/" "Mozilla/5.0 (Windows NT 6.3; WOW64) AppleWebKit/537.36 (KHTML, like Gecko) Chrome/55.0.2883.87 Safari/537.36"
2.97.72.144 - - [06/Jan/2017:00:30:48 +0000] "GET /js/amasty/amfinder/finder.js HTTP/1.1" 200 1366 "https://www.choicestationery.com/" "Mozilla/5.0 (Windows NT 6.3; WOW64) AppleWebKit/537.36 (KHTML, like Gecko) Chrome/55.0.2883.87 Safari/537.36"
2.97.72.144 - - [06/Jan/2017:00:30:48 +0000] "GET /js/ebizmarts/mailchimp/campaignCatcher.js HTTP/1.1" 200 328 "https://www.choicestationery.com/" "Mozilla/5.0 (Windows NT 6.3; WOW64) AppleWebKit/537.36 (KHTML, like Gecko) Chrome/55.0.2883.87 Safari/537.36"
2.97.72.144 - - [06/Jan/2017:00:30:48 +0000] "GET /js/mirasvit/core/jquery.min.js HTTP/1.1" 200 33467 "https://www.choicestationery.com/" "Mozilla/5.0 (Windows NT 6.3; WOW64) AppleWebKit/537.36 (KHTML, like Gecko) Chrome/55.0.2883.87 Safari/537.36"
2.97.72.144 - - [06/Jan/2017:00:30:48 +0000] "GET /js/mirasvit/core/underscore.js HTTP/1.1" 200 4585 "https://www.choicestationery.com/" "Mozilla/5.0 (Windows NT 6.3; WOW64) AppleWebKit/537.36 (KHTML, like Gecko) Chrome/55.0.2883.87 Safari/537.36"
2.97.72.144 - - [06/Jan/2017:00:30:48 +0000] "GET /js/mirasvit/core/backbone.js HTTP/1.1" 200 5786 "https://www.choicestationery.com/" "Mozilla/5.0 (Windows NT 6.3; WOW64) AppleWebKit/537.36 (KHTML, like Gecko) Chrome/55.0.2883.87 Safari/537.36"
2.97.72.144 - - [06/Jan/2017:00:30:48 +0000] "GET /js/mirasvit/code/searchautocomplete/form.js HTTP/1.1" 200 454 "https://www.choicestationery.com/" "Mozilla/5.0 (Windows NT 6.3; WOW64) AppleWebKit/537.36 (KHTML, like Gecko) Chrome/55.0.2883.87 Safari/537.36"
2.97.72.144 - - [06/Jan/2017:00:30:48 +0000] "GET /js/mirasvit/code/searchautocomplete/autocomplete.js HTTP/1.1" 200 1854 "https://www.choicestationery.com/" "Mozilla/5.0 (Windows NT 6.3; WOW64) AppleWebKit/537.36 (KHTML, like Gecko) Chrome/55.0.2883.87 Safari/537.36"
2.97.72.144 - - [06/Jan/2017:00:30:48 +0000] "GET /js/aw_afptc/popup.js HTTP/1.1" 200 918 "https://www.choicestationery.com/" "Mozilla/5.0 (Windows NT 6.3; WOW64) AppleWebKit/537.36 (KHTML, like Gecko) Chrome/55.0.2883.87 Safari/537.36"
2.97.72.144 - - [06/Jan/2017:00:30:48 +0000] "GET /skin/frontend/default/choice/js/bootstrap.js HTTP/1.1" 200 10601 "https://www.choicestationery.com/" "Mozilla/5.0 (Windows NT 6.3; WOW64) AppleWebKit/537.36 (KHTML, like Gecko) Chrome/55.0.2883.87 Safari/537.36"
2.97.72.144 - - [06/Jan/2017:00:30:48 +0000] "GET /skin/frontend/base/default/js/bundle.js HTTP/1.1" 200 2310 "https://www.choicestationery.com/" "Mozilla/5.0 (Windows NT 6.3; WOW64) AppleWebKit/537.36 (KHTML, like Gecko) Chrome/55.0.2883.87 Safari/537.36"
2.97.72.144 - - [06/Jan/2017:00:30:48 +0000] "GET /skin/frontend/default/choice/js/noconflict.js HTTP/1.1" 200 568 "https://www.choicestationery.com/" "Mozilla/5.0 (Windows NT 6.3; WOW64) AppleWebKit/537.36 (KHTML, like Gecko) Chrome/55.0.2883.87 Safari/537.36"
2.97.72.144 - - [06/Jan/2017:00:30:48 +0000] "GET /skin/frontend/default/choice/js/jquery.easing.1.3.js HTTP/1.1" 200 1998 "https://www.choicestationery.com/" "Mozilla/5.0 (Windows NT 6.3; WOW64) AppleWebKit/537.36 (KHTML, like Gecko) Chrome/55.0.2883.87 Safari/537.36"
2.97.72.144 - - [06/Jan/2017:00:30:48 +0000] "GET /skin/frontend/default/choice/js/html5.js HTTP/1.1" 200 1246 "https://www.choicestationery.com/" "Mozilla/5.0 (Windows NT 6.3; WOW64) AppleWebKit/537.36 (KHTML, like Gecko) Chrome/55.0.2883.87 Safari/537.36"
207.46.13.74 - - [06/Jan/2017:00:30:48 +0000] "GET /office-supplies/desktop-accessories/staplers-removers/miscellaneous.html HTTP/1.1" 302 0 "-" "Mozilla/5.0 (compatible; bingbot/2.0; +http://www.bing.com/bingbot.htm)"
2.97.72.144 - - [06/Jan/2017:00:30:48 +0000] "GET /skin/frontend/default/default/js/lightbox.js HTTP/1.1" 200 4806 "https://www.choicestationery.com/" "Mozilla/5.0 (Windows NT 6.3; WOW64) AppleWebKit/537.36 (KHTML, like Gecko) Chrome/55.0.2883.87 Safari/537.36"
2.97.72.144 - - [06/Jan/2017:00:30:48 +0000] "GET /skin/frontend/default/choice/js/jquery-ui.min.js HTTP/1.1" 200 60463 "https://www.choicestationery.com/" "Mozilla/5.0 (Windows NT 6.3; WOW64) AppleWebKit/537.36 (KHTML, like Gecko) Chrome/55.0.2883.87 Safari/537.36"
2.97.72.144 - - [06/Jan/2017:00:30:48 +0000] "GET /skin/frontend/default/choice/js/jquery.elevateZoom-3.0.8.min.js HTTP/1.1" 200 6219 "https://www.choicestationery.com/" "Mozilla/5.0 (Windows NT 6.3; WOW64) AppleWebKit/537.36 (KHTML, like Gecko) Chrome/55.0.2883.87 Safari/537.36"
2.97.72.144 - - [06/Jan/2017:00:30:48 +0000] "GET /skin/frontend/default/choice/js/jquery.selectbox-0.2.min.js HTTP/1.1" 200 2777 "https://www.choicestationery.com/" "Mozilla/5.0 (Windows NT 6.3; WOW64) AppleWebKit/537.36 (KHTML, like Gecko) Chrome/55.0.2883.87 Safari/537.36"
2.97.72.144 - - [06/Jan/2017:00:30:48 +0000] "GET /skin/frontend/default/choice/js/owl.carousel.js HTTP/1.1" 200 8700 "https://www.choicestationery.com/" "Mozilla/5.0 (Windows NT 6.3; WOW64) AppleWebKit/537.36 (KHTML, like Gecko) Chrome/55.0.2883.87 Safari/537.36"
2.97.72.144 - - [06/Jan/2017:00:30:48 +0000] "GET /skin/frontend/default/choice/js/superfish.js HTTP/1.1" 200 1523 "https://www.choicestationery.com/" "Mozilla/5.0 (Windows NT 6.3; WOW64) AppleWebKit/537.36 (KHTML, like Gecko) Chrome/55.0.2883.87 Safari/537.36"
2.97.72.144 - - [06/Jan/2017:00:30:48 +0000] "GET /skin/frontend/default/choice/js/scripts.js HTTP/1.1" 200 2325 "https://www.choicestationery.com/" "Mozilla/5.0 (Windows NT 6.3; WOW64) AppleWebKit/537.36 (KHTML, like Gecko) Chrome/55.0.2883.87 Safari/537.36"
2.97.72.144 - - [06/Jan/2017:00:30:48 +0000] "GET /skin/frontend/default/choice/js/jquery.jcarousel.min.js HTTP/1.1" 200 4496 "https://www.choicestationery.com/" "Mozilla/5.0 (Windows NT 6.3; WOW64) AppleWebKit/537.36 (KHTML, like Gecko) Chrome/55.0.2883.87 Safari/537.36"
2.97.72.144 - - [06/Jan/2017:00:30:48 +0000] "GET /skin/frontend/default/choice/js/jquery.iosslider.min.js HTTP/1.1" 200 8507 "https://www.choicestationery.com/" "Mozilla/5.0 (Windows NT 6.3; WOW64) AppleWebKit/537.36 (KHTML, like Gecko) Chrome/55.0.2883.87 Safari/537.36"
2.97.72.144 - - [06/Jan/2017:00:30:48 +0000] "GET /skin/frontend/default/choice/js/jquery.cycle2.swipe.min.js HTTP/1.1" 200 553 "https://www.choicestationery.com/" "Mozilla/5.0 (Windows NT 6.3; WOW64) AppleWebKit/537.36 (KHTML, like Gecko) Chrome/55.0.2883.87 Safari/537.36"
2.97.72.144 - - [06/Jan/2017:00:30:48 +0000] "GET /skin/frontend/default/choice/js/mgt_lazy_image_loader/lazy-image-loader.js HTTP/1.1" 200 1602 "https://www.choicestationery.com/" "Mozilla/5.0 (Windows NT 6.3; WOW64) AppleWebKit/537.36 (KHTML, like Gecko) Chrome/55.0.2883.87 Safari/537.36"
2.97.72.144 - - [06/Jan/2017:00:30:48 +0000] "GET /skin/frontend/default/choice/js/mgt_lazy_image_loader/common.js HTTP/1.1" 200 202 "https://www.choicestationery.com/" "Mozilla/5.0 (Windows NT 6.3; WOW64) AppleWebKit/537.36 (KHTML, like Gecko) Chrome/55.0.2883.87 Safari/537.36"
2.97.72.144 - - [06/Jan/2017:00:30:48 +0000] "GET /js/megamenu/megamenu.js HTTP/1.1" 200 1110 "https://www.choicestationery.com/" "Mozilla/5.0 (Windows NT 6.3; WOW64) AppleWebKit/537.36 (KHTML, like Gecko) Chrome/55.0.2883.87 Safari/537.36"
2.97.72.144 - - [06/Jan/2017:00:30:48 +0000] "GET /skin/frontend/default/choice/js/jquery.cycle2.min.js HTTP/1.1" 200 6893 "https://www.choicestationery.com/" "Mozilla/5.0 (Windows NT 6.3; WOW64) AppleWebKit/537.36 (KHTML, like Gecko) Chrome/55.0.2883.87 Safari/537.36"
2.97.72.144 - - [06/Jan/2017:00:30:47 +0000] "GET /media/banner/printer_supplies_banner.jpg HTTP/1.1" 200 16182 "https://www.choicestationery.com/" "Mozilla/5.0 (Windows NT 6.3; WOW64) AppleWebKit/537.36 (KHTML, like Gecko) Chrome/55.0.2883.87 Safari/537.36"
2.97.72.144 - - [06/Jan/2017:00:30:48 +0000] "GET /media/tipped-tipped.gif HTTP/1.1" 200 943 "https://www.choicestationery.com/" "Mozilla/5.0 (Windows NT 6.3; WOW64) AppleWebKit/537.36 (KHTML, like Gecko) Chrome/55.0.2883.87 Safari/537.36"
2.97.72.144 - - [06/Jan/2017:00:30:48 +0000] "GET /skin/frontend/default/choice/images/contact.png HTTP/1.1" 200 1712 "https://www.choicestationery.com/skin/frontend/default/choice/css/style.css" "Mozilla/5.0 (Windows NT 6.3; WOW64) AppleWebKit/537.36 (KHTML, like Gecko) Chrome/55.0.2883.87 Safari/537.36"
2.97.72.144 - - [06/Jan/2017:00:30:48 +0000] "GET /skin/frontend/default/choice/images/help.png HTTP/1.1" 200 1502 "https://www.choicestationery.com/skin/frontend/default/choice/css/style.css" "Mozilla/5.0 (Windows NT 6.3; WOW64) AppleWebKit/537.36 (KHTML, like Gecko) Chrome/55.0.2883.87 Safari/537.36"
2.97.72.144 - - [06/Jan/2017:00:30:48 +0000] "GET /skin/frontend/base/default/images/mirasvit/sprite.png HTTP/1.1" 200 1368 "https://www.choicestationery.com/skin/frontend/base/default/css/mirasvit/searchautocomplete/default.css" "Mozilla/5.0 (Windows NT 6.3; WOW64) AppleWebKit/537.36 (KHTML, like Gecko) Chrome/55.0.2883.87 Safari/537.36"
2.97.72.144 - - [06/Jan/2017:00:30:47 +0000] "GET /media/slider/jsale.jpg HTTP/1.1" 200 32461 "https://www.choicestationery.com/" "Mozilla/5.0 (Windows NT 6.3; WOW64) AppleWebKit/537.36 (KHTML, like Gecko) Chrome/55.0.2883.87 Safari/537.36"
2.97.72.144 - - [06/Jan/2017:00:30:47 +0000] "GET /media/slider/januarysale.jpg HTTP/1.1" 200 30918 "https://www.choicestationery.com/" "Mozilla/5.0 (Windows NT 6.3; WOW64) AppleWebKit/537.36 (KHTML, like Gecko) Chrome/55.0.2883.87 Safari/537.36"
2.97.72.144 - - [06/Jan/2017:00:30:48 +0000] "GET /skin/frontend/default/choice/images/arrow.png HTTP/1.1" 200 223 "https://www.choicestationery.com/skin/frontend/default/choice/css/style.css" "Mozilla/5.0 (Windows NT 6.3; WOW64) AppleWebKit/537.36 (KHTML, like Gecko) Chrome/55.0.2883.87 Safari/537.36"
2.97.72.144 - - [06/Jan/2017:00:30:48 +0000] "GET /skin/frontend/default/choice/images/order-bg.png HTTP/1.1" 200 1723 "https://www.choicestationery.com/skin/frontend/default/choice/css/style.css" "Mozilla/5.0 (Windows NT 6.3; WOW64) AppleWebKit/537.36 (KHTML, like Gecko) Chrome/55.0.2883.87 Safari/537.36"
81.133.157.252 - - [06/Jan/2017:00:30:48 +0000] "POST /autodiscover/autodiscover.xml HTTP/1.1" 400 48 "-" "Microsoft Office/16.0 (Windows NT 6.1; Microsoft Outlook 16.0.7571; Pro)"
2.97.72.144 - - [06/Jan/2017:00:30:48 +0000] "GET /media/wysiwyg/payment-option-3.png HTTP/1.1" 200 11097 "https://www.choicestationery.com/" "Mozilla/5.0 (Windows NT 6.3; WOW64) AppleWebKit/537.36 (KHTML, like Gecko) Chrome/55.0.2883.87 Safari/537.36"
2.97.72.144 - - [06/Jan/2017:00:30:48 +0000] "GET /skin/frontend/base/default/ajaxcartpro/images/al.gif HTTP/1.1" 200 10819 "https://www.choicestationery.com/" "Mozilla/5.0 (Windows NT 6.3; WOW64) AppleWebKit/537.36 (KHTML, like Gecko) Chrome/55.0.2883.87 Safari/537.36"
2.97.72.144 - - [06/Jan/2017:00:30:48 +0000] "GET /skin/frontend/default/choice/images/sprite.png HTTP/1.1" 200 11235 "https://www.choicestationery.com/skin/frontend/default/choice/css/style.css" "Mozilla/5.0 (Windows NT 6.3; WOW64) AppleWebKit/537.36 (KHTML, like Gecko) Chrome/55.0.2883.87 Safari/537.36"
66.249.76.116 - - [06/Jan/2017:00:30:48 +0000] "GET /skin/frontend/default/choice/css/flint_feefo.css HTTP/1.1" 200 182 "https://www.choicestationery.com/" "Mozilla/5.0 (compatible; Googlebot/2.1; +http://www.google.com/bot.html)"
2.97.72.144 - - [06/Jan/2017:00:30:47 +0000] "GET /media/slider/banner2.jpg HTTP/1.1" 200 55582 "https://www.choicestationery.com/" "Mozilla/5.0 (Windows NT 6.3; WOW64) AppleWebKit/537.36 (KHTML, like Gecko) Chrome/55.0.2883.87 Safari/537.36"
2.97.72.144 - - [06/Jan/2017:00:30:47 +0000] "GET /media/slider/banner4.jpg HTTP/1.1" 200 58964 "https://www.choicestationery.com/" "Mozilla/5.0 (Windows NT 6.3; WOW64) AppleWebKit/537.36 (KHTML, like Gecko) Chrome/55.0.2883.87 Safari/537.36"
2.97.72.144 - - [06/Jan/2017:00:30:47 +0000] "GET /media/wysiwyg/ad-3-img.png HTTP/1.1" 200 45674 "https://www.choicestationery.com/" "Mozilla/5.0 (Windows NT 6.3; WOW64) AppleWebKit/537.36 (KHTML, like Gecko) Chrome/55.0.2883.87 Safari/537.36"
2.97.72.144 - - [06/Jan/2017:00:30:48 +0000] "GET /media/wysiwyg/payment-option-1.png HTTP/1.1" 200 27230 "https://www.choicestationery.com/" "Mozilla/5.0 (Windows NT 6.3; WOW64) AppleWebKit/537.36 (KHTML, like Gecko) Chrome/55.0.2883.87 Safari/537.36"
2.97.72.144 - - [06/Jan/2017:00:30:48 +0000] "GET /media/wysiwyg/payment-option-2.png HTTP/1.1" 200 23891 "https://www.choicestationery.com/" "Mozilla/5.0 (Windows NT 6.3; WOW64) AppleWebKit/537.36 (KHTML, like Gecko) Chrome/55.0.2883.87 Safari/537.36"
2.97.72.144 - - [06/Jan/2017:00:30:48 +0000] "GET /media/wysiwyg/payment-option-4.png HTTP/1.1" 200 21368 "https://www.choicestationery.com/" "Mozilla/5.0 (Windows NT 6.3; WOW64) AppleWebKit/537.36 (KHTML, like Gecko) Chrome/55.0.2883.87 Safari/537.36"
2.97.72.144 - - [06/Jan/2017:00:30:47 +0000] "GET /media/wysiwyg/ad-1-img.png HTTP/1.1" 200 67961 "https://www.choicestationery.com/" "Mozilla/5.0 (Windows NT 6.3; WOW64) AppleWebKit/537.36 (KHTML, like Gecko) Chrome/55.0.2883.87 Safari/537.36"
2.97.72.144 - - [06/Jan/2017:00:30:47 +0000] "GET /media/wysiwyg/ad-4-img.png HTTP/1.1" 200 67137 "https://www.choicestationery.com/" "Mozilla/5.0 (Windows NT 6.3; WOW64) AppleWebKit/537.36 (KHTML, like Gecko) Chrome/55.0.2883.87 Safari/537.36"
2.97.72.144 - - [06/Jan/2017:00:30:47 +0000] "GET /media/wysiwyg/ad-2-img.png HTTP/1.1" 200 89249 "https://www.choicestationery.com/" "Mozilla/5.0 (Windows NT 6.3; WOW64) AppleWebKit/537.36 (KHTML, like Gecko) Chrome/55.0.2883.87 Safari/537.36"
2.97.72.144 - - [06/Jan/2017:00:30:48 +0000] "GET /skin/frontend/default/default/images/mgt_lazy_image_loader/loader.gif HTTP/1.1" 200 11072 "https://www.choicestationery.com/" "Mozilla/5.0 (Windows NT 6.3; WOW64) AppleWebKit/537.36 (KHTML, like Gecko) Chrome/55.0.2883.87 Safari/537.36"
2.97.72.144 - - [06/Jan/2017:00:30:48 +0000] "GET /skin/frontend/default/default/images/lightbox/loading.gif HTTP/1.1" 200 2767 "https://www.choicestationery.com/" "Mozilla/5.0 (Windows NT 6.3; WOW64) AppleWebKit/537.36 (KHTML, like Gecko) Chrome/55.0.2883.87 Safari/537.36"
2.97.72.144 - - [06/Jan/2017:00:30:48 +0000] "GET /skin/frontend/default/default/images/lightbox/closelabel.gif HTTP/1.1" 200 979 "https://www.choicestationery.com/" "Mozilla/5.0 (Windows NT 6.3; WOW64) AppleWebKit/537.36 (KHTML, like Gecko) Chrome/55.0.2883.87 Safari/537.36"
2.97.72.144 - - [06/Jan/2017:00:30:48 +0000] "GET /skin/frontend/default/choice/images/salebanner.jpg HTTP/1.1" 200 265341 "https://www.choicestationery.com/" "Mozilla/5.0 (Windows NT 6.3; WOW64) AppleWebKit/537.36 (KHTML, like Gecko) Chrome/55.0.2883.87 Safari/537.36"
2.97.72.144 - - [06/Jan/2017:00:30:48 +0000] "GET /awafptc/cart/getPopupHtml/ HTTP/1.1" 200 34 "https://www.choicestationery.com/" "Mozilla/5.0 (Windows NT 6.3; WOW64) AppleWebKit/537.36 (KHTML, like Gecko) Chrome/55.0.2883.87 Safari/537.36"
66.249.76.116 - - [06/Jan/2017:00:30:49 +0000] "GET /skin/frontend/base/default/css/mirasvit/searchautocomplete/default.css HTTP/1.1" 200 1079 "https://www.choicestationery.com/" "Mozilla/5.0 (compatible; Googlebot/2.1; +http://www.google.com/bot.html)"
66.249.69.218 - - [06/Jan/2017:00:30:49 +0000] "GET /skin/frontend/default/choice/css/easylightbox.css HTTP/1.1" 200 669 "https://www.choicestationery.com/" "Mozilla/5.0 (compatible; Googlebot/2.1; +http://www.google.com/bot.html)"
112.210.233.49 - - [06/Jan/2017:00:30:48 +0000] "GET /customer/account/create/ HTTP/1.1" 200 426512 "https://www.choicestationery.com/customer/account/createpost/" "Mozilla/4.0 (compatible; MSIE 9.0; Windows NT 6.1)"
66.249.69.218 - - [06/Jan/2017:00:30:50 +0000] "GET /skin/frontend/default/choice/css/custom.css HTTP/1.1" 200 3209 "https://www.choicestationery.com/" "Mozilla/5.0 (compatible; Googlebot/2.1; +http://www.google.com/bot.html)"
2.97.72.144 - - [06/Jan/2017:00:30:50 +0000] "GET /media/favicon/default/favicon.ico HTTP/1.1" 200 2238 "https://www.choicestationery.com/" "Mozilla/5.0 (Windows NT 6.3; WOW64) AppleWebKit/537.36 (KHTML, like Gecko) Chrome/55.0.2883.87 Safari/537.36"
66.249.69.218 - - [06/Jan/2017:00:30:50 +0000] "GET /skin/frontend/base/default/css/aw_afptc/styles.css HTTP/1.1" 200 502 "https://www.choicestationery.com/" "Mozilla/5.0 (compatible; Googlebot/2.1; +http://www.google.com/bot.html)"
66.249.76.116 - - [06/Jan/2017:00:30:51 +0000] "GET /skin/frontend/base/default/megamenu/css/megamenulibrary.css HTTP/1.1" 200 6951 "https://www.choicestationery.com/" "Mozilla/5.0 (compatible; Googlebot/2.1; +http://www.google.com/bot.html)"
66.249.69.218 - - [06/Jan/2017:00:30:51 +0000] "GET /skin/frontend/base/default/megamenu/css/megamenu.css HTTP/1.1" 200 2089 "https://www.choicestationery.com/" "Mozilla/5.0 (compatible; Googlebot/2.1; +http://www.google.com/bot.html)"
66.249.76.116 - - [06/Jan/2017:00:30:52 +0000] "GET /skin/frontend/default/choice/css/font-awesome.min.css HTTP/1.1" 200 5545 "https://www.choicestationery.com/" "Mozilla/5.0 (compatible; Googlebot/2.1; +http://www.google.com/bot.html)"
2.97.72.144 - - [06/Jan/2017:00:30:52 +0000] "GET /skin/frontend/default/choice/images/contact-hover.png HTTP/1.1" 200 1656 "https://www.choicestationery.com/skin/frontend/default/choice/css/style.css" "Mozilla/5.0 (Windows NT 6.3; WOW64) AppleWebKit/537.36 (KHTML, like Gecko) Chrome/55.0.2883.87 Safari/537.36"
66.249.76.116 - - [06/Jan/2017:00:30:52 +0000] "GET /skin/frontend/default/choice/css/owl.carousel.css HTTP/1.1" 200 534 "https://www.choicestationery.com/" "Mozilla/5.0 (compatible; Googlebot/2.1; +http://www.google.com/bot.html)"
66.249.76.116 - - [06/Jan/2017:00:30:53 +0000] "GET /skin/frontend/default/choice/css/style.css HTTP/1.1" 200 20506 "https://www.choicestationery.com/" "Mozilla/5.0 (compatible; Googlebot/2.1; +http://www.google.com/bot.html)"
66.249.76.116 - - [06/Jan/2017:00:30:53 +0000] "GET /skin/frontend/base/default/sagepaysuite/css/sagePaySuite.css HTTP/1.1" 200 377 "https://www.choicestationery.com/" "Mozilla/5.0 (compatible; Googlebot/2.1; +http://www.google.com/bot.html)"
66.249.69.218 - - [06/Jan/2017:00:30:54 +0000] "GET /skin/frontend/default/choice/js/cycle2slider.css HTTP/1.1" 200 859 "https://www.choicestationery.com/" "Mozilla/5.0 (compatible; Googlebot/2.1; +http://www.google.com/bot.html)"
66.249.76.116 - - [06/Jan/2017:00:30:54 +0000] "GET /skin/frontend/default/choice/css/bootstrap.min.css HTTP/1.1" 200 19998 "https://www.choicestationery.com/" "Mozilla/5.0 (compatible; Googlebot/2.1; +http://www.google.com/bot.html)"
