66.249.76.116 - - [06/Jan/2017:00:30:55 +0000] "GET /skin/frontend/base/default/ajaxcartpro/css/styles.css HTTP/1.1" 200 1002 "https://www.choicestationery.com/" "Mozilla/5.0 (compatible; Googlebot/2.1; +http://www.google.com/bot.html)"
81.96.199.19 - - [06/Jan/2017:00:30:54 +0000] "GET / HTTP/1.1" 200 37731 "https://www.choicestationery.com/choice_rewards/" "Mozilla/5.0 (iPhone; CPU iPhone OS 10_2 like Mac OS X) AppleWebKit/602.3.12 (KHTML, like Gecko) Version/10.0 Mobile/14C92 Safari/602.1"
66.249.76.116 - - [06/Jan/2017:00:30:55 +0000] "GET /skin/frontend/default/choice/css/styles_edited.css HTTP/1.1" 200 17794 "https://www.choicestationery.com/" "Mozilla/5.0 (compatible; Googlebot/2.1; +http://www.google.com/bot.html)"
66.249.76.116 - - [06/Jan/2017:00:30:56 +0000] "GET /skin/frontend/default/choice/css/jquery.selectbox.css HTTP/1.1" 200 617 "https://www.choicestationery.com/" "Mozilla/5.0 (compatible; Googlebot/2.1; +http://www.google.com/bot.html)"
66.249.69.218 - - [06/Jan/2017:00:30:56 +0000] "GET /skin/frontend/base/default/css/widgets.css HTTP/1.1" 200 1235 "https://www.choicestationery.com/" "Mozilla/5.0 (compatible; Googlebot/2.1; +http://www.google.com/bot.html)"
81.133.157.252 - - [06/Jan/2017:00:30:56 +0000] "POST /autodiscover/autodiscover.xml HTTP/1.1" 400 48 "-" "Microsoft Office/16.0 (Windows NT 6.1; Microsoft Outlook 16.0.7571; Pro)"
66.249.69.218 - - [06/Jan/2017:00:30:57 +0000] "GET /awafptc/cart/getPopupHtml/ HTTP/1.1" 200 34 "https://www.choicestationery.com/" "Mozilla/5.0 (compatible; Googlebot/2.1; +http://www.google.com/bot.html)"
66.249.76.116 - - [06/Jan/2017:00:30:57 +0000] "GET /skin/frontend/default/choice/fonts/glyphicons-halflings-regular.woff HTTP/1.1" 200 23320 "https://www.choicestationery.com/" "Mozilla/5.0 (compatible; Googlebot/2.1; +http://www.google.com/bot.html)"
66.249.76.116 - - [06/Jan/2017:00:30:58 +0000] "GET /skin/frontend/base/default/megamenu/fonts/glyphicons-halflings-regular.woff HTTP/1.1" 200 23424 "https://www.choicestationery.com/" "Mozilla/5.0 (compatible; Googlebot/2.1; +http://www.google.com/bot.html)"
2.97.72.144 - - [06/Jan/2017:00:30:56 +0000] "GET /searchautocomplete/ajax/get/?q=des&cat=0 HTTP/1.1" 200 23512 "https://www.choicestationery.com/" "Mozilla/5.0 (Windows NT 6.3; WOW64) AppleWebKit/537.36 (KHTML, like Gecko) Chrome/55.0.2883.87 Safari/537.36"
2.97.72.144 - - [06/Jan/2017:00:30:58 +0000] "GET /media/catalog/product/cache/1/small_image/70x50/9df78eab33525d08d6e5fb8d27136e95/C/H/CH002BK.jpg HTTP/1.1" 200 1546 "https://www.choicestationery.com/" "Mozilla/5.0 (Windows NT 6.3; WOW64) AppleWebKit/537.36 (KHTML, like Gecko) Chrome/55.0.2883.87 Safari/537.36"
2.97.72.144 - - [06/Jan/2017:00:30:58 +0000] "GET /media/catalog/product/cache/1/small_image/70x50/9df78eab33525d08d6e5fb8d27136e95/placeholder/default/awaiting-image_1.jpg HTTP/1.1" 200 1419 "https://www.choicestationery.com/" "Mozilla/5.0 (Windows NT 6.3; WOW64) AppleWebKit/537.36 (KHTML, like Gecko) Chrome/55.0.2883.87 Safari/537.36"
2.97.72.144 - - [06/Jan/2017:00:30:58 +0000] "GET /media/catalog/product/cache/1/small_image/70x50/9df78eab33525d08d6e5fb8d27136e95/W/P/WPIT10I.jpg HTTP/1.1" 200 1387 "https://www.choicestationery.com/" "Mozilla/5.0 (Windows NT 6.3; WOW64) AppleWebKit/537.36 (KHTML, like Gecko) Chrome/55.0.2883.87 Safari/537.36"
2.97.72.144 - - [06/Jan/2017:00:30:58 +0000] "GET /media/catalog/product/cache/1/small_image/70x50/9df78eab33525d08d6e5fb8d27136e95/W/P/WPIT40I.jpg HTTP/1.1" 200 1624 "https://www.choicestationery.com/" "Mozilla/5.0 (Windows NT 6.3; WOW64) AppleWebKit/537.36 (KHTML, like Gecko) Chrome/55.0.2883.87 Safari/537.36"
2.97.72.144 - - [06/Jan/2017:00:30:58 +0000] "GET /media/catalog/product/cache/1/small_image/70x50/9df78eab33525d08d6e5fb8d27136e95/D/R/DR300BLUE.jpg HTTP/1.1" 200 2153 "https://www.choicestationery.com/" "Mozilla/5.0 (Windows NT 6.3; WOW64) AppleWebKit/537.36 (KHTML, like Gecko) Chrome/55.0.2883.87 Safari/537.36"
2.97.72.144 - - [06/Jan/2017:00:30:58 +0000] "GET /media/catalog/product/cache/1/small_image/70x50/9df78eab33525d08d6e5fb8d27136e95/9/7/9741639.jpg HTTP/1.1" 200 1438 "https://www.choicestationery.com/" "Mozilla/5.0 (Windows NT 6.3; WOW64) AppleWebKit/537.36 (KHTML, like Gecko) Chrome/55.0.2883.87 Safari/537.36"
2.97.72.144 - - [06/Jan/2017:00:30:58 +0000] "GET /media/catalog/product/cache/1/small_image/70x50/9df78eab33525d08d6e5fb8d27136e95/C/M/CMX451020.jpg HTTP/1.1" 200 1410 "https://www.choicestationery.com/" "Mozilla/5.0 (Windows NT 6.3; WOW64) AppleWebKit/537.36 (KHTML, like Gecko) Chrome/55.0.2883.87 Safari/537.36"
2.97.72.144 - - [06/Jan/2017:00:30:58 +0000] "GET /media/catalog/product/cache/1/small_image/70x50/9df78eab33525d08d6e5fb8d27136e95/9/7/9741635.jpg HTTP/1.1" 200 1702 "https://www.choicestationery.com/" "Mozilla/5.0 (Windows NT 6.3; WOW64) AppleWebKit/537.36 (KHTML, like Gecko) Chrome/55.0.2883.87 Safari/537.36"
2.97.72.144 - - [06/Jan/2017:00:30:58 +0000] "GET /media/catalog/product/cache/1/small_image/70x50/9df78eab33525d08d6e5fb8d27136e95/C/M/CMX451019.jpg HTTP/1.1" 200 1535 "https://www.choicestationery.com/" "Mozilla/5.0 (Windows NT 6.3; WOW64) AppleWebKit/537.36 (KHTML, like Gecko) Chrome/55.0.2883.87 Safari/537.36"
2.97.72.144 - - [06/Jan/2017:00:30:58 +0000] "GET /media/catalog/product/cache/1/small_image/70x50/9df78eab33525d08d6e5fb8d27136e95/E/D/EDU212.jpg HTTP/1.1" 200 1590 "https://www.choicestationery.com/" "Mozilla/5.0 (Windows NT 6.3; WOW64) AppleWebKit/537.36 (KHTML, like Gecko) Chrome/55.0.2883.87 Safari/537.36"
66.249.76.116 - - [06/Jan/2017:00:30:58 +0000] "GET /skin/frontend/default/choice/fonts/fontawesome-webfont.woff?v=4.3.0 HTTP/1.1" 200 71508 "https://www.choicestationery.com/" "Mozilla/5.0 (compatible; Googlebot/2.1; +http://www.google.com/bot.html)"
66.249.73.34 - - [06/Jan/2017:00:30:59 +0000] "GET /skin/frontend/default/choice/css/print.css HTTP/1.1" 200 727 "https://www.choicestationery.com/" "Mozilla/5.0 (compatible; Googlebot/2.1; +http://www.google.com/bot.html)"
46.229.168.73 - - [06/Jan/2017:00:30:59 +0000] "GET /office-supplies/desktop-accessories/letter-trays.html?price=-100 HTTP/1.1" 302 0 "-" "Mozilla/5.0 (compatible; SemrushBot/1.1~bl; +http://www.semrush.com/bot.html)"
2.97.72.144 - - [06/Jan/2017:00:30:57 +0000] "GET /searchautocomplete/ajax/get/?q=desk%20p&cat=0 HTTP/1.1" 200 23235 "https://www.choicestationery.com/" "Mozilla/5.0 (Windows NT 6.3; WOW64) AppleWebKit/537.36 (KHTML, like Gecko) Chrome/55.0.2883.87 Safari/537.36"
2.97.72.144 - - [06/Jan/2017:00:31:00 +0000] "GET /media/catalog/product/cache/1/small_image/70x50/9df78eab33525d08d6e5fb8d27136e95/K/P/KP1009.jpg HTTP/1.1" 200 1314 "https://www.choicestationery.com/" "Mozilla/5.0 (Windows NT 6.3; WOW64) AppleWebKit/537.36 (KHTML, like Gecko) Chrome/55.0.2883.87 Safari/537.36"
2.97.72.144 - - [06/Jan/2017:00:31:00 +0000] "GET /media/catalog/product/cache/1/small_image/70x50/9df78eab33525d08d6e5fb8d27136e95/D/T/DT920PX.jpg HTTP/1.1" 200 1663 "https://www.choicestationery.com/" "Mozilla/5.0 (Windows NT 6.3; WOW64) AppleWebKit/537.36 (KHTML, like Gecko) Chrome/55.0.2883.87 Safari/537.36"
2.97.72.144 - - [06/Jan/2017:00:31:00 +0000] "GET /media/catalog/product/cache/1/small_image/70x50/9df78eab33525d08d6e5fb8d27136e95/5/6/563222.jpg HTTP/1.1" 200 1552 "https://www.choicestationery.com/" "Mozilla/5.0 (Windows NT 6.3; WOW64) AppleWebKit/537.36 (KHTML, like Gecko) Chrome/55.0.2883.87 Safari/537.36"
2.97.72.144 - - [06/Jan/2017:00:31:00 +0000] "GET /media/catalog/product/cache/1/small_image/70x50/9df78eab33525d08d6e5fb8d27136e95/D/R/DR400BLK.jpg HTTP/1.1" 200 1706 "https://www.choicestationery.com/" "Mozilla/5.0 (Windows NT 6.3; WOW64) AppleWebKit/537.36 (KHTML, like Gecko) Chrome/55.0.2883.87 Safari/537.36"
2.97.72.144 - - [06/Jan/2017:00:31:00 +0000] "GET /media/catalog/product/cache/1/small_image/70x50/9df78eab33525d08d6e5fb8d27136e95/6/8/680SHVR200.jpg HTTP/1.1" 200 1606 "https://www.choicestationery.com/" "Mozilla/5.0 (Windows NT 6.3; WOW64) AppleWebKit/537.36 (KHTML, like Gecko) Chrome/55.0.2883.87 Safari/537.36"
2.97.72.144 - - [06/Jan/2017:00:31:00 +0000] "GET /media/catalog/product/cache/1/small_image/70x50/9df78eab33525d08d6e5fb8d27136e95/7/1/7112PFL.jpg HTTP/1.1" 200 1498 "https://www.choicestationery.com/" "Mozilla/5.0 (Windows NT 6.3; WOW64) AppleWebKit/537.36 (KHTML, like Gecko) Chrome/55.0.2883.87 Safari/537.36"
2.97.72.144 - - [06/Jan/2017:00:31:00 +0000] "GET /media/catalog/product/cache/1/small_image/70x50/9df78eab33525d08d6e5fb8d27136e95/D/R/DR400BLUE.jpg HTTP/1.1" 200 2047 "https://www.choicestationery.com/" "Mozilla/5.0 (Windows NT 6.3; WOW64) AppleWebKit/537.36 (KHTML, like Gecko) Chrome/55.0.2883.87 Safari/537.36"
2.97.72.144 - - [06/Jan/2017:00:31:00 +0000] "GET /media/catalog/product/cache/1/small_image/70x50/9df78eab33525d08d6e5fb8d27136e95/5/5/554001.jpg HTTP/1.1" 200 1599 "https://www.choicestationery.com/" "Mozilla/5.0 (Windows NT 6.3; WOW64) AppleWebKit/537.36 (KHTML, like Gecko) Chrome/55.0.2883.87 Safari/537.36"
2.97.72.144 - - [06/Jan/2017:00:31:00 +0000] "GET /media/catalog/product/cache/1/small_image/70x50/9df78eab33525d08d6e5fb8d27136e95/R/4/R40077.jpg HTTP/1.1" 200 1505 "https://www.choicestationery.com/" "Mozilla/5.0 (Windows NT 6.3; WOW64) AppleWebKit/537.36 (KHTML, like Gecko) Chrome/55.0.2883.87 Safari/537.36"
2.97.72.144 - - [06/Jan/2017:00:31:00 +0000] "GET /media/catalog/product/cache/1/small_image/70x50/9df78eab33525d08d6e5fb8d27136e95/9/F/9FAN.jpg HTTP/1.1" 200 1358 "https://www.choicestationery.com/" "Mozilla/5.0 (Windows NT 6.3; WOW64) AppleWebKit/537.36 (KHTML, like Gecko) Chrome/55.0.2883.87 Safari/537.36"
207.46.13.74 - - [06/Jan/2017:00:30:58 +0000] "GET /think-alternative-t0711-compatible-black-ink-cartridge-replaces-epson-t0711.html HTTP/1.1" 200 42182 "-" "Mozilla/5.0 (compatible; bingbot/2.0; +http://www.bing.com/bingbot.htm)"
46.229.168.65 - - [06/Jan/2017:00:31:01 +0000] "GET /checkout/cart/add/uenc/aHR0cDovL3d3dy5jaG9pY2VzdGF0aW9uZXJ5LmNvbS9sZWl0ei1yb3RhdGluZy1kZXNrLXN0YW5kLXBpbmsuaHRtbD9fX19TSUQ9VQ%2C%2C/product/162028/form_key/yIJV5F77HJ8VTgUS/ HTTP/1.1" 302 0 "-" "Mozilla/5.0 (compatible; SemrushBot/1.1~bl; +http://www.semrush.com/bot.html)"
2.97.72.144 - - [06/Jan/2017:00:30:57 +0000] "GET /searchautocomplete/ajax/get/?q=desk%20&cat=0 HTTP/1.1" 200 23145 "https://www.choicestationery.com/" "Mozilla/5.0 (Windows NT 6.3; WOW64) AppleWebKit/537.36 (KHTML, like Gecko) Chrome/55.0.2883.87 Safari/537.36"
2.97.72.144 - - [06/Jan/2017:00:31:01 +0000] "GET /media/catalog/product/cache/1/small_image/70x50/9df78eab33525d08d6e5fb8d27136e95/2/4/241301.jpg HTTP/1.1" 200 1573 "https://www.choicestationery.com/" "Mozilla/5.0 (Windows NT 6.3; WOW64) AppleWebKit/537.36 (KHTML, like Gecko) Chrome/55.0.2883.87 Safari/537.36"
2.97.72.144 - - [06/Jan/2017:00:31:01 +0000] "GET /media/catalog/product/cache/1/small_image/70x50/9df78eab33525d08d6e5fb8d27136e95/1/1/113168.jpg HTTP/1.1" 200 1404 "https://www.choicestationery.com/" "Mozilla/5.0 (Windows NT 6.3; WOW64) AppleWebKit/537.36 (KHTML, like Gecko) Chrome/55.0.2883.87 Safari/537.36"
2.97.72.144 - - [06/Jan/2017:00:31:01 +0000] "GET /media/catalog/product/cache/1/small_image/70x50/9df78eab33525d08d6e5fb8d27136e95/1/1/112340.jpg HTTP/1.1" 200 1319 "https://www.choicestationery.com/" "Mozilla/5.0 (Windows NT 6.3; WOW64) AppleWebKit/537.36 (KHTML, like Gecko) Chrome/55.0.2883.87 Safari/537.36"
2.97.72.144 - - [06/Jan/2017:00:31:01 +0000] "GET /media/catalog/product/cache/1/small_image/70x50/9df78eab33525d08d6e5fb8d27136e95/7/2/720201.jpg HTTP/1.1" 200 1366 "https://www.choicestationery.com/" "Mozilla/5.0 (Windows NT 6.3; WOW64) AppleWebKit/537.36 (KHTML, like Gecko) Chrome/55.0.2883.87 Safari/537.36"
2.97.72.144 - - [06/Jan/2017:00:30:58 +0000] "GET /searchautocomplete/ajax/get/?q=desk%20pad&cat=0 HTTP/1.1" 200 23352 "https://www.choicestationery.com/" "Mozilla/5.0 (Windows NT 6.3; WOW64) AppleWebKit/537.36 (KHTML, like Gecko) Chrome/55.0.2883.87 Safari/537.36"
2.97.72.144 - - [06/Jan/2017:00:31:03 +0000] "GET /media/catalog/product/cache/1/small_image/70x50/9df78eab33525d08d6e5fb8d27136e95/1/0/100100861.jpg HTTP/1.1" 200 1321 "https://www.choicestationery.com/" "Mozilla/5.0 (Windows NT 6.3; WOW64) AppleWebKit/537.36 (KHTML, like Gecko) Chrome/55.0.2883.87 Safari/537.36"
2.97.72.144 - - [06/Jan/2017:00:31:03 +0000] "GET /media/catalog/product/cache/1/small_image/70x50/9df78eab33525d08d6e5fb8d27136e95/2/4/242537.jpg HTTP/1.1" 200 1437 "https://www.choicestationery.com/" "Mozilla/5.0 (Windows NT 6.3; WOW64) AppleWebKit/537.36 (KHTML, like Gecko) Chrome/55.0.2883.87 Safari/537.36"
2.97.72.144 - - [06/Jan/2017:00:31:03 +0000] "GET /media/catalog/product/cache/1/small_image/70x50/9df78eab33525d08d6e5fb8d27136e95/6/2/62741044.jpg HTTP/1.1" 200 1346 "https://www.choicestationery.com/" "Mozilla/5.0 (Windows NT 6.3; WOW64) AppleWebKit/537.36 (KHTML, like Gecko) Chrome/55.0.2883.87 Safari/537.36"
2.97.72.144 - - [06/Jan/2017:00:31:03 +0000] "GET /media/catalog/product/cache/1/small_image/70x50/9df78eab33525d08d6e5fb8d27136e95/3/4/34631170.jpg HTTP/1.1" 200 1970 "https://www.choicestationery.com/" "Mozilla/5.0 (Windows NT 6.3; WOW64) AppleWebKit/537.36 (KHTML, like Gecko) Chrome/55.0.2883.87 Safari/537.36"
2.97.72.144 - - [06/Jan/2017:00:31:03 +0000] "GET /media/catalog/product/cache/1/small_image/70x50/9df78eab33525d08d6e5fb8d27136e95/F/D/FDBBLK.jpg HTTP/1.1" 200 1431 "https://www.choicestationery.com/" "Mozilla/5.0 (Windows NT 6.3; WOW64) AppleWebKit/537.36 (KHTML, like Gecko) Chrome/55.0.2883.87 Safari/537.36"
2.97.72.144 - - [06/Jan/2017:00:31:03 +0000] "GET /media/catalog/product/cache/1/small_image/70x50/9df78eab33525d08d6e5fb8d27136e95/H/D/HDBBLK.jpg HTTP/1.1" 200 1431 "https://www.choicestationery.com/" "Mozilla/5.0 (Windows NT 6.3; WOW64) AppleWebKit/537.36 (KHTML, like Gecko) Chrome/55.0.2883.87 Safari/537.36"
81.133.157.252 - - [06/Jan/2017:00:31:04 +0000] "POST /autodiscover/autodiscover.xml HTTP/1.1" 400 48 "-" "Microsoft Office/16.0 (Windows NT 6.1; Microsoft Outlook 16.0.7571; Pro)"
185.129.148.233 - Saige [06/Jan/2017:00:31:08 +0000] "GET /rss/catalog/notifystock/ HTTP/1.1" 401 44 "-" "-"
157.55.39.143 - - [06/Jan/2017:00:31:09 +0000] "GET /paper/photo-paper/think-inkjet-paper/think-alternative-a4-matt-coated-greeting-card-packs-with-envelopes-pk-10.html HTTP/1.1" 200 39208 "-" "Mozilla/5.0 (compatible; bingbot/2.0; +http://www.bing.com/bingbot.htm)"
46.229.168.65 - - [06/Jan/2017:00:31:09 +0000] "GET / HTTP/1.1" 200 37710 "-" "Mozilla/5.0 (compatible; SemrushBot/1.1~bl; +http://www.semrush.com/bot.html)"
2.97.72.144 - - [06/Jan/2017:00:31:10 +0000] "GET /catalogsearch/result/?cat=0&q=desk+pad HTTP/1.1" 200 46274 "https://www.choicestationery.com/" "Mozilla/5.0 (Windows NT 6.3; WOW64) AppleWebKit/537.36 (KHTML, like Gecko) Chrome/55.0.2883.87 Safari/537.36"
2.97.72.144 - - [06/Jan/2017:00:31:12 +0000] "GET /skin/frontend/base/default/css/mirasvit_misspell.css HTTP/1.1" 200 263 "https://www.choicestationery.com/catalogsearch/result/?cat=0&q=desk+pad" "Mozilla/5.0 (Windows NT 6.3; WOW64) AppleWebKit/537.36 (KHTML, like Gecko) Chrome/55.0.2883.87 Safari/537.36"
2.97.72.144 - - [06/Jan/2017:00:31:13 +0000] "GET /skin/frontend/default/choice/images/pager_arrow_right.gif HTTP/1.1" 200 49 "https://www.choicestationery.com/catalogsearch/result/?cat=0&q=desk+pad" "Mozilla/5.0 (Windows NT 6.3; WOW64) AppleWebKit/537.36 (KHTML, like Gecko) Chrome/55.0.2883.87 Safari/537.36"
2.97.72.144 - - [06/Jan/2017:00:31:13 +0000] "GET /media/amlabel/10sale.png HTTP/1.1" 200 2813 "https://www.choicestationery.com/catalogsearch/result/?cat=0&q=desk+pad" "Mozilla/5.0 (Windows NT 6.3; WOW64) AppleWebKit/537.36 (KHTML, like Gecko) Chrome/55.0.2883.87 Safari/537.36"
2.97.72.144 - - [06/Jan/2017:00:31:13 +0000] "GET /skin/frontend/default/choice/js/msrp.js HTTP/1.1" 200 3167 "https://www.choicestationery.com/catalogsearch/result/?cat=0&q=desk+pad" "Mozilla/5.0 (Windows NT 6.3; WOW64) AppleWebKit/537.36 (KHTML, like Gecko) Chrome/55.0.2883.87 Safari/537.36"
2.97.72.144 - - [06/Jan/2017:00:31:13 +0000] "GET /awafptc/cart/getPopupHtml/ HTTP/1.1" 200 34 "https://www.choicestationery.com/catalogsearch/result/?cat=0&q=desk+pad" "Mozilla/5.0 (Windows NT 6.3; WOW64) AppleWebKit/537.36 (KHTML, like Gecko) Chrome/55.0.2883.87 Safari/537.36"
2.97.72.144 - - [06/Jan/2017:00:31:14 +0000] "GET /media/catalog/product/cache/1/small_image/210x/9df78eab33525d08d6e5fb8d27136e95/placeholder/default/awaiting-image_1.jpg HTTP/1.1" 200 5570 "https://www.choicestationery.com/catalogsearch/result/?cat=0&q=desk+pad" "Mozilla/5.0 (Windows NT 6.3; WOW64) AppleWebKit/537.36 (KHTML, like Gecko) Chrome/55.0.2883.87 Safari/537.36"
2.97.72.144 - - [06/Jan/2017:00:31:15 +0000] "GET /media/catalog/product/cache/1/small_image/210x/9df78eab33525d08d6e5fb8d27136e95/2/9/29702.jpg HTTP/1.1" 200 5777 "https://www.choicestationery.com/catalogsearch/result/?cat=0&q=desk+pad" "Mozilla/5.0 (Windows NT 6.3; WOW64) AppleWebKit/537.36 (KHTML, like Gecko) Chrome/55.0.2883.87 Safari/537.36"
2.97.72.144 - - [06/Jan/2017:00:31:15 +0000] "GET /media/catalog/product/cache/1/small_image/210x/9df78eab33525d08d6e5fb8d27136e95/D/E/DE749YTCRY.jpg HTTP/1.1" 200 7936 "https://www.choicestationery.com/catalogsearch/result/?cat=0&q=desk+pad" "Mozilla/5.0 (Windows NT 6.3; WOW64) AppleWebKit/537.36 (KHTML, like Gecko) Chrome/55.0.2883.87 Safari/537.36"
2.97.72.144 - - [06/Jan/2017:00:31:16 +0000] "GET /media/catalog/product/cache/1/small_image/210x/9df78eab33525d08d6e5fb8d27136e95/1/1/1135BLUE.jpg HTTP/1.1" 200 6630 "https://www.choicestationery.com/catalogsearch/result/?cat=0&q=desk+pad" "Mozilla/5.0 (Windows NT 6.3; WOW64) AppleWebKit/537.36 (KHTML, like Gecko) Chrome/55.0.2883.87 Safari/537.36"
46.229.168.72 - - [06/Jan/2017:00:31:16 +0000] "GET /catalogsearch/result/index/?colour=3392&p=4&q=cli HTTP/1.1" 302 0 "-" "Mozilla/5.0 (compatible; SemrushBot/1.1~bl; +http://www.semrush.com/bot.html)"
2.97.72.144 - - [06/Jan/2017:00:31:16 +0000] "GET /media/catalog/product/cache/1/small_image/210x/9df78eab33525d08d6e5fb8d27136e95/D/E/DE770YTCRY.jpg HTTP/1.1" 200 7602 "https://www.choicestationery.com/catalogsearch/result/?cat=0&q=desk+pad" "Mozilla/5.0 (Windows NT 6.3; WOW64) AppleWebKit/537.36 (KHTML, like Gecko) Chrome/55.0.2883.87 Safari/537.36"
2.97.72.144 - - [06/Jan/2017:00:31:18 +0000] "GET /media/catalog/product/cache/1/small_image/210x/9df78eab33525d08d6e5fb8d27136e95/1/1/1135BLK.jpg HTTP/1.1" 200 5705 "https://www.choicestationery.com/catalogsearch/result/?cat=0&q=desk+pad" "Mozilla/5.0 (Windows NT 6.3; WOW64) AppleWebKit/537.36 (KHTML, like Gecko) Chrome/55.0.2883.87 Safari/537.36"
2.97.72.144 - - [06/Jan/2017:00:31:18 +0000] "GET /media/catalog/product/cache/1/small_image/210x/9df78eab33525d08d6e5fb8d27136e95/2/4/242537.jpg HTTP/1.1" 200 8192 "https://www.choicestationery.com/catalogsearch/result/?cat=0&q=desk+pad" "Mozilla/5.0 (Windows NT 6.3; WOW64) AppleWebKit/537.36 (KHTML, like Gecko) Chrome/55.0.2883.87 Safari/537.36"
2.97.72.144 - - [06/Jan/2017:00:31:19 +0000] "GET /media/catalog/product/cache/1/small_image/210x/9df78eab33525d08d6e5fb8d27136e95/I/M/IMG127474.jpg HTTP/1.1" 200 2458 "https://www.choicestationery.com/catalogsearch/result/?cat=0&q=desk+pad" "Mozilla/5.0 (Windows NT 6.3; WOW64) AppleWebKit/537.36 (KHTML, like Gecko) Chrome/55.0.2883.87 Safari/537.36"
157.55.39.143 - - [06/Jan/2017:00:31:21 +0000] "GET /workplace/mailroom-warehouse/storage-boxes/miscellaneous.html HTTP/1.1" 302 0 "-" "Mozilla/5.0 (compatible; bingbot/2.0; +http://www.bing.com/bingbot.htm)"
81.96.199.19 - - [06/Jan/2017:00:31:22 +0000] "GET /skin/frontend/default/choice/images/lightbox/blank.gif HTTP/1.1" 404 618 "https://www.choicestationery.com/" "Mozilla/5.0 (iPhone; CPU iPhone OS 10_2 like Mac OS X) AppleWebKit/602.3.12 (KHTML, like Gecko) Version/10.0 Mobile/14C92 Safari/602.1"
46.229.168.74 - - [06/Jan/2017:00:31:22 +0000] "GET /catalogsearch/result/index/?manufacturer=327&q=Lex&visibility=4 HTTP/1.1" 302 0 "-" "Mozilla/5.0 (compatible; SemrushBot/1.1~bl; +http://www.semrush.com/bot.html)"
143.159.240.213 - - [06/Jan/2017:00:31:22 +0000] "GET /contact_us HTTP/1.1" 200 31659 "https://www.choicestationery.com/delivery/" "Mozilla/5.0 (iPad; CPU OS 10_2 like Mac OS X) AppleWebKit/602.3.12 (KHTML, like Gecko) Version/10.0 Mobile/14C92 Safari/602.1"
81.96.199.19 - - [06/Jan/2017:00:31:23 +0000] "GET /media/catalog/product/cache/1/image/200x/9df78eab33525d08d6e5fb8d27136e95/3/0/302b_2.jpg HTTP/1.1" 200 8332 "https://www.choicestationery.com/" "Mozilla/5.0 (iPhone; CPU iPhone OS 10_2 like Mac OS X) AppleWebKit/602.3.12 (KHTML, like Gecko) Version/10.0 Mobile/14C92 Safari/602.1"
2.97.72.144 - - [06/Jan/2017:00:31:23 +0000] "GET /5-star-paper-desk-pad-30-sheets-590x410mm-80gsm-white-printed.html HTTP/1.1" 200 38779 "https://www.choicestationery.com/catalogsearch/result/?cat=0&q=desk+pad" "Mozilla/5.0 (Windows NT 6.3; WOW64) AppleWebKit/537.36 (KHTML, like Gecko) Chrome/55.0.2883.87 Safari/537.36"
2.97.72.144 - - [06/Jan/2017:00:31:24 +0000] "GET /js/calendar/calendar-win2k-1.css HTTP/1.1" 200 1365 "https://www.choicestationery.com/5-star-paper-desk-pad-30-sheets-590x410mm-80gsm-white-printed.html" "Mozilla/5.0 (Windows NT 6.3; WOW64) AppleWebKit/537.36 (KHTML, like Gecko) Chrome/55.0.2883.87 Safari/537.36"
2.97.72.144 - - [06/Jan/2017:00:31:24 +0000] "GET /skin/frontend/default/choice/css/jquery.fancybox.css HTTP/1.1" 200 1443 "https://www.choicestationery.com/5-star-paper-desk-pad-30-sheets-590x410mm-80gsm-white-printed.html" "Mozilla/5.0 (Windows NT 6.3; WOW64) AppleWebKit/537.36 (KHTML, like Gecko) Chrome/55.0.2883.87 Safari/537.36"
2.97.72.144 - - [06/Jan/2017:00:31:24 +0000] "GET /media/catalog/product/cache/1/image/400x400/9df78eab33525d08d6e5fb8d27136e95/2/4/242537.jpg HTTP/1.1" 200 21134 "https://www.choicestationery.com/5-star-paper-desk-pad-30-sheets-590x410mm-80gsm-white-printed.html" "Mozilla/5.0 (Windows NT 6.3; WOW64) AppleWebKit/537.36 (KHTML, like Gecko) Chrome/55.0.2883.87 Safari/537.36"
2.97.72.144 - - [06/Jan/2017:00:31:25 +0000] "GET /media/catalog/product/cache/1/thumbnail/60x60/9df78eab33525d08d6e5fb8d27136e95/2/4/242537.jpg HTTP/1.1" 200 1608 "https://www.choicestationery.com/5-star-paper-desk-pad-30-sheets-590x410mm-80gsm-white-printed.html" "Mozilla/5.0 (Windows NT 6.3; WOW64) AppleWebKit/537.36 (KHTML, like Gecko) Chrome/55.0.2883.87 Safari/537.36"
2.97.72.144 - - [06/Jan/2017:00:31:25 +0000] "GET /media/j2t_resized/j2t_image_small.png HTTP/1.1" 200 873 "https://www.choicestationery.com/5-star-paper-desk-pad-30-sheets-590x410mm-80gsm-white-printed.html" "Mozilla/5.0 (Windows NT 6.3; WOW64) AppleWebKit/537.36 (KHTML, like Gecko) Chrome/55.0.2883.87 Safari/537.36"
2.97.72.144 - - [06/Jan/2017:00:31:25 +0000] "GET /media/wysiwyg/delivery-option-1.png HTTP/1.1" 200 2549 "https://www.choicestationery.com/5-star-paper-desk-pad-30-sheets-590x410mm-80gsm-white-printed.html" "Mozilla/5.0 (Windows NT 6.3; WOW64) AppleWebKit/537.36 (KHTML, like Gecko) Chrome/55.0.2883.87 Safari/537.36"
2.97.72.144 - - [06/Jan/2017:00:31:25 +0000] "GET /media/wysiwyg/delivery-option-2.png HTTP/1.1" 200 2206 "https://www.choicestationery.com/5-star-paper-desk-pad-30-sheets-590x410mm-80gsm-white-printed.html" "Mozilla/5.0 (Windows NT 6.3; WOW64) AppleWebKit/537.36 (KHTML, like Gecko) Chrome/55.0.2883.87 Safari/537.36"
2.97.72.144 - - [06/Jan/2017:00:31:25 +0000] "GET /media/wysiwyg/delivery-option-3.png HTTP/1.1" 200 2244 "https://www.choicestationery.com/5-star-paper-desk-pad-30-sheets-590x410mm-80gsm-white-printed.html" "Mozilla/5.0 (Windows NT 6.3; WOW64) AppleWebKit/537.36 (KHTML, like Gecko) Chrome/55.0.2883.87 Safari/537.36"
2.97.72.144 - - [06/Jan/2017:00:31:25 +0000] "GET /media/catalog/product/cache/1/small_image/200x/9df78eab33525d08d6e5fb8d27136e95/M/P/MP.jpg HTTP/1.1" 200 7237 "https://www.choicestationery.com/5-star-paper-desk-pad-30-sheets-590x410mm-80gsm-white-printed.html" "Mozilla/5.0 (Windows NT 6.3; WOW64) AppleWebKit/537.36 (KHTML, like Gecko) Chrome/55.0.2883.87 Safari/537.36"
2.97.72.144 - - [06/Jan/2017:00:31:25 +0000] "GET /media/catalog/product/cache/1/small_image/200x/9df78eab33525d08d6e5fb8d27136e95/P/Y/PYP.jpg HTTP/1.1" 200 7751 "https://www.choicestationery.com/5-star-paper-desk-pad-30-sheets-590x410mm-80gsm-white-printed.html" "Mozilla/5.0 (Windows NT 6.3; WOW64) AppleWebKit/537.36 (KHTML, like Gecko) Chrome/55.0.2883.87 Safari/537.36"
2.97.72.144 - - [06/Jan/2017:00:31:25 +0000] "GET /js/varien/configurable.js HTTP/1.1" 200 2690 "https://www.choicestationery.com/5-star-paper-desk-pad-30-sheets-590x410mm-80gsm-white-printed.html" "Mozilla/5.0 (Windows NT 6.3; WOW64) AppleWebKit/537.36 (KHTML, like Gecko) Chrome/55.0.2883.87 Safari/537.36"
2.97.72.144 - - [06/Jan/2017:00:31:25 +0000] "GET /js/calendar/calendar.js HTTP/1.1" 200 14814 "https://www.choicestationery.com/5-star-paper-desk-pad-30-sheets-590x410mm-80gsm-white-printed.html" "Mozilla/5.0 (Windows NT 6.3; WOW64) AppleWebKit/537.36 (KHTML, like Gecko) Chrome/55.0.2883.87 Safari/537.36"
2.97.72.144 - - [06/Jan/2017:00:31:25 +0000] "GET /js/calendar/calendar-setup.js HTTP/1.1" 200 1717 "https://www.choicestationery.com/5-star-paper-desk-pad-30-sheets-590x410mm-80gsm-white-printed.html" "Mozilla/5.0 (Windows NT 6.3; WOW64) AppleWebKit/537.36 (KHTML, like Gecko) Chrome/55.0.2883.87 Safari/537.36"
2.97.72.144 - - [06/Jan/2017:00:31:25 +0000] "GET /skin/frontend/default/choice/js/easyTooltip.js HTTP/1.1" 200 764 "https://www.choicestationery.com/5-star-paper-desk-pad-30-sheets-590x410mm-80gsm-white-printed.html" "Mozilla/5.0 (Windows NT 6.3; WOW64) AppleWebKit/537.36 (KHTML, like Gecko) Chrome/55.0.2883.87 Safari/537.36"
2.97.72.144 - - [06/Jan/2017:00:31:25 +0000] "GET /skin/frontend/default/choice/js/jquery.prettyPhoto.js HTTP/1.1" 200 8818 "https://www.choicestationery.com/5-star-paper-desk-pad-30-sheets-590x410mm-80gsm-white-printed.html" "Mozilla/5.0 (Windows NT 6.3; WOW64) AppleWebKit/537.36 (KHTML, like Gecko) Chrome/55.0.2883.87 Safari/537.36"
2.97.72.144 - - [06/Jan/2017:00:31:25 +0000] "GET /skin/frontend/default/choice/js/jquery.fancybox.js HTTP/1.1" 200 14023 "https://www.choicestationery.com/5-star-paper-desk-pad-30-sheets-590x410mm-80gsm-white-printed.html" "Mozilla/5.0 (Windows NT 6.3; WOW64) AppleWebKit/537.36 (KHTML, like Gecko) Chrome/55.0.2883.87 Safari/537.36"
2.97.72.144 - - [06/Jan/2017:00:31:25 +0000] "GET /media/amlabel/10sale_lg.png HTTP/1.1" 200 3902 "https://www.choicestationery.com/5-star-paper-desk-pad-30-sheets-590x410mm-80gsm-white-printed.html" "Mozilla/5.0 (Windows NT 6.3; WOW64) AppleWebKit/537.36 (KHTML, like Gecko) Chrome/55.0.2883.87 Safari/537.36"
2.97.72.144 - - [06/Jan/2017:00:31:25 +0000] "GET /skin/frontend/default/choice/images/delivery-bg.png HTTP/1.1" 200 31129 "https://www.choicestationery.com/skin/frontend/default/choice/css/style.css" "Mozilla/5.0 (Windows NT 6.3; WOW64) AppleWebKit/537.36 (KHTML, like Gecko) Chrome/55.0.2883.87 Safari/537.36"
2.97.72.144 - - [06/Jan/2017:00:31:25 +0000] "GET /skin/frontend/default/choice/images/newsletter-bg.png HTTP/1.1" 200 18487 "https://www.choicestationery.com/skin/frontend/default/choice/css/style.css" "Mozilla/5.0 (Windows NT 6.3; WOW64) AppleWebKit/537.36 (KHTML, like Gecko) Chrome/55.0.2883.87 Safari/537.36"
143.159.240.213 - - [06/Jan/2017:00:31:25 +0000] "GET /awafptc/cart/getPopupHtml/ HTTP/1.1" 200 34 "https://www.choicestationery.com/contact_us" "Mozilla/5.0 (iPad; CPU OS 10_2 like Mac OS X) AppleWebKit/602.3.12 (KHTML, like Gecko) Version/10.0 Mobile/14C92 Safari/602.1"
2.97.72.144 - - [06/Jan/2017:00:31:25 +0000] "GET /awafptc/cart/getPopupHtml/ HTTP/1.1" 200 34 "https://www.choicestationery.com/5-star-paper-desk-pad-30-sheets-590x410mm-80gsm-white-printed.html" "Mozilla/5.0 (Windows NT 6.3; WOW64) AppleWebKit/537.36 (KHTML, like Gecko) Chrome/55.0.2883.87 Safari/537.36"
46.229.168.65 - - [06/Jan/2017:00:31:27 +0000] "GET / HTTP/1.1" 200 37793 "-" "Mozilla/5.0 (compatible; SemrushBot/1.1~bl; +http://www.semrush.com/bot.html)"
207.46.13.74 - - [06/Jan/2017:00:31:28 +0000] "GET /catalog/category/view/s/stationery-supplies/id/7/?cat=32850&dir=asc&manufacturer=177&mode=grid&order=manufacturer HTTP/1.1" 302 0 "-" "Mozilla/5.0 (compatible; bingbot/2.0; +http://www.bing.com/bingbot.htm)"
46.229.168.71 - - [06/Jan/2017:00:31:33 +0000] "GET /catalogsearch/result/index/?manufacturer=3211&mode=grid&q=pens HTTP/1.1" 302 0 "-" "Mozilla/5.0 (compatible; SemrushBot/1.1~bl; +http://www.semrush.com/bot.html)"
157.55.39.143 - - [06/Jan/2017:00:31:37 +0000] "GET /jiffy-airkraft-bag-selection-box-5xno00-10xno0-10xno1-5xno2-10xno4-5xno5-5xno7-gold-ref-50-6-pack-50.html HTTP/1.1" 302 0 "-" "Mozilla/5.0 (compatible; bingbot/2.0; +http://www.bing.com/bingbot.htm)"
46.229.168.70 - - [06/Jan/2017:00:31:38 +0000] "GET /catalogsearch/result/index/?colour=3264&manufacturer=2384&mode=list&price=-10&q=envelopes HTTP/1.1" 302 0 "-" "Mozilla/5.0 (compatible; SemrushBot/1.1~bl; +http://www.semrush.com/bot.html)"
2.97.72.144 - - [06/Jan/2017:00:31:46 +0000] "GET /skin/frontend/default/choice/images/help-hover.png HTTP/1.1" 200 1507 "https://www.choicestationery.com/skin/frontend/default/choice/css/style.css" "Mozilla/5.0 (Windows NT 6.3; WOW64) AppleWebKit/537.36 (KHTML, like Gecko) Chrome/55.0.2883.87 Safari/537.36"
157.55.39.143 - - [06/Jan/2017:00:31:47 +0000] "GET /xerox-magenta-toner-cartridge-yield-1-500-pages-for-phaser-6121.html HTTP/1.1" 302 0 "-" "Mozilla/5.0 (compatible; bingbot/2.0; +http://www.bing.com/bingbot.htm)"
66.249.91.122 - - [06/Jan/2017:00:31:49 +0000] "GET /catalogsearch/result/?cat=0&q=(hp)+339 HTTP/1.1" 302 0 "-" "Mozilla/5.0 (iPhone; CPU iPhone OS 9_1 like Mac OS X) AppleWebKit/601.1.46 (KHTML, like Gecko) Version/9.0 Mobile/13B143 Safari/601.1 (compatible; AdsBot-Google-Mobile; +http://www.google.com/mobile/adsbot.html)"
81.96.199.19 - - [06/Jan/2017:00:31:49 +0000] "POST /amfinder/index/options/ HTTP/1.1" 200 260 "https://www.choicestationery.com/" "Mozilla/5.0 (iPhone; CPU iPhone OS 10_2 like Mac OS X) AppleWebKit/602.3.12 (KHTML, like Gecko) Version/10.0 Mobile/14C92 Safari/602.1"
66.249.76.122 - - [06/Jan/2017:00:31:53 +0000] "GET /workplace/safety-security/cash-document-boxes.html?dir=asc&limit=15&mode=grid&order=own_brand&price=8- HTTP/1.1" 302 0 "-" "Mozilla/5.0 (compatible; Googlebot/2.1; +http://www.google.com/bot.html)"
185.129.148.185 - Ryder [06/Jan/2017:00:31:53 +0000] "GET /rss/catalog/notifystock/ HTTP/1.1" 401 44 "-" "-"
46.229.168.65 - - [06/Jan/2017:00:31:55 +0000] "GET /machines/office-machine-supplies/fax-rolls/210mmx.html?manufacturer=2217&mode=grid HTTP/1.1" 302 0 "-" "Mozilla/5.0 (compatible; SemrushBot/1.1~bl; +http://www.semrush.com/bot.html)"
46.229.168.72 - - [06/Jan/2017:00:31:57 +0000] "GET /workplace.html?cat=34455&manufacturer=2709 HTTP/1.1" 302 0 "-" "Mozilla/5.0 (compatible; SemrushBot/1.1~bl; +http://www.semrush.com/bot.html)"
157.55.39.143 - - [06/Jan/2017:00:31:58 +0000] "GET /paper/copier-inkjet-laser-paper-a3.html?colour=3483 HTTP/1.1" 302 0 "-" "Mozilla/5.0 (compatible; bingbot/2.0; +http://www.bing.com/bingbot.htm)"
81.96.199.19 - - [06/Jan/2017:00:32:00 +0000] "POST /amfinder/index/options/ HTTP/1.1" 200 506 "https://www.choicestationery.com/" "Mozilla/5.0 (iPhone; CPU iPhone OS 10_2 like Mac OS X) AppleWebKit/602.3.12 (KHTML, like Gecko) Version/10.0 Mobile/14C92 Safari/602.1"
81.133.157.252 - - [06/Jan/2017:00:32:03 +0000] "POST /index.php/api/soap/index/ HTTP/1.1" 200 538 "-" "PHP-SOAP/5.6.27"
81.133.157.252 - - [06/Jan/2017:00:32:06 +0000] "POST /index.php/api/soap/index/ HTTP/1.1" 200 531 "-" "PHP-SOAP/5.6.27"
185.154.13.6 - - [06/Jan/2017:00:32:06 +0000] "HEAD / HTTP/1.1" 302 0 "http://proxtrail.ru/" "Mozilla/6.0 (compatible; MSIE5.00; Windows 2009)"
207.46.13.74 - - [06/Jan/2017:00:32:08 +0000] "GET /office-supplies/envelopes/envelopes-15x10-inches.html HTTP/1.1" 302 0 "-" "Mozilla/5.0 (compatible; bingbot/2.0; +http://www.bing.com/bingbot.htm)"
46.229.168.70 - - [06/Jan/2017:00:32:09 +0000] "GET /computer-supplies/computer-accessories.html?cat=14657&manufacturer=88 HTTP/1.1" 302 0 "-" "Mozilla/5.0 (compatible; SemrushBot/1.1~bl; +http://www.semrush.com/bot.html)"
2.97.72.144 - - [06/Jan/2017:00:32:12 +0000] "GET /catalogsearch/result/?cat=0&q=desk+pad HTTP/1.1" 200 46273 "https://www.choicestationery.com/" "Mozilla/5.0 (Windows NT 6.3; WOW64) AppleWebKit/537.36 (KHTML, like Gecko) Chrome/55.0.2883.87 Safari/537.36"
121.208.104.244 - - [06/Jan/2017:00:32:16 +0000] "GET /wp-login.php HTTP/1.1" 302 0 "-" "Mozilla/5.0 (Windows NT 6.1; WOW64; rv:40.0) Gecko/20100101 Firefox/40.1"
2.97.72.144 - - [06/Jan/2017:00:32:16 +0000] "GET /awafptc/cart/getPopupHtml/ HTTP/1.1" 200 34 "https://www.choicestationery.com/catalogsearch/result/?cat=0&q=desk+pad" "Mozilla/5.0 (Windows NT 6.3; WOW64) AppleWebKit/537.36 (KHTML, like Gecko) Chrome/55.0.2883.87 Safari/537.36"
46.229.168.71 - - [06/Jan/2017:00:32:17 +0000] "GET /checkout/cart/add/uenc/aHR0cDovL3d3dy5jaG9pY2VzdGF0aW9uZXJ5LmNvbS9ndWlsZGhhbGwtZG9jdW1lbnQtd2FsbGV0LWZ1bGwtZmxhcC0zMTVnc20tY2FwYWNpdHktMzVtbS1mb29sc2NhcC1vcmFuZ2UtcmVmLXB3Mi1vcmd6LXBhY2stNTAuaHRtbD9fX19TSUQ9VQ%2C%2C/product/180460/form_key/3cjQj8y1yqcl6BQZ/ HTTP/1.1" 302 0 "-" "Mozilla/5.0 (compatible; SemrushBot/1.1~bl; +http://www.semrush.com/bot.html)"
157.55.39.143 - - [06/Jan/2017:00:32:18 +0000] "GET /office-supplies/adhesives-tapes/glue-products/other.html HTTP/1.1" 302 0 "-" "Mozilla/5.0 (compatible; bingbot/2.0; +http://www.bing.com/bingbot.htm)"
2.97.72.144 - - [06/Jan/2017:00:32:18 +0000] "GET /media/catalog/product/cache/1/small_image/210x/9df78eab33525d08d6e5fb8d27136e95/4/4/440SXBLK.jpg HTTP/1.1" 200 8092 "https://www.choicestationery.com/catalogsearch/result/?cat=0&q=desk+pad" "Mozilla/5.0 (Windows NT 6.3; WOW64) AppleWebKit/537.36 (KHTML, like Gecko) Chrome/55.0.2883.87 Safari/537.36"
2.97.72.144 - - [06/Jan/2017:00:32:20 +0000] "GET /media/catalog/product/cache/1/small_image/210x/9df78eab33525d08d6e5fb8d27136e95/C/M/CMX451020.jpg HTTP/1.1" 200 8729 "https://www.choicestationery.com/catalogsearch/result/?cat=0&q=desk+pad" "Mozilla/5.0 (Windows NT 6.3; WOW64) AppleWebKit/537.36 (KHTML, like Gecko) Chrome/55.0.2883.87 Safari/537.36"
2.97.72.144 - - [06/Jan/2017:00:32:20 +0000] "GET /media/catalog/product/cache/1/small_image/210x/9df78eab33525d08d6e5fb8d27136e95/C/M/CMX451019.jpg HTTP/1.1" 200 9883 "https://www.choicestationery.com/catalogsearch/result/?cat=0&q=desk+pad" "Mozilla/5.0 (Windows NT 6.3; WOW64) AppleWebKit/537.36 (KHTML, like Gecko) Chrome/55.0.2883.87 Safari/537.36"
2.97.72.144 - - [06/Jan/2017:00:32:21 +0000] "GET /media/catalog/product/cache/1/small_image/210x/9df78eab33525d08d6e5fb8d27136e95/D/R/DR400BLUE.jpg HTTP/1.1" 200 10719 "https://www.choicestationery.com/catalogsearch/result/?cat=0&q=desk+pad" "Mozilla/5.0 (Windows NT 6.3; WOW64) AppleWebKit/537.36 (KHTML, like Gecko) Chrome/55.0.2883.87 Safari/537.36"
2.97.72.144 - - [06/Jan/2017:00:32:22 +0000] "GET /media/catalog/product/cache/1/small_image/210x/9df78eab33525d08d6e5fb8d27136e95/D/R/DR400BLK.jpg HTTP/1.1" 200 7789 "https://www.choicestationery.com/catalogsearch/result/?cat=0&q=desk+pad" "Mozilla/5.0 (Windows NT 6.3; WOW64) AppleWebKit/537.36 (KHTML, like Gecko) Chrome/55.0.2883.87 Safari/537.36"
81.96.199.19 - - [06/Jan/2017:00:32:23 +0000] "POST /amfinder/index/options/ HTTP/1.1" 200 166 "https://www.choicestationery.com/" "Mozilla/5.0 (iPhone; CPU iPhone OS 10_2 like Mac OS X) AppleWebKit/602.3.12 (KHTML, like Gecko) Version/10.0 Mobile/14C92 Safari/602.1"
66.249.76.122 - - [06/Jan/2017:00:32:23 +0000] "GET /no-name-lane-marking-applicator-for-internal-floors-capacity-100mm-tape-width.html HTTP/1.1" 302 0 "-" "Mozilla/5.0 (compatible; Googlebot/2.1; +http://www.google.com/bot.html)"
66.249.76.122 - - [06/Jan/2017:00:32:25 +0000] "GET /blog/ HTTP/1.1" 302 0 "-" "Mozilla/5.0 (Linux; Android 6.0.1; Nexus 5X Build/MMB29P) AppleWebKit/537.36 (KHTML, like Gecko) Chrome/41.0.2272.96 Mobile Safari/537.36 (compatible; Googlebot/2.1; +http://www.google.com/bot.html)"
2.97.72.144 - - [06/Jan/2017:00:32:26 +0000] "GET /media/catalog/product/cache/1/small_image/210x/9df78eab33525d08d6e5fb8d27136e95/I/M/IMG127570.jpg HTTP/1.1" 200 15276 "https://www.choicestationery.com/catalogsearch/result/?cat=0&q=desk+pad" "Mozilla/5.0 (Windows NT 6.3; WOW64) AppleWebKit/537.36 (KHTML, like Gecko) Chrome/55.0.2883.87 Safari/537.36"
66.249.76.116 - - [06/Jan/2017:00:32:24 +0000] "GET /office-supplies/files-pockets-binders.html HTTP/1.1" 200 40583 "-" "Mozilla/5.0 (compatible; Googlebot/2.1; +http://www.google.com/bot.html)"
2.97.72.144 - - [06/Jan/2017:00:32:27 +0000] "GET /media/catalog/product/cache/1/small_image/210x/9df78eab33525d08d6e5fb8d27136e95/D/E/DE779YTCRY.jpg HTTP/1.1" 200 6109 "https://www.choicestationery.com/catalogsearch/result/?cat=0&q=desk+pad" "Mozilla/5.0 (Windows NT 6.3; WOW64) AppleWebKit/537.36 (KHTML, like Gecko) Chrome/55.0.2883.87 Safari/537.36"
46.229.168.73 - - [06/Jan/2017:00:32:27 +0000] "GET /catalogsearch/result/index/?cat=7&mode=list&own_brand=3622&q=pens HTTP/1.1" 302 0 "-" "Mozilla/5.0 (compatible; SemrushBot/1.1~bl; +http://www.semrush.com/bot.html)"
157.55.39.143 - - [06/Jan/2017:00:32:27 +0000] "GET /how-to-install-a-cartridge/ HTTP/1.1" 302 0 "-" "Mozilla/5.0 (compatible; bingbot/2.0; +http://www.bing.com/bingbot.htm)"
2.97.72.144 - - [06/Jan/2017:00:32:29 +0000] "GET /media/catalog/product/cache/1/small_image/210x/9df78eab33525d08d6e5fb8d27136e95/3/4/34631170.jpg HTTP/1.1" 200 9613 "https://www.choicestationery.com/catalogsearch/result/?cat=0&q=desk+pad" "Mozilla/5.0 (Windows NT 6.3; WOW64) AppleWebKit/537.36 (KHTML, like Gecko) Chrome/55.0.2883.87 Safari/537.36"
2.97.72.144 - - [06/Jan/2017:00:32:30 +0000] "GET /media/catalog/product/cache/1/small_image/210x/9df78eab33525d08d6e5fb8d27136e95/4/0/400050435.jpg HTTP/1.1" 200 6641 "https://www.choicestationery.com/catalogsearch/result/?cat=0&q=desk+pad" "Mozilla/5.0 (Windows NT 6.3; WOW64) AppleWebKit/537.36 (KHTML, like Gecko) Chrome/55.0.2883.87 Safari/537.36"
95.151.241.57 - - [06/Jan/2017:00:32:33 +0000] "GET / HTTP/1.1" 200 37824 "-" "Mozilla/5.0 (Linux; Android 4.4.2; E75128 Build/KVT49L) AppleWebKit/537.36 (KHTML, like Gecko) Version/4.0 Chrome/30.0.0.0 Safari/537.36"
209.222.109.26 - m2eadmin [06/Jan/2017:00:32:34 +0000] "GET /rss/catalog/review/ HTTP/1.1" 401 44 "-" "-"
46.229.168.74 - - [06/Jan/2017:00:32:35 +0000] "GET /overland-neo-xl-series-lto5-sas-add-on-drive.html HTTP/1.1" 302 0 "-" "Mozilla/5.0 (compatible; SemrushBot/1.1~bl; +http://www.semrush.com/bot.html)"
95.151.241.57 - - [06/Jan/2017:00:32:37 +0000] "GET /skin/frontend/default/choice/images/shipping-img.png HTTP/1.1" 200 3143 "https://www.choicestationery.com/" "Mozilla/5.0 (Linux; Android 4.4.2; E75128 Build/KVT49L) AppleWebKit/537.36 (KHTML, like Gecko) Version/4.0 Chrome/30.0.0.0 Safari/537.36"
2.97.72.144 - - [06/Jan/2017:00:32:37 +0000] "GET /media/catalog/product/cache/1/small_image/210x/9df78eab33525d08d6e5fb8d27136e95/R/3/R350.jpg HTTP/1.1" 200 5463 "https://www.choicestationery.com/catalogsearch/result/?cat=0&q=desk+pad" "Mozilla/5.0 (Windows NT 6.3; WOW64) AppleWebKit/537.36 (KHTML, like Gecko) Chrome/55.0.2883.87 Safari/537.36"
95.151.241.57 - - [06/Jan/2017:00:32:37 +0000] "GET /media/slider/januarysale.jpg HTTP/1.1" 200 30918 "https://www.choicestationery.com/" "Mozilla/5.0 (Linux; Android 4.4.2; E75128 Build/KVT49L) AppleWebKit/537.36 (KHTML, like Gecko) Version/4.0 Chrome/30.0.0.0 Safari/537.36"
95.151.241.57 - - [06/Jan/2017:00:32:37 +0000] "GET /media/slider/banner4.jpg HTTP/1.1" 200 58964 "https://www.choicestationery.com/" "Mozilla/5.0 (Linux; Android 4.4.2; E75128 Build/KVT49L) AppleWebKit/537.36 (KHTML, like Gecko) Version/4.0 Chrome/30.0.0.0 Safari/537.36"
95.151.241.57 - - [06/Jan/2017:00:32:37 +0000] "GET /media/wysiwyg/ad-1-img.png HTTP/1.1" 200 67961 "https://www.choicestationery.com/" "Mozilla/5.0 (Linux; Android 4.4.2; E75128 Build/KVT49L) AppleWebKit/537.36 (KHTML, like Gecko) Version/4.0 Chrome/30.0.0.0 Safari/537.36"
95.151.241.57 - - [06/Jan/2017:00:32:37 +0000] "GET /media/wysiwyg/ad-3-img.png HTTP/1.1" 200 45674 "https://www.choicestationery.com/" "Mozilla/5.0 (Linux; Android 4.4.2; E75128 Build/KVT49L) AppleWebKit/537.36 (KHTML, like Gecko) Version/4.0 Chrome/30.0.0.0 Safari/537.36"
95.151.241.57 - - [06/Jan/2017:00:32:37 +0000] "GET /media/wysiwyg/ad-2-img.png HTTP/1.1" 200 89249 "https://www.choicestationery.com/" "Mozilla/5.0 (Linux; Android 4.4.2; E75128 Build/KVT49L) AppleWebKit/537.36 (KHTML, like Gecko) Version/4.0 Chrome/30.0.0.0 Safari/537.36"
95.151.241.57 - - [06/Jan/2017:00:32:37 +0000] "GET /media/wysiwyg/ad-4-img.png HTTP/1.1" 200 67137 "https://www.choicestationery.com/" "Mozilla/5.0 (Linux; Android 4.4.2; E75128 Build/KVT49L) AppleWebKit/537.36 (KHTML, like Gecko) Version/4.0 Chrome/30.0.0.0 Safari/537.36"
157.55.39.143 - - [06/Jan/2017:00:32:37 +0000] "GET /workplace/janitorial/hand-dryers/miscellaneous.html HTTP/1.1" 302 0 "-" "Mozilla/5.0 (compatible; bingbot/2.0; +http://www.bing.com/bingbot.htm)"
95.151.241.57 - - [06/Jan/2017:00:32:37 +0000] "GET /skin/frontend/default/choice/images/mgt_lazy_image_loader/loader.gif HTTP/1.1" 200 11072 "https://www.choicestationery.com/" "Mozilla/5.0 (Linux; Android 4.4.2; E75128 Build/KVT49L) AppleWebKit/537.36 (KHTML, like Gecko) Version/4.0 Chrome/30.0.0.0 Safari/537.36"
95.151.241.57 - - [06/Jan/2017:00:32:37 +0000] "GET /skin/frontend/default/choice/images/add-to-basket-img.png HTTP/1.1" 200 1135 "https://www.choicestationery.com/" "Mozilla/5.0 (Linux; Android 4.4.2; E75128 Build/KVT49L) AppleWebKit/537.36 (KHTML, like Gecko) Version/4.0 Chrome/30.0.0.0 Safari/537.36"
2.97.72.144 - - [06/Jan/2017:00:32:38 +0000] "GET /media/catalog/product/cache/1/small_image/210x/9df78eab33525d08d6e5fb8d27136e95/D/E/DE773YTCRY.jpg HTTP/1.1" 200 7043 "https://www.choicestationery.com/catalogsearch/result/?cat=0&q=desk+pad" "Mozilla/5.0 (Windows NT 6.3; WOW64) AppleWebKit/537.36 (KHTML, like Gecko) Chrome/55.0.2883.87 Safari/537.36"
2.97.72.144 - - [06/Jan/2017:00:32:38 +0000] "GET /media/catalog/product/cache/1/small_image/210x/9df78eab33525d08d6e5fb8d27136e95/H/D/HDBPWH50.jpg HTTP/1.1" 200 2644 "https://www.choicestationery.com/catalogsearch/result/?cat=0&q=desk+pad" "Mozilla/5.0 (Windows NT 6.3; WOW64) AppleWebKit/537.36 (KHTML, like Gecko) Chrome/55.0.2883.87 Safari/537.36"
95.151.241.57 - - [06/Jan/2017:00:32:39 +0000] "GET /js/varien/js.js HTTP/1.1" 200 6323 "https://www.choicestationery.com/" "Mozilla/5.0 (Linux; Android 4.4.2; E75128 Build/KVT49L) AppleWebKit/537.36 (KHTML, like Gecko) Version/4.0 Chrome/30.0.0.0 Safari/537.36"
2.97.72.144 - - [06/Jan/2017:00:32:40 +0000] "GET /media/catalog/product/cache/1/small_image/210x/9df78eab33525d08d6e5fb8d27136e95/R/3/R330YE.jpg HTTP/1.1" 200 5290 "https://www.choicestationery.com/catalogsearch/result/?cat=0&q=desk+pad" "Mozilla/5.0 (Windows NT 6.3; WOW64) AppleWebKit/537.36 (KHTML, like Gecko) Chrome/55.0.2883.87 Safari/537.36"
2.97.72.144 - - [06/Jan/2017:00:32:40 +0000] "GET /media/catalog/product/cache/1/small_image/210x/9df78eab33525d08d6e5fb8d27136e95/6/2/62741044.jpg HTTP/1.1" 200 5585 "https://www.choicestationery.com/catalogsearch/result/?cat=0&q=desk+pad" "Mozilla/5.0 (Windows NT 6.3; WOW64) AppleWebKit/537.36 (KHTML, like Gecko) Chrome/55.0.2883.87 Safari/537.36"
95.151.241.57 - - [06/Jan/2017:00:32:41 +0000] "GET /js/mage/cookies.js HTTP/1.1" 200 1055 "https://www.choicestationery.com/" "Mozilla/5.0 (Linux; Android 4.4.2; E75128 Build/KVT49L) AppleWebKit/537.36 (KHTML, like Gecko) Version/4.0 Chrome/30.0.0.0 Safari/537.36"
66.249.76.122 - - [06/Jan/2017:00:32:41 +0000] "GET /media/extendware/ewminify/media/inline/f1/5/2102483.jpg HTTP/1.1" 200 5800 "-" "Googlebot-Image/1.0"
95.151.241.57 - - [06/Jan/2017:00:32:41 +0000] "GET /js/aw_ajaxcartpro/ajaxcartpro.js HTTP/1.1" 200 5727 "https://www.choicestationery.com/" "Mozilla/5.0 (Linux; Android 4.4.2; E75128 Build/KVT49L) AppleWebKit/537.36 (KHTML, like Gecko) Version/4.0 Chrome/30.0.0.0 Safari/537.36"
95.151.241.57 - - [06/Jan/2017:00:32:41 +0000] "GET /js/aw_ajaxcartpro/updaters/cart.js HTTP/1.1" 200 557 "https://www.choicestationery.com/" "Mozilla/5.0 (Linux; Android 4.4.2; E75128 Build/KVT49L) AppleWebKit/537.36 (KHTML, like Gecko) Version/4.0 Chrome/30.0.0.0 Safari/537.36"
95.151.241.57 - - [06/Jan/2017:00:32:41 +0000] "GET /js/aw_ajaxcartpro/updaters/sidebar.js HTTP/1.1" 200 450 "https://www.choicestationery.com/" "Mozilla/5.0 (Linux; Android 4.4.2; E75128 Build/KVT49L) AppleWebKit/537.36 (KHTML, like Gecko) Version/4.0 Chrome/30.0.0.0 Safari/537.36"
2.97.72.144 - - [06/Jan/2017:00:32:41 +0000] "GET /media/catalog/product/cache/1/small_image/210x/9df78eab33525d08d6e5fb8d27136e95/D/H/DH12TER.jpg HTTP/1.1" 200 12650 "https://www.choicestationery.com/catalogsearch/result/?cat=0&q=desk+pad" "Mozilla/5.0 (Windows NT 6.3; WOW64) AppleWebKit/537.36 (KHTML, like Gecko) Chrome/55.0.2883.87 Safari/537.36"
95.151.241.57 - - [06/Jan/2017:00:32:41 +0000] "GET /js/aw_ajaxcartpro/updaters/topLinks.js HTTP/1.1" 200 243 "https://www.choicestationery.com/" "Mozilla/5.0 (Linux; Android 4.4.2; E75128 Build/KVT49L) AppleWebKit/537.36 (KHTML, like Gecko) Version/4.0 Chrome/30.0.0.0 Safari/537.36"
95.151.241.57 - - [06/Jan/2017:00:32:41 +0000] "GET /js/aw_ajaxcartpro/updaters/skipLinks.js HTTP/1.1" 200 635 "https://www.choicestationery.com/" "Mozilla/5.0 (Linux; Android 4.4.2; E75128 Build/KVT49L) AppleWebKit/537.36 (KHTML, like Gecko) Version/4.0 Chrome/30.0.0.0 Safari/537.36"
95.151.241.57 - - [06/Jan/2017:00:32:41 +0000] "GET /js/aw_ajaxcartpro/updaters/options.js HTTP/1.1" 200 374 "https://www.choicestationery.com/" "Mozilla/5.0 (Linux; Android 4.4.2; E75128 Build/KVT49L) AppleWebKit/537.36 (KHTML, like Gecko) Version/4.0 Chrome/30.0.0.0 Safari/537.36"
95.151.241.57 - - [06/Jan/2017:00:32:41 +0000] "GET /js/aw_ajaxcartpro/updaters/wishlist.js HTTP/1.1" 200 570 "https://www.choicestationery.com/" "Mozilla/5.0 (Linux; Android 4.4.2; E75128 Build/KVT49L) AppleWebKit/537.36 (KHTML, like Gecko) Version/4.0 Chrome/30.0.0.0 Safari/537.36"
95.151.241.57 - - [06/Jan/2017:00:32:42 +0000] "GET /js/aw_ajaxcartpro/updaters/miniWishlist.js HTTP/1.1" 200 224 "https://www.choicestationery.com/" "Mozilla/5.0 (Linux; Android 4.4.2; E75128 Build/KVT49L) AppleWebKit/537.36 (KHTML, like Gecko) Version/4.0 Chrome/30.0.0.0 Safari/537.36"
2.97.72.144 - - [06/Jan/2017:00:32:43 +0000] "GET /media/catalog/product/cache/1/small_image/210x/9df78eab33525d08d6e5fb8d27136e95/2/1/2100048.jpg HTTP/1.1" 200 6300 "https://www.choicestationery.com/catalogsearch/result/?cat=0&q=desk+pad" "Mozilla/5.0 (Windows NT 6.3; WOW64) AppleWebKit/537.36 (KHTML, like Gecko) Chrome/55.0.2883.87 Safari/537.36"
66.249.76.122 - - [06/Jan/2017:00:32:43 +0000] "GET /no-name-table-lamp-led-with-usb-port-11w.html HTTP/1.1" 302 0 "-" "Mozilla/5.0 (compatible; Googlebot/2.1; +http://www.google.com/bot.html)"
95.151.241.57 - - [06/Jan/2017:00:32:44 +0000] "GET /skin/frontend/default/choice/fonts/glyphicons-halflings-regular.woff HTTP/1.1" 200 23320 "https://www.choicestationery.com/" "Mozilla/5.0 (Linux; Android 4.4.2; E75128 Build/KVT49L) AppleWebKit/537.36 (KHTML, like Gecko) Version/4.0 Chrome/30.0.0.0 Safari/537.36"
95.151.241.57 - - [06/Jan/2017:00:32:44 +0000] "GET /skin/frontend/base/default/megamenu/fonts/glyphicons-halflings-regular.woff HTTP/1.1" 200 23424 "https://www.choicestationery.com/" "Mozilla/5.0 (Linux; Android 4.4.2; E75128 Build/KVT49L) AppleWebKit/537.36 (KHTML, like Gecko) Version/4.0 Chrome/30.0.0.0 Safari/537.36"
95.151.241.57 - - [06/Jan/2017:00:32:44 +0000] "GET /skin/frontend/default/choice/fonts/fontawesome-webfont.woff?v=4.3.0 HTTP/1.1" 200 71508 "https://www.choicestationery.com/" "Mozilla/5.0 (Linux; Android 4.4.2; E75128 Build/KVT49L) AppleWebKit/537.36 (KHTML, like Gecko) Version/4.0 Chrome/30.0.0.0 Safari/537.36"
95.151.241.57 - - [06/Jan/2017:00:32:44 +0000] "GET /js/aw_ajaxcartpro/updaters/addProductConfirmation.js HTTP/1.1" 200 213 "https://www.choicestationery.com/" "Mozilla/5.0 (Linux; Android 4.4.2; E75128 Build/KVT49L) AppleWebKit/537.36 (KHTML, like Gecko) Version/4.0 Chrome/30.0.0.0 Safari/537.36"
2.97.72.144 - - [06/Jan/2017:00:32:44 +0000] "GET /media/catalog/product/cache/1/small_image/210x/9df78eab33525d08d6e5fb8d27136e95/1/0/100080519.jpg HTTP/1.1" 200 7694 "https://www.choicestationery.com/catalogsearch/result/?cat=0&q=desk+pad" "Mozilla/5.0 (Windows NT 6.3; WOW64) AppleWebKit/537.36 (KHTML, like Gecko) Chrome/55.0.2883.87 Safari/537.36"
2.97.72.144 - - [06/Jan/2017:00:32:45 +0000] "GET /media/catalog/product/cache/1/small_image/210x/9df78eab33525d08d6e5fb8d27136e95/F/D/FDBPWH50.jpg HTTP/1.1" 200 2570 "https://www.choicestationery.com/catalogsearch/result/?cat=0&q=desk+pad" "Mozilla/5.0 (Windows NT 6.3; WOW64) AppleWebKit/537.36 (KHTML, like Gecko) Chrome/55.0.2883.87 Safari/537.36"
66.249.76.122 - - [06/Jan/2017:00:32:45 +0000] "GET /special-offer-multipack-8-replacement-cartridges-39408.html HTTP/1.1" 302 0 "-" "Mozilla/5.0 (Linux; Android 6.0.1; Nexus 5X Build/MMB29P) AppleWebKit/537.36 (KHTML, like Gecko) Chrome/41.0.2272.96 Mobile Safari/537.36 (compatible; Googlebot/2.1; +http://www.google.com/bot.html)"
2.97.72.144 - - [06/Jan/2017:00:32:46 +0000] "GET /media/catalog/product/cache/1/small_image/210x/9df78eab33525d08d6e5fb8d27136e95/L/7/L778125.jpg HTTP/1.1" 200 8450 "https://www.choicestationery.com/catalogsearch/result/?cat=0&q=desk+pad" "Mozilla/5.0 (Windows NT 6.3; WOW64) AppleWebKit/537.36 (KHTML, like Gecko) Chrome/55.0.2883.87 Safari/537.36"
66.249.76.122 - - [06/Jan/2017:00:32:46 +0000] "GET /papura-facial-tissues-from-sugar-cane-minus-chlorine-bleach-3-ply-100-sheets-ref-1512.html HTTP/1.1" 302 0 "-" "Mozilla/5.0 (compatible; Googlebot/2.1; +http://www.google.com/bot.html)"
