66.249.76.116 - - [06/Jan/2017:00:06:10 +0000] "GET /skin/frontend/base/default/css/amasty/amfinder.css HTTP/1.1" 200 694 "https://www.choicestationery.com/" "Mozilla/5.0 (Linux; Android 6.0.1; Nexus 5X Build/MMB29P) AppleWebKit/537.36 (KHTML, like Gecko) Chrome/41.0.2272.96 Mobile Safari/537.36 (compatible; Googlebot/2.1; +http://www.google.com/bot.html)"
66.249.76.116 - - [06/Jan/2017:00:06:10 +0000] "GET /skin/frontend/base/default/ajaxcartpro/css/styles.css HTTP/1.1" 200 1002 "https://www.choicestationery.com/" "Mozilla/5.0 (Linux; Android 6.0.1; Nexus 5X Build/MMB29P) AppleWebKit/537.36 (KHTML, like Gecko) Chrome/41.0.2272.96 Mobile Safari/537.36 (compatible; Googlebot/2.1; +http://www.google.com/bot.html)"
66.249.76.116 - - [06/Jan/2017:00:06:11 +0000] "GET /skin/frontend/default/choice/css/amlabel.css HTTP/1.1" 200 389 "https://www.choicestationery.com/" "Mozilla/5.0 (Linux; Android 6.0.1; Nexus 5X Build/MMB29P) AppleWebKit/537.36 (KHTML, like Gecko) Chrome/41.0.2272.96 Mobile Safari/537.36 (compatible; Googlebot/2.1; +http://www.google.com/bot.html)"
66.249.76.116 - - [06/Jan/2017:00:06:11 +0000] "GET /skin/frontend/base/default/css/widgets.css HTTP/1.1" 200 1235 "https://www.choicestationery.com/" "Mozilla/5.0 (Linux; Android 6.0.1; Nexus 5X Build/MMB29P) AppleWebKit/537.36 (KHTML, like Gecko) Chrome/41.0.2272.96 Mobile Safari/537.36 (compatible; Googlebot/2.1; +http://www.google.com/bot.html)"
66.249.76.116 - - [06/Jan/2017:00:06:12 +0000] "GET /skin/frontend/default/choice/css/flint_feefo.css HTTP/1.1" 200 182 "https://www.choicestationery.com/" "Mozilla/5.0 (Linux; Android 6.0.1; Nexus 5X Build/MMB29P) AppleWebKit/537.36 (KHTML, like Gecko) Chrome/41.0.2272.96 Mobile Safari/537.36 (compatible; Googlebot/2.1; +http://www.google.com/bot.html)"
66.249.69.218 - - [06/Jan/2017:00:06:12 +0000] "GET /skin/frontend/base/default/megamenu/css/megamenulibrary.css HTTP/1.1" 200 6951 "https://www.choicestationery.com/" "Mozilla/5.0 (Linux; Android 6.0.1; Nexus 5X Build/MMB29P) AppleWebKit/537.36 (KHTML, like Gecko) Chrome/41.0.2272.96 Mobile Safari/537.36 (compatible; Googlebot/2.1; +http://www.google.com/bot.html)"
46.229.168.69 - - [06/Jan/2017:00:06:12 +0000] "GET /enable-cookies HTTP/1.1" 302 0 "-" "Mozilla/5.0 (compatible; SemrushBot/1.1~bl; +http://www.semrush.com/bot.html)"
66.249.76.116 - - [06/Jan/2017:00:06:13 +0000] "GET /skin/frontend/base/default/css/aw_afptc/styles.css HTTP/1.1" 200 502 "https://www.choicestationery.com/" "Mozilla/5.0 (Linux; Android 6.0.1; Nexus 5X Build/MMB29P) AppleWebKit/537.36 (KHTML, like Gecko) Chrome/41.0.2272.96 Mobile Safari/537.36 (compatible; Googlebot/2.1; +http://www.google.com/bot.html)"
66.249.76.116 - - [06/Jan/2017:00:06:13 +0000] "GET /skin/frontend/default/choice/css/camera.css HTTP/1.1" 200 3801 "https://www.choicestationery.com/" "Mozilla/5.0 (Linux; Android 6.0.1; Nexus 5X Build/MMB29P) AppleWebKit/537.36 (KHTML, like Gecko) Chrome/41.0.2272.96 Mobile Safari/537.36 (compatible; Googlebot/2.1; +http://www.google.com/bot.html)"
66.249.76.116 - - [06/Jan/2017:00:06:14 +0000] "GET /skin/frontend/base/default/css/mirasvit_searchindex.css HTTP/1.1" 200 732 "https://www.choicestationery.com/" "Mozilla/5.0 (Linux; Android 6.0.1; Nexus 5X Build/MMB29P) AppleWebKit/537.36 (KHTML, like Gecko) Chrome/41.0.2272.96 Mobile Safari/537.36 (compatible; Googlebot/2.1; +http://www.google.com/bot.html)"
157.55.39.143 - - [06/Jan/2017:00:06:14 +0000] "GET /printer-supplies.html/?find=lexmark-x-x-3470-99906 HTTP/1.1" 302 0 "-" "Mozilla/5.0 (compatible; bingbot/2.0; +http://www.bing.com/bingbot.htm)"
66.249.76.116 - - [06/Jan/2017:00:06:14 +0000] "GET /skin/frontend/default/choice/css/jquery.selectbox.css HTTP/1.1" 200 617 "https://www.choicestationery.com/" "Mozilla/5.0 (Linux; Android 6.0.1; Nexus 5X Build/MMB29P) AppleWebKit/537.36 (KHTML, like Gecko) Chrome/41.0.2272.96 Mobile Safari/537.36 (compatible; Googlebot/2.1; +http://www.google.com/bot.html)"
66.249.76.116 - - [06/Jan/2017:00:06:15 +0000] "GET /skin/frontend/base/default/css/amlist.css HTTP/1.1" 200 227 "https://www.choicestationery.com/" "Mozilla/5.0 (Linux; Android 6.0.1; Nexus 5X Build/MMB29P) AppleWebKit/537.36 (KHTML, like Gecko) Chrome/41.0.2272.96 Mobile Safari/537.36 (compatible; Googlebot/2.1; +http://www.google.com/bot.html)"
66.249.76.116 - - [06/Jan/2017:00:06:15 +0000] "GET /skin/frontend/base/default/css/mirasvit/searchautocomplete/default.css HTTP/1.1" 200 1079 "https://www.choicestationery.com/" "Mozilla/5.0 (Linux; Android 6.0.1; Nexus 5X Build/MMB29P) AppleWebKit/537.36 (KHTML, like Gecko) Chrome/41.0.2272.96 Mobile Safari/537.36 (compatible; Googlebot/2.1; +http://www.google.com/bot.html)"
66.249.76.116 - - [06/Jan/2017:00:06:16 +0000] "GET /skin/frontend/default/choice/css/easylightbox.css HTTP/1.1" 200 669 "https://www.choicestationery.com/" "Mozilla/5.0 (Linux; Android 6.0.1; Nexus 5X Build/MMB29P) AppleWebKit/537.36 (KHTML, like Gecko) Chrome/41.0.2272.96 Mobile Safari/537.36 (compatible; Googlebot/2.1; +http://www.google.com/bot.html)"
66.249.76.116 - - [06/Jan/2017:00:06:16 +0000] "GET /skin/frontend/default/choice/css/j2t-rewardpoints.css HTTP/1.1" 200 345 "https://www.choicestationery.com/" "Mozilla/5.0 (Linux; Android 6.0.1; Nexus 5X Build/MMB29P) AppleWebKit/537.36 (KHTML, like Gecko) Chrome/41.0.2272.96 Mobile Safari/537.36 (compatible; Googlebot/2.1; +http://www.google.com/bot.html)"
46.229.168.66 - - [06/Jan/2017:00:06:16 +0000] "GET /enable-cookies HTTP/1.1" 302 0 "-" "Mozilla/5.0 (compatible; SemrushBot/1.1~bl; +http://www.semrush.com/bot.html)"
66.249.76.116 - - [06/Jan/2017:00:06:17 +0000] "GET /skin/frontend/default/choice/css/bootstrap.min.css HTTP/1.1" 200 19998 "https://www.choicestationery.com/" "Mozilla/5.0 (Linux; Android 6.0.1; Nexus 5X Build/MMB29P) AppleWebKit/537.36 (KHTML, like Gecko) Chrome/41.0.2272.96 Mobile Safari/537.36 (compatible; Googlebot/2.1; +http://www.google.com/bot.html)"
66.249.69.218 - - [06/Jan/2017:00:06:17 +0000] "GET /skin/frontend/base/default/megamenu/css/megamenu.css HTTP/1.1" 200 2089 "https://www.choicestationery.com/" "Mozilla/5.0 (Linux; Android 6.0.1; Nexus 5X Build/MMB29P) AppleWebKit/537.36 (KHTML, like Gecko) Chrome/41.0.2272.96 Mobile Safari/537.36 (compatible; Googlebot/2.1; +http://www.google.com/bot.html)"
66.249.76.116 - - [06/Jan/2017:00:06:18 +0000] "GET /skin/frontend/default/choice/js/cycle2slider.css HTTP/1.1" 200 859 "https://www.choicestationery.com/" "Mozilla/5.0 (Linux; Android 6.0.1; Nexus 5X Build/MMB29P) AppleWebKit/537.36 (KHTML, like Gecko) Chrome/41.0.2272.96 Mobile Safari/537.36 (compatible; Googlebot/2.1; +http://www.google.com/bot.html)"
66.249.76.116 - - [06/Jan/2017:00:06:18 +0000] "GET /skin/frontend/default/choice/css/font-awesome.min.css HTTP/1.1" 200 5545 "https://www.choicestationery.com/" "Mozilla/5.0 (Linux; Android 6.0.1; Nexus 5X Build/MMB29P) AppleWebKit/537.36 (KHTML, like Gecko) Chrome/41.0.2272.96 Mobile Safari/537.36 (compatible; Googlebot/2.1; +http://www.google.com/bot.html)"
66.249.76.116 - - [06/Jan/2017:00:06:19 +0000] "GET /skin/frontend/default/choice/css/owl.carousel.css HTTP/1.1" 200 534 "https://www.choicestationery.com/" "Mozilla/5.0 (Linux; Android 6.0.1; Nexus 5X Build/MMB29P) AppleWebKit/537.36 (KHTML, like Gecko) Chrome/41.0.2272.96 Mobile Safari/537.36 (compatible; Googlebot/2.1; +http://www.google.com/bot.html)"
66.249.76.116 - - [06/Jan/2017:00:06:19 +0000] "GET /skin/frontend/default/choice/css/style.css HTTP/1.1" 200 20506 "https://www.choicestationery.com/" "Mozilla/5.0 (Linux; Android 6.0.1; Nexus 5X Build/MMB29P) AppleWebKit/537.36 (KHTML, like Gecko) Chrome/41.0.2272.96 Mobile Safari/537.36 (compatible; Googlebot/2.1; +http://www.google.com/bot.html)"
66.249.76.116 - - [06/Jan/2017:00:06:20 +0000] "GET /skin/frontend/base/default/sagepaysuite/css/sagePaySuite.css HTTP/1.1" 200 377 "https://www.choicestationery.com/" "Mozilla/5.0 (Linux; Android 6.0.1; Nexus 5X Build/MMB29P) AppleWebKit/537.36 (KHTML, like Gecko) Chrome/41.0.2272.96 Mobile Safari/537.36 (compatible; Googlebot/2.1; +http://www.google.com/bot.html)"
66.249.69.218 - - [06/Jan/2017:00:06:20 +0000] "GET /skin/frontend/default/choice/css/custom.css HTTP/1.1" 200 3209 "https://www.choicestationery.com/" "Mozilla/5.0 (Linux; Android 6.0.1; Nexus 5X Build/MMB29P) AppleWebKit/537.36 (KHTML, like Gecko) Chrome/41.0.2272.96 Mobile Safari/537.36 (compatible; Googlebot/2.1; +http://www.google.com/bot.html)"
66.249.76.116 - - [06/Jan/2017:00:06:21 +0000] "GET /skin/frontend/default/choice/css/styles_edited.css HTTP/1.1" 200 17794 "https://www.choicestationery.com/" "Mozilla/5.0 (Linux; Android 6.0.1; Nexus 5X Build/MMB29P) AppleWebKit/537.36 (KHTML, like Gecko) Chrome/41.0.2272.96 Mobile Safari/537.36 (compatible; Googlebot/2.1; +http://www.google.com/bot.html)"
66.249.76.116 - - [06/Jan/2017:00:06:21 +0000] "GET /js/megamenu/jquery-1.11.2.min.js HTTP/1.1" 200 33282 "https://www.choicestationery.com/" "Mozilla/5.0 (Linux; Android 6.0.1; Nexus 5X Build/MMB29P) AppleWebKit/537.36 (KHTML, like Gecko) Chrome/41.0.2272.96 Mobile Safari/537.36 (compatible; Googlebot/2.1; +http://www.google.com/bot.html)"
66.249.76.116 - - [06/Jan/2017:00:06:22 +0000] "GET /js/lib/ccard.js HTTP/1.1" 200 437 "https://www.choicestationery.com/" "Mozilla/5.0 (Linux; Android 6.0.1; Nexus 5X Build/MMB29P) AppleWebKit/537.36 (KHTML, like Gecko) Chrome/41.0.2272.96 Mobile Safari/537.36 (compatible; Googlebot/2.1; +http://www.google.com/bot.html)"
185.129.148.217 - Mila [06/Jan/2017:00:06:21 +0000] "GET /rss/catalog/notifystock/ HTTP/1.1" 401 44 "-" "-"
66.249.76.116 - - [06/Jan/2017:00:06:22 +0000] "GET /js/scriptaculous/dragdrop.js HTTP/1.1" 200 7528 "https://www.choicestationery.com/" "Mozilla/5.0 (Linux; Android 6.0.1; Nexus 5X Build/MMB29P) AppleWebKit/537.36 (KHTML, like Gecko) Chrome/41.0.2272.96 Mobile Safari/537.36 (compatible; Googlebot/2.1; +http://www.google.com/bot.html)"
66.249.69.218 - - [06/Jan/2017:00:06:23 +0000] "GET /js/prototype/prototype.js HTTP/1.1" 200 37294 "https://www.choicestationery.com/" "Mozilla/5.0 (Linux; Android 6.0.1; Nexus 5X Build/MMB29P) AppleWebKit/537.36 (KHTML, like Gecko) Chrome/41.0.2272.96 Mobile Safari/537.36 (compatible; Googlebot/2.1; +http://www.google.com/bot.html)"
66.249.69.218 - - [06/Jan/2017:00:06:23 +0000] "GET /js/scriptaculous/builder.js HTTP/1.1" 200 1841 "https://www.choicestationery.com/" "Mozilla/5.0 (Linux; Android 6.0.1; Nexus 5X Build/MMB29P) AppleWebKit/537.36 (KHTML, like Gecko) Chrome/41.0.2272.96 Mobile Safari/537.36 (compatible; Googlebot/2.1; +http://www.google.com/bot.html)"
66.249.76.116 - - [06/Jan/2017:00:06:24 +0000] "GET /js/scriptaculous/controls.js HTTP/1.1" 200 9030 "https://www.choicestationery.com/" "Mozilla/5.0 (Linux; Android 6.0.1; Nexus 5X Build/MMB29P) AppleWebKit/537.36 (KHTML, like Gecko) Chrome/41.0.2272.96 Mobile Safari/537.36 (compatible; Googlebot/2.1; +http://www.google.com/bot.html)"
176.123.6.216 - Valentina [06/Jan/2017:00:06:23 +0000] "GET /rss/catalog/review/ HTTP/1.1" 401 44 "-" "-"
66.249.76.116 - - [06/Jan/2017:00:06:24 +0000] "GET /js/scriptaculous/slider.js HTTP/1.1" 200 2696 "https://www.choicestationery.com/" "Mozilla/5.0 (Linux; Android 6.0.1; Nexus 5X Build/MMB29P) AppleWebKit/537.36 (KHTML, like Gecko) Chrome/41.0.2272.96 Mobile Safari/537.36 (compatible; Googlebot/2.1; +http://www.google.com/bot.html)"
66.249.76.116 - - [06/Jan/2017:00:06:25 +0000] "GET /js/scriptaculous/effects.js HTTP/1.1" 200 8775 "https://www.choicestationery.com/" "Mozilla/5.0 (Linux; Android 6.0.1; Nexus 5X Build/MMB29P) AppleWebKit/537.36 (KHTML, like Gecko) Chrome/41.0.2272.96 Mobile Safari/537.36 (compatible; Googlebot/2.1; +http://www.google.com/bot.html)"
66.249.76.116 - - [06/Jan/2017:00:06:25 +0000] "GET /js/varien/js.js HTTP/1.1" 200 6323 "https://www.choicestationery.com/" "Mozilla/5.0 (Linux; Android 6.0.1; Nexus 5X Build/MMB29P) AppleWebKit/537.36 (KHTML, like Gecko) Chrome/41.0.2272.96 Mobile Safari/537.36 (compatible; Googlebot/2.1; +http://www.google.com/bot.html)"
66.249.76.116 - - [06/Jan/2017:00:06:26 +0000] "GET /js/prototype/validation.js HTTP/1.1" 200 9103 "https://www.choicestationery.com/" "Mozilla/5.0 (Linux; Android 6.0.1; Nexus 5X Build/MMB29P) AppleWebKit/537.36 (KHTML, like Gecko) Chrome/41.0.2272.96 Mobile Safari/537.36 (compatible; Googlebot/2.1; +http://www.google.com/bot.html)"
66.249.76.116 - - [06/Jan/2017:00:06:26 +0000] "GET /js/aw_ajaxcartpro/ajaxcartpro.js HTTP/1.1" 200 5727 "https://www.choicestationery.com/" "Mozilla/5.0 (Linux; Android 6.0.1; Nexus 5X Build/MMB29P) AppleWebKit/537.36 (KHTML, like Gecko) Chrome/41.0.2272.96 Mobile Safari/537.36 (compatible; Googlebot/2.1; +http://www.google.com/bot.html)"
66.249.76.116 - - [06/Jan/2017:00:06:27 +0000] "GET /js/aw_ajaxcartpro/observers/clickOnAddToCartInOptionsPopup.js HTTP/1.1" 200 485 "https://www.choicestationery.com/" "Mozilla/5.0 (Linux; Android 6.0.1; Nexus 5X Build/MMB29P) AppleWebKit/537.36 (KHTML, like Gecko) Chrome/41.0.2272.96 Mobile Safari/537.36 (compatible; Googlebot/2.1; +http://www.google.com/bot.html)"
66.249.69.218 - - [06/Jan/2017:00:06:27 +0000] "GET /js/varien/product.js HTTP/1.1" 200 5937 "https://www.choicestationery.com/" "Mozilla/5.0 (Linux; Android 6.0.1; Nexus 5X Build/MMB29P) AppleWebKit/537.36 (KHTML, like Gecko) Chrome/41.0.2272.96 Mobile Safari/537.36 (compatible; Googlebot/2.1; +http://www.google.com/bot.html)"
66.249.69.218 - - [06/Jan/2017:00:06:28 +0000] "GET /js/aw_ajaxcartpro/product.js HTTP/1.1" 200 2163 "https://www.choicestationery.com/" "Mozilla/5.0 (Linux; Android 6.0.1; Nexus 5X Build/MMB29P) AppleWebKit/537.36 (KHTML, like Gecko) Chrome/41.0.2272.96 Mobile Safari/537.36 (compatible; Googlebot/2.1; +http://www.google.com/bot.html)"
66.249.76.116 - - [06/Jan/2017:00:06:28 +0000] "GET /js/varien/form.js HTTP/1.1" 200 3185 "https://www.choicestationery.com/" "Mozilla/5.0 (Linux; Android 6.0.1; Nexus 5X Build/MMB29P) AppleWebKit/537.36 (KHTML, like Gecko) Chrome/41.0.2272.96 Mobile Safari/537.36 (compatible; Googlebot/2.1; +http://www.google.com/bot.html)"
185.129.148.185 - Ryder [06/Jan/2017:00:06:27 +0000] "GET /rss/catalog/notifystock/ HTTP/1.1" 401 44 "-" "-"
66.249.76.116 - - [06/Jan/2017:00:06:29 +0000] "GET /js/amasty/amfinder/finder.js HTTP/1.1" 200 1366 "https://www.choicestationery.com/" "Mozilla/5.0 (Linux; Android 6.0.1; Nexus 5X Build/MMB29P) AppleWebKit/537.36 (KHTML, like Gecko) Chrome/41.0.2272.96 Mobile Safari/537.36 (compatible; Googlebot/2.1; +http://www.google.com/bot.html)"
66.249.76.116 - - [06/Jan/2017:00:06:29 +0000] "GET /js/mirasvit/core/jquery.min.js HTTP/1.1" 200 33467 "https://www.choicestationery.com/" "Mozilla/5.0 (Linux; Android 6.0.1; Nexus 5X Build/MMB29P) AppleWebKit/537.36 (KHTML, like Gecko) Chrome/41.0.2272.96 Mobile Safari/537.36 (compatible; Googlebot/2.1; +http://www.google.com/bot.html)"
66.249.76.116 - - [06/Jan/2017:00:06:30 +0000] "GET /js/ecommage/css3-multi-column.js HTTP/1.1" 200 10292 "https://www.choicestationery.com/" "Mozilla/5.0 (Linux; Android 6.0.1; Nexus 5X Build/MMB29P) AppleWebKit/537.36 (KHTML, like Gecko) Chrome/41.0.2272.96 Mobile Safari/537.36 (compatible; Googlebot/2.1; +http://www.google.com/bot.html)"
66.249.76.116 - - [06/Jan/2017:00:06:30 +0000] "GET /skin/frontend/base/default/js/bundle.js HTTP/1.1" 200 2310 "https://www.choicestationery.com/" "Mozilla/5.0 (Linux; Android 6.0.1; Nexus 5X Build/MMB29P) AppleWebKit/537.36 (KHTML, like Gecko) Chrome/41.0.2272.96 Mobile Safari/537.36 (compatible; Googlebot/2.1; +http://www.google.com/bot.html)"
66.249.69.218 - - [06/Jan/2017:00:06:31 +0000] "GET /skin/frontend/default/default/js/lightbox.js HTTP/1.1" 200 4806 "https://www.choicestationery.com/" "Mozilla/5.0 (Linux; Android 6.0.1; Nexus 5X Build/MMB29P) AppleWebKit/537.36 (KHTML, like Gecko) Chrome/41.0.2272.96 Mobile Safari/537.36 (compatible; Googlebot/2.1; +http://www.google.com/bot.html)"
66.249.76.116 - - [06/Jan/2017:00:06:31 +0000] "GET /js/aw_ajaxcartpro/updaters/cart.js HTTP/1.1" 200 557 "https://www.choicestationery.com/" "Mozilla/5.0 (Linux; Android 6.0.1; Nexus 5X Build/MMB29P) AppleWebKit/537.36 (KHTML, like Gecko) Chrome/41.0.2272.96 Mobile Safari/537.36 (compatible; Googlebot/2.1; +http://www.google.com/bot.html)"
66.249.76.116 - - [06/Jan/2017:00:06:32 +0000] "GET /js/mage/cookies.js HTTP/1.1" 200 1055 "https://www.choicestationery.com/" "Mozilla/5.0 (Linux; Android 6.0.1; Nexus 5X Build/MMB29P) AppleWebKit/537.36 (KHTML, like Gecko) Chrome/41.0.2272.96 Mobile Safari/537.36 (compatible; Googlebot/2.1; +http://www.google.com/bot.html)"
207.46.13.112 - - [06/Jan/2017:00:06:31 +0000] "GET /computer-supplies/presentation-supplies/copier-film.html HTTP/1.1" 200 33827 "-" "Mozilla/5.0 (compatible; bingbot/2.0; +http://www.bing.com/bingbot.htm)"
66.249.76.116 - - [06/Jan/2017:00:06:32 +0000] "GET /js/aw_ajaxcartpro/updaters/sidebar.js HTTP/1.1" 200 450 "https://www.choicestationery.com/" "Mozilla/5.0 (Linux; Android 6.0.1; Nexus 5X Build/MMB29P) AppleWebKit/537.36 (KHTML, like Gecko) Chrome/41.0.2272.96 Mobile Safari/537.36 (compatible; Googlebot/2.1; +http://www.google.com/bot.html)"
66.249.76.116 - - [06/Jan/2017:00:06:33 +0000] "GET /js/aw_ajaxcartpro/updaters/options.js HTTP/1.1" 200 374 "https://www.choicestationery.com/" "Mozilla/5.0 (Linux; Android 6.0.1; Nexus 5X Build/MMB29P) AppleWebKit/537.36 (KHTML, like Gecko) Chrome/41.0.2272.96 Mobile Safari/537.36 (compatible; Googlebot/2.1; +http://www.google.com/bot.html)"
46.229.168.70 - - [06/Jan/2017:00:06:33 +0000] "GET /machines/binding-machines.html?cat=34047&manufacturer=75&own_brand=3622&price=400- HTTP/1.1" 302 0 "-" "Mozilla/5.0 (compatible; SemrushBot/1.1~bl; +http://www.semrush.com/bot.html)"
66.249.69.218 - - [06/Jan/2017:00:06:33 +0000] "GET /js/mage/translate.js HTTP/1.1" 200 738 "https://www.choicestationery.com/" "Mozilla/5.0 (Linux; Android 6.0.1; Nexus 5X Build/MMB29P) AppleWebKit/537.36 (KHTML, like Gecko) Chrome/41.0.2272.96 Mobile Safari/537.36 (compatible; Googlebot/2.1; +http://www.google.com/bot.html)"
66.249.76.116 - - [06/Jan/2017:00:06:34 +0000] "GET /js/aw_ajaxcartpro/updaters/miniWishlist.js HTTP/1.1" 200 224 "https://www.choicestationery.com/" "Mozilla/5.0 (Linux; Android 6.0.1; Nexus 5X Build/MMB29P) AppleWebKit/537.36 (KHTML, like Gecko) Chrome/41.0.2272.96 Mobile Safari/537.36 (compatible; Googlebot/2.1; +http://www.google.com/bot.html)"
66.249.76.116 - - [06/Jan/2017:00:06:34 +0000] "GET /js/aw_ajaxcartpro/updaters/topLinks.js HTTP/1.1" 200 243 "https://www.choicestationery.com/" "Mozilla/5.0 (Linux; Android 6.0.1; Nexus 5X Build/MMB29P) AppleWebKit/537.36 (KHTML, like Gecko) Chrome/41.0.2272.96 Mobile Safari/537.36 (compatible; Googlebot/2.1; +http://www.google.com/bot.html)"
66.249.76.116 - - [06/Jan/2017:00:06:35 +0000] "GET /skin/frontend/default/choice/js/superfish.js HTTP/1.1" 200 1523 "https://www.choicestationery.com/" "Mozilla/5.0 (Linux; Android 6.0.1; Nexus 5X Build/MMB29P) AppleWebKit/537.36 (KHTML, like Gecko) Chrome/41.0.2272.96 Mobile Safari/537.36 (compatible; Googlebot/2.1; +http://www.google.com/bot.html)"
66.249.69.218 - - [06/Jan/2017:00:06:35 +0000] "GET /skin/frontend/default/choice/js/jquery.cycle2.swipe.min.js HTTP/1.1" 200 553 "https://www.choicestationery.com/" "Mozilla/5.0 (Linux; Android 6.0.1; Nexus 5X Build/MMB29P) AppleWebKit/537.36 (KHTML, like Gecko) Chrome/41.0.2272.96 Mobile Safari/537.36 (compatible; Googlebot/2.1; +http://www.google.com/bot.html)"
66.249.76.116 - - [06/Jan/2017:00:06:36 +0000] "GET /js/aw_ajaxcartpro/updaters/skipLinks.js HTTP/1.1" 200 635 "https://www.choicestationery.com/" "Mozilla/5.0 (Linux; Android 6.0.1; Nexus 5X Build/MMB29P) AppleWebKit/537.36 (KHTML, like Gecko) Chrome/41.0.2272.96 Mobile Safari/537.36 (compatible; Googlebot/2.1; +http://www.google.com/bot.html)"
40.77.167.41 - - [06/Jan/2017:00:06:36 +0000] "GET /workplace/janitorial/sanitary-refills/other-rolls.html HTTP/1.1" 302 0 "-" "Mozilla/5.0 (compatible; bingbot/2.0; +http://www.bing.com/bingbot.htm)"
66.249.76.116 - - [06/Jan/2017:00:06:36 +0000] "GET /js/aw_ajaxcartpro/updaters/wishlist.js HTTP/1.1" 200 570 "https://www.choicestationery.com/" "Mozilla/5.0 (Linux; Android 6.0.1; Nexus 5X Build/MMB29P) AppleWebKit/537.36 (KHTML, like Gecko) Chrome/41.0.2272.96 Mobile Safari/537.36 (compatible; Googlebot/2.1; +http://www.google.com/bot.html)"
66.249.69.218 - - [06/Jan/2017:00:06:37 +0000] "GET /skin/frontend/default/choice/js/mgt_lazy_image_loader/common.js HTTP/1.1" 200 202 "https://www.choicestationery.com/" "Mozilla/5.0 (Linux; Android 6.0.1; Nexus 5X Build/MMB29P) AppleWebKit/537.36 (KHTML, like Gecko) Chrome/41.0.2272.96 Mobile Safari/537.36 (compatible; Googlebot/2.1; +http://www.google.com/bot.html)"
66.249.69.218 - - [06/Jan/2017:00:06:37 +0000] "GET /js/aw_ajaxcartpro/observers/clickOnButtonInCartPageForm.js HTTP/1.1" 200 690 "https://www.choicestationery.com/" "Mozilla/5.0 (Linux; Android 6.0.1; Nexus 5X Build/MMB29P) AppleWebKit/537.36 (KHTML, like Gecko) Chrome/41.0.2272.96 Mobile Safari/537.36 (compatible; Googlebot/2.1; +http://www.google.com/bot.html)"
46.229.168.72 - - [06/Jan/2017:00:06:37 +0000] "GET /workplace/clothing/trousers.html?colour=3470&manufacturer=2237&own_brand=3622 HTTP/1.1" 302 0 "-" "Mozilla/5.0 (compatible; SemrushBot/1.1~bl; +http://www.semrush.com/bot.html)"
66.249.69.218 - - [06/Jan/2017:00:06:38 +0000] "GET /js/aw_ajaxcartpro/updaters/addProductConfirmation.js HTTP/1.1" 200 213 "https://www.choicestationery.com/" "Mozilla/5.0 (Linux; Android 6.0.1; Nexus 5X Build/MMB29P) AppleWebKit/537.36 (KHTML, like Gecko) Chrome/41.0.2272.96 Mobile Safari/537.36 (compatible; Googlebot/2.1; +http://www.google.com/bot.html)"
66.249.76.116 - - [06/Jan/2017:00:06:38 +0000] "GET /js/aw_ajaxcartpro/observers/clickOnAddToCartInProductPage.js HTTP/1.1" 200 698 "https://www.choicestationery.com/" "Mozilla/5.0 (Linux; Android 6.0.1; Nexus 5X Build/MMB29P) AppleWebKit/537.36 (KHTML, like Gecko) Chrome/41.0.2272.96 Mobile Safari/537.36 (compatible; Googlebot/2.1; +http://www.google.com/bot.html)"
66.249.76.116 - - [06/Jan/2017:00:06:39 +0000] "GET /js/aw_ajaxcartpro/observers/clickOnAddToCartInMiniWishlist.js HTTP/1.1" 200 614 "https://www.choicestationery.com/" "Mozilla/5.0 (Linux; Android 6.0.1; Nexus 5X Build/MMB29P) AppleWebKit/537.36 (KHTML, like Gecko) Chrome/41.0.2272.96 Mobile Safari/537.36 (compatible; Googlebot/2.1; +http://www.google.com/bot.html)"
66.249.76.116 - - [06/Jan/2017:00:06:39 +0000] "GET /js/mirasvit/core/underscore.js HTTP/1.1" 200 4585 "https://www.choicestationery.com/" "Mozilla/5.0 (Linux; Android 6.0.1; Nexus 5X Build/MMB29P) AppleWebKit/537.36 (KHTML, like Gecko) Chrome/41.0.2272.96 Mobile Safari/537.36 (compatible; Googlebot/2.1; +http://www.google.com/bot.html)"
66.249.69.218 - - [06/Jan/2017:00:06:40 +0000] "GET /js/aw_ajaxcartpro/observers/clickOnAddToCartInCategoryList.js HTTP/1.1" 200 618 "https://www.choicestationery.com/" "Mozilla/5.0 (Linux; Android 6.0.1; Nexus 5X Build/MMB29P) AppleWebKit/537.36 (KHTML, like Gecko) Chrome/41.0.2272.96 Mobile Safari/537.36 (compatible; Googlebot/2.1; +http://www.google.com/bot.html)"
66.249.69.218 - - [06/Jan/2017:00:06:40 +0000] "GET /js/mirasvit/core/backbone.js HTTP/1.1" 200 5786 "https://www.choicestationery.com/" "Mozilla/5.0 (Linux; Android 6.0.1; Nexus 5X Build/MMB29P) AppleWebKit/537.36 (KHTML, like Gecko) Chrome/41.0.2272.96 Mobile Safari/537.36 (compatible; Googlebot/2.1; +http://www.google.com/bot.html)"
66.249.76.116 - - [06/Jan/2017:00:06:41 +0000] "GET /skin/frontend/default/choice/js/bootstrap.js HTTP/1.1" 200 10601 "https://www.choicestationery.com/" "Mozilla/5.0 (Linux; Android 6.0.1; Nexus 5X Build/MMB29P) AppleWebKit/537.36 (KHTML, like Gecko) Chrome/41.0.2272.96 Mobile Safari/537.36 (compatible; Googlebot/2.1; +http://www.google.com/bot.html)"
66.249.69.218 - - [06/Jan/2017:00:06:41 +0000] "GET /js/aw_ajaxcartpro/updaters/removeProductConfirmation.js HTTP/1.1" 200 215 "https://www.choicestationery.com/" "Mozilla/5.0 (Linux; Android 6.0.1; Nexus 5X Build/MMB29P) AppleWebKit/537.36 (KHTML, like Gecko) Chrome/41.0.2272.96 Mobile Safari/537.36 (compatible; Googlebot/2.1; +http://www.google.com/bot.html)"
66.249.76.116 - - [06/Jan/2017:00:06:42 +0000] "GET /js/mirasvit/code/searchautocomplete/autocomplete.js HTTP/1.1" 200 1854 "https://www.choicestationery.com/" "Mozilla/5.0 (Linux; Android 6.0.1; Nexus 5X Build/MMB29P) AppleWebKit/537.36 (KHTML, like Gecko) Chrome/41.0.2272.96 Mobile Safari/537.36 (compatible; Googlebot/2.1; +http://www.google.com/bot.html)"
66.249.76.116 - - [06/Jan/2017:00:06:42 +0000] "GET /skin/frontend/default/choice/js/noconflict.js HTTP/1.1" 200 568 "https://www.choicestationery.com/" "Mozilla/5.0 (Linux; Android 6.0.1; Nexus 5X Build/MMB29P) AppleWebKit/537.36 (KHTML, like Gecko) Chrome/41.0.2272.96 Mobile Safari/537.36 (compatible; Googlebot/2.1; +http://www.google.com/bot.html)"
66.249.69.218 - - [06/Jan/2017:00:06:43 +0000] "GET /skin/frontend/default/choice/js/owl.carousel.js HTTP/1.1" 200 8700 "https://www.choicestationery.com/" "Mozilla/5.0 (Linux; Android 6.0.1; Nexus 5X Build/MMB29P) AppleWebKit/537.36 (KHTML, like Gecko) Chrome/41.0.2272.96 Mobile Safari/537.36 (compatible; Googlebot/2.1; +http://www.google.com/bot.html)"
66.249.76.116 - - [06/Jan/2017:00:06:43 +0000] "GET /skin/frontend/default/choice/js/jquery.easing.1.3.js HTTP/1.1" 200 1998 "https://www.choicestationery.com/" "Mozilla/5.0 (Linux; Android 6.0.1; Nexus 5X Build/MMB29P) AppleWebKit/537.36 (KHTML, like Gecko) Chrome/41.0.2272.96 Mobile Safari/537.36 (compatible; Googlebot/2.1; +http://www.google.com/bot.html)"
66.249.76.116 - - [06/Jan/2017:00:06:44 +0000] "GET /skin/frontend/default/choice/js/scripts.js HTTP/1.1" 200 2325 "https://www.choicestationery.com/" "Mozilla/5.0 (Linux; Android 6.0.1; Nexus 5X Build/MMB29P) AppleWebKit/537.36 (KHTML, like Gecko) Chrome/41.0.2272.96 Mobile Safari/537.36 (compatible; Googlebot/2.1; +http://www.google.com/bot.html)"
66.249.76.116 - - [06/Jan/2017:00:06:44 +0000] "GET /skin/frontend/default/choice/js/jquery.jcarousel.min.js HTTP/1.1" 200 4496 "https://www.choicestationery.com/" "Mozilla/5.0 (Linux; Android 6.0.1; Nexus 5X Build/MMB29P) AppleWebKit/537.36 (KHTML, like Gecko) Chrome/41.0.2272.96 Mobile Safari/537.36 (compatible; Googlebot/2.1; +http://www.google.com/bot.html)"
66.249.76.116 - - [06/Jan/2017:00:06:45 +0000] "GET /skin/frontend/default/choice/js/mgt_lazy_image_loader/lazy-image-loader.js HTTP/1.1" 200 1602 "https://www.choicestationery.com/" "Mozilla/5.0 (Linux; Android 6.0.1; Nexus 5X Build/MMB29P) AppleWebKit/537.36 (KHTML, like Gecko) Chrome/41.0.2272.96 Mobile Safari/537.36 (compatible; Googlebot/2.1; +http://www.google.com/bot.html)"
66.249.76.116 - - [06/Jan/2017:00:06:45 +0000] "GET /js/aw_ajaxcartpro/observers/clickOnDeleteFromCart.js HTTP/1.1" 200 630 "https://www.choicestationery.com/" "Mozilla/5.0 (Linux; Android 6.0.1; Nexus 5X Build/MMB29P) AppleWebKit/537.36 (KHTML, like Gecko) Chrome/41.0.2272.96 Mobile Safari/537.36 (compatible; Googlebot/2.1; +http://www.google.com/bot.html)"
66.249.76.116 - - [06/Jan/2017:00:06:46 +0000] "GET /js/ebizmarts/mailchimp/campaignCatcher.js HTTP/1.1" 200 328 "https://www.choicestationery.com/" "Mozilla/5.0 (Linux; Android 6.0.1; Nexus 5X Build/MMB29P) AppleWebKit/537.36 (KHTML, like Gecko) Chrome/41.0.2272.96 Mobile Safari/537.36 (compatible; Googlebot/2.1; +http://www.google.com/bot.html)"
66.249.76.116 - - [06/Jan/2017:00:06:46 +0000] "GET /js/mirasvit/code/searchautocomplete/form.js HTTP/1.1" 200 454 "https://www.choicestationery.com/" "Mozilla/5.0 (Linux; Android 6.0.1; Nexus 5X Build/MMB29P) AppleWebKit/537.36 (KHTML, like Gecko) Chrome/41.0.2272.96 Mobile Safari/537.36 (compatible; Googlebot/2.1; +http://www.google.com/bot.html)"
66.249.69.218 - - [06/Jan/2017:00:06:47 +0000] "GET /js/aw_afptc/popup.js HTTP/1.1" 200 918 "https://www.choicestationery.com/" "Mozilla/5.0 (Linux; Android 6.0.1; Nexus 5X Build/MMB29P) AppleWebKit/537.36 (KHTML, like Gecko) Chrome/41.0.2272.96 Mobile Safari/537.36 (compatible; Googlebot/2.1; +http://www.google.com/bot.html)"
66.249.69.218 - - [06/Jan/2017:00:06:47 +0000] "GET /skin/frontend/default/choice/js/html5.js HTTP/1.1" 200 1246 "https://www.choicestationery.com/" "Mozilla/5.0 (Linux; Android 6.0.1; Nexus 5X Build/MMB29P) AppleWebKit/537.36 (KHTML, like Gecko) Chrome/41.0.2272.96 Mobile Safari/537.36 (compatible; Googlebot/2.1; +http://www.google.com/bot.html)"
66.249.69.218 - - [06/Jan/2017:00:06:48 +0000] "GET /skin/frontend/default/choice/js/jquery-ui.min.js HTTP/1.1" 200 60463 "https://www.choicestationery.com/" "Mozilla/5.0 (Linux; Android 6.0.1; Nexus 5X Build/MMB29P) AppleWebKit/537.36 (KHTML, like Gecko) Chrome/41.0.2272.96 Mobile Safari/537.36 (compatible; Googlebot/2.1; +http://www.google.com/bot.html)"
66.249.76.116 - - [06/Jan/2017:00:06:48 +0000] "GET /skin/frontend/default/choice/js/jquery.elevateZoom-3.0.8.min.js HTTP/1.1" 200 6219 "https://www.choicestationery.com/" "Mozilla/5.0 (Linux; Android 6.0.1; Nexus 5X Build/MMB29P) AppleWebKit/537.36 (KHTML, like Gecko) Chrome/41.0.2272.96 Mobile Safari/537.36 (compatible; Googlebot/2.1; +http://www.google.com/bot.html)"
66.249.76.116 - - [06/Jan/2017:00:06:49 +0000] "GET /skin/frontend/default/choice/js/jquery.selectbox-0.2.min.js HTTP/1.1" 200 2777 "https://www.choicestationery.com/" "Mozilla/5.0 (Linux; Android 6.0.1; Nexus 5X Build/MMB29P) AppleWebKit/537.36 (KHTML, like Gecko) Chrome/41.0.2272.96 Mobile Safari/537.36 (compatible; Googlebot/2.1; +http://www.google.com/bot.html)"
66.249.76.116 - - [06/Jan/2017:00:06:49 +0000] "GET /skin/frontend/default/choice/js/jquery.cycle2.min.js HTTP/1.1" 200 6893 "https://www.choicestationery.com/" "Mozilla/5.0 (Linux; Android 6.0.1; Nexus 5X Build/MMB29P) AppleWebKit/537.36 (KHTML, like Gecko) Chrome/41.0.2272.96 Mobile Safari/537.36 (compatible; Googlebot/2.1; +http://www.google.com/bot.html)"
46.229.168.73 - - [06/Jan/2017:00:06:49 +0000] "GET /catalogsearch/result/index/?manufacturer=27&mode=list&own_brand=3622&q=pens HTTP/1.1" 302 0 "-" "Mozilla/5.0 (compatible; SemrushBot/1.1~bl; +http://www.semrush.com/bot.html)"
66.249.69.218 - - [06/Jan/2017:00:06:50 +0000] "GET /skin/frontend/default/choice/js/jquery.iosslider.min.js HTTP/1.1" 200 8507 "https://www.choicestationery.com/" "Mozilla/5.0 (Linux; Android 6.0.1; Nexus 5X Build/MMB29P) AppleWebKit/537.36 (KHTML, like Gecko) Chrome/41.0.2272.96 Mobile Safari/537.36 (compatible; Googlebot/2.1; +http://www.google.com/bot.html)"
66.249.76.116 - - [06/Jan/2017:00:06:50 +0000] "GET /js/megamenu/megamenu.js HTTP/1.1" 200 1110 "https://www.choicestationery.com/" "Mozilla/5.0 (Linux; Android 6.0.1; Nexus 5X Build/MMB29P) AppleWebKit/537.36 (KHTML, like Gecko) Chrome/41.0.2272.96 Mobile Safari/537.36 (compatible; Googlebot/2.1; +http://www.google.com/bot.html)"
40.77.167.41 - - [06/Jan/2017:00:06:49 +0000] "GET /avery-dennison-avery-wallet-of-labels-50x80mm-fluo-yellow-ref-16-102-120-labels.html HTTP/1.1" 200 36413 "-" "Mozilla/5.0 (compatible; bingbot/2.0; +http://www.bing.com/bingbot.htm)"
66.249.76.116 - - [06/Jan/2017:00:06:51 +0000] "GET /skin/frontend/base/default/css/widgets.css HTTP/1.1" 200 1235 "https://www.choicestationery.com/" "Mozilla/5.0 (Linux; Android 6.0.1; Nexus 5X Build/MMB29P) AppleWebKit/537.36 (KHTML, like Gecko) Chrome/41.0.2272.96 Mobile Safari/537.36 (compatible; Googlebot/2.1; +http://www.google.com/bot.html)"
66.249.76.116 - - [06/Jan/2017:00:06:51 +0000] "GET /skin/frontend/default/choice/css/superfish.css HTTP/1.1" 200 1796 "https://www.choicestationery.com/" "Mozilla/5.0 (Linux; Android 6.0.1; Nexus 5X Build/MMB29P) AppleWebKit/537.36 (KHTML, like Gecko) Chrome/41.0.2272.96 Mobile Safari/537.36 (compatible; Googlebot/2.1; +http://www.google.com/bot.html)"
66.249.69.218 - - [06/Jan/2017:00:06:52 +0000] "GET /skin/frontend/base/default/css/amlist.css HTTP/1.1" 200 227 "https://www.choicestationery.com/" "Mozilla/5.0 (Linux; Android 6.0.1; Nexus 5X Build/MMB29P) AppleWebKit/537.36 (KHTML, like Gecko) Chrome/41.0.2272.96 Mobile Safari/537.36 (compatible; Googlebot/2.1; +http://www.google.com/bot.html)"
46.229.168.67 - - [06/Jan/2017:00:06:52 +0000] "GET /5-star-envelopes-mediumweight-pocket-press-seal-90gsm-manilla-381x254mm-pack-250.html HTTP/1.1" 302 0 "-" "Mozilla/5.0 (compatible; SemrushBot/1.1~bl; +http://www.semrush.com/bot.html)"
66.249.76.116 - - [06/Jan/2017:00:06:52 +0000] "GET /skin/frontend/default/choice/css/amlabel.css HTTP/1.1" 200 389 "https://www.choicestationery.com/" "Mozilla/5.0 (Linux; Android 6.0.1; Nexus 5X Build/MMB29P) AppleWebKit/537.36 (KHTML, like Gecko) Chrome/41.0.2272.96 Mobile Safari/537.36 (compatible; Googlebot/2.1; +http://www.google.com/bot.html)"
66.249.76.116 - - [06/Jan/2017:00:06:53 +0000] "GET /skin/frontend/base/default/css/amasty/amfinder.css HTTP/1.1" 200 694 "https://www.choicestationery.com/" "Mozilla/5.0 (Linux; Android 6.0.1; Nexus 5X Build/MMB29P) AppleWebKit/537.36 (KHTML, like Gecko) Chrome/41.0.2272.96 Mobile Safari/537.36 (compatible; Googlebot/2.1; +http://www.google.com/bot.html)"
66.249.69.218 - - [06/Jan/2017:00:06:53 +0000] "GET /skin/frontend/default/choice/css/camera.css HTTP/1.1" 200 3801 "https://www.choicestationery.com/" "Mozilla/5.0 (Linux; Android 6.0.1; Nexus 5X Build/MMB29P) AppleWebKit/537.36 (KHTML, like Gecko) Chrome/41.0.2272.96 Mobile Safari/537.36 (compatible; Googlebot/2.1; +http://www.google.com/bot.html)"
185.129.148.200 - Adele [06/Jan/2017:00:06:53 +0000] "GET /rss/catalog/notifystock/ HTTP/1.1" 401 44 "-" "-"
66.249.76.116 - - [06/Jan/2017:00:06:54 +0000] "GET /skin/frontend/base/default/megamenu/css/megamenulibrary.css HTTP/1.1" 200 6951 "https://www.choicestationery.com/" "Mozilla/5.0 (Linux; Android 6.0.1; Nexus 5X Build/MMB29P) AppleWebKit/537.36 (KHTML, like Gecko) Chrome/41.0.2272.96 Mobile Safari/537.36 (compatible; Googlebot/2.1; +http://www.google.com/bot.html)"
66.249.76.116 - - [06/Jan/2017:00:06:55 +0000] "GET /skin/frontend/default/choice/css/flint_feefo.css HTTP/1.1" 200 182 "https://www.choicestationery.com/" "Mozilla/5.0 (Linux; Android 6.0.1; Nexus 5X Build/MMB29P) AppleWebKit/537.36 (KHTML, like Gecko) Chrome/41.0.2272.96 Mobile Safari/537.36 (compatible; Googlebot/2.1; +http://www.google.com/bot.html)"
66.249.76.116 - - [06/Jan/2017:00:06:54 +0000] "GET /blog/infographic-office-hoarding/ HTTP/1.1" 200 33104 "-" "Mozilla/5.0 (compatible; Googlebot/2.1; +http://www.google.com/bot.html)"
66.249.76.116 - - [06/Jan/2017:00:06:55 +0000] "GET /skin/frontend/base/default/ajaxcartpro/css/styles.css HTTP/1.1" 200 1002 "https://www.choicestationery.com/" "Mozilla/5.0 (Linux; Android 6.0.1; Nexus 5X Build/MMB29P) AppleWebKit/537.36 (KHTML, like Gecko) Chrome/41.0.2272.96 Mobile Safari/537.36 (compatible; Googlebot/2.1; +http://www.google.com/bot.html)"
66.249.76.116 - - [06/Jan/2017:00:06:56 +0000] "GET /skin/frontend/base/default/css/mirasvit/searchautocomplete/default.css HTTP/1.1" 200 1079 "https://www.choicestationery.com/" "Mozilla/5.0 (Linux; Android 6.0.1; Nexus 5X Build/MMB29P) AppleWebKit/537.36 (KHTML, like Gecko) Chrome/41.0.2272.96 Mobile Safari/537.36 (compatible; Googlebot/2.1; +http://www.google.com/bot.html)"
66.249.79.91 - - [06/Jan/2017:00:06:57 +0000] "GET /skin/frontend/default/choice/css/easylightbox.css HTTP/1.1" 200 669 "https://www.choicestationery.com/" "Mozilla/5.0 (Linux; Android 6.0.1; Nexus 5X Build/MMB29P) AppleWebKit/537.36 (KHTML, like Gecko) Chrome/41.0.2272.96 Mobile Safari/537.36 (compatible; Googlebot/2.1; +http://www.google.com/bot.html)"
66.249.76.116 - - [06/Jan/2017:00:06:57 +0000] "GET /skin/frontend/default/choice/css/j2t-rewardpoints.css HTTP/1.1" 200 345 "https://www.choicestationery.com/" "Mozilla/5.0 (Linux; Android 6.0.1; Nexus 5X Build/MMB29P) AppleWebKit/537.36 (KHTML, like Gecko) Chrome/41.0.2272.96 Mobile Safari/537.36 (compatible; Googlebot/2.1; +http://www.google.com/bot.html)"
66.249.69.218 - - [06/Jan/2017:00:06:57 +0000] "GET /skin/frontend/default/choice/css/bootstrap.min.css HTTP/1.1" 200 19998 "https://www.choicestationery.com/" "Mozilla/5.0 (Linux; Android 6.0.1; Nexus 5X Build/MMB29P) AppleWebKit/537.36 (KHTML, like Gecko) Chrome/41.0.2272.96 Mobile Safari/537.36 (compatible; Googlebot/2.1; +http://www.google.com/bot.html)"
207.46.13.74 - - [06/Jan/2017:00:06:57 +0000] "GET /index.php/office-supplies/personal-planning-accessories/ring-binders-organiser/miscellaneous.html HTTP/1.1" 302 0 "-" "Mozilla/5.0 (compatible; bingbot/2.0; +http://www.bing.com/bingbot.htm)"
66.249.76.116 - - [06/Jan/2017:00:06:58 +0000] "GET /skin/frontend/default/choice/css/font-awesome.min.css HTTP/1.1" 200 5545 "https://www.choicestationery.com/" "Mozilla/5.0 (Linux; Android 6.0.1; Nexus 5X Build/MMB29P) AppleWebKit/537.36 (KHTML, like Gecko) Chrome/41.0.2272.96 Mobile Safari/537.36 (compatible; Googlebot/2.1; +http://www.google.com/bot.html)"
66.249.76.116 - - [06/Jan/2017:00:06:58 +0000] "GET /skin/frontend/default/choice/css/owl.carousel.css HTTP/1.1" 200 534 "https://www.choicestationery.com/" "Mozilla/5.0 (Linux; Android 6.0.1; Nexus 5X Build/MMB29P) AppleWebKit/537.36 (KHTML, like Gecko) Chrome/41.0.2272.96 Mobile Safari/537.36 (compatible; Googlebot/2.1; +http://www.google.com/bot.html)"
66.249.76.116 - - [06/Jan/2017:00:06:59 +0000] "GET /skin/frontend/default/choice/css/style.css HTTP/1.1" 200 20506 "https://www.choicestationery.com/" "Mozilla/5.0 (Linux; Android 6.0.1; Nexus 5X Build/MMB29P) AppleWebKit/537.36 (KHTML, like Gecko) Chrome/41.0.2272.96 Mobile Safari/537.36 (compatible; Googlebot/2.1; +http://www.google.com/bot.html)"
66.249.76.116 - - [06/Jan/2017:00:06:59 +0000] "GET /skin/frontend/default/choice/css/custom.css HTTP/1.1" 200 3209 "https://www.choicestationery.com/" "Mozilla/5.0 (Linux; Android 6.0.1; Nexus 5X Build/MMB29P) AppleWebKit/537.36 (KHTML, like Gecko) Chrome/41.0.2272.96 Mobile Safari/537.36 (compatible; Googlebot/2.1; +http://www.google.com/bot.html)"
66.249.76.116 - - [06/Jan/2017:00:07:00 +0000] "GET /skin/frontend/default/choice/js/cycle2slider.css HTTP/1.1" 200 859 "https://www.choicestationery.com/" "Mozilla/5.0 (Linux; Android 6.0.1; Nexus 5X Build/MMB29P) AppleWebKit/537.36 (KHTML, like Gecko) Chrome/41.0.2272.96 Mobile Safari/537.36 (compatible; Googlebot/2.1; +http://www.google.com/bot.html)"
66.249.69.218 - - [06/Jan/2017:00:07:00 +0000] "GET /skin/frontend/base/default/megamenu/css/megamenu.css HTTP/1.1" 200 2089 "https://www.choicestationery.com/" "Mozilla/5.0 (Linux; Android 6.0.1; Nexus 5X Build/MMB29P) AppleWebKit/537.36 (KHTML, like Gecko) Chrome/41.0.2272.96 Mobile Safari/537.36 (compatible; Googlebot/2.1; +http://www.google.com/bot.html)"
66.249.76.116 - - [06/Jan/2017:00:07:01 +0000] "GET /skin/frontend/base/default/css/mirasvit_searchindex.css HTTP/1.1" 200 732 "https://www.choicestationery.com/" "Mozilla/5.0 (Linux; Android 6.0.1; Nexus 5X Build/MMB29P) AppleWebKit/537.36 (KHTML, like Gecko) Chrome/41.0.2272.96 Mobile Safari/537.36 (compatible; Googlebot/2.1; +http://www.google.com/bot.html)"
66.249.76.116 - - [06/Jan/2017:00:07:01 +0000] "GET /skin/frontend/base/default/css/aw_afptc/styles.css HTTP/1.1" 200 502 "https://www.choicestationery.com/" "Mozilla/5.0 (Linux; Android 6.0.1; Nexus 5X Build/MMB29P) AppleWebKit/537.36 (KHTML, like Gecko) Chrome/41.0.2272.96 Mobile Safari/537.36 (compatible; Googlebot/2.1; +http://www.google.com/bot.html)"
66.249.76.116 - - [06/Jan/2017:00:07:02 +0000] "GET /skin/frontend/default/choice/css/jquery.selectbox.css HTTP/1.1" 200 617 "https://www.choicestationery.com/" "Mozilla/5.0 (Linux; Android 6.0.1; Nexus 5X Build/MMB29P) AppleWebKit/537.36 (KHTML, like Gecko) Chrome/41.0.2272.96 Mobile Safari/537.36 (compatible; Googlebot/2.1; +http://www.google.com/bot.html)"
66.249.76.116 - - [06/Jan/2017:00:07:02 +0000] "GET /skin/frontend/default/choice/css/styles_edited.css HTTP/1.1" 200 17794 "https://www.choicestationery.com/" "Mozilla/5.0 (Linux; Android 6.0.1; Nexus 5X Build/MMB29P) AppleWebKit/537.36 (KHTML, like Gecko) Chrome/41.0.2272.96 Mobile Safari/537.36 (compatible; Googlebot/2.1; +http://www.google.com/bot.html)"
66.249.76.116 - - [06/Jan/2017:00:07:03 +0000] "GET /skin/frontend/base/default/sagepaysuite/css/sagePaySuite.css HTTP/1.1" 200 377 "https://www.choicestationery.com/" "Mozilla/5.0 (Linux; Android 6.0.1; Nexus 5X Build/MMB29P) AppleWebKit/537.36 (KHTML, like Gecko) Chrome/41.0.2272.96 Mobile Safari/537.36 (compatible; Googlebot/2.1; +http://www.google.com/bot.html)"
66.249.69.218 - - [06/Jan/2017:00:07:03 +0000] "GET /skin/frontend/default/choice/fonts/fontawesome-webfont.woff?v=4.3.0 HTTP/1.1" 200 71508 "https://www.choicestationery.com/" "Mozilla/5.0 (Linux; Android 6.0.1; Nexus 5X Build/MMB29P) AppleWebKit/537.36 (KHTML, like Gecko) Chrome/41.0.2272.96 Mobile Safari/537.36 (compatible; Googlebot/2.1; +http://www.google.com/bot.html)"
8.21.198.32 - - [06/Jan/2017:00:07:04 +0000] "GET /robots.txt HTTP/1.1" 200 450 "-" "AddThis.com (http://support.addthis.com/)"
8.21.198.32 - - [06/Jan/2017:00:07:04 +0000] "GET /office-supplies/labels/laser-labels.html HTTP/1.1" 302 0 "-" "AddThis.com (http://support.addthis.com/)"
66.249.76.116 - - [06/Jan/2017:00:07:04 +0000] "GET /awafptc/cart/getPopupHtml/ HTTP/1.1" 200 34 "https://www.choicestationery.com/" "Mozilla/5.0 (Linux; Android 6.0.1; Nexus 5X Build/MMB29P) AppleWebKit/537.36 (KHTML, like Gecko) Chrome/41.0.2272.96 Mobile Safari/537.36 (compatible; Googlebot/2.1; +http://www.google.com/bot.html)"
66.249.76.116 - - [06/Jan/2017:00:07:04 +0000] "GET /skin/frontend/default/choice/fonts/glyphicons-halflings-regular.woff HTTP/1.1" 200 23320 "https://www.choicestationery.com/" "Mozilla/5.0 (Linux; Android 6.0.1; Nexus 5X Build/MMB29P) AppleWebKit/537.36 (KHTML, like Gecko) Chrome/41.0.2272.96 Mobile Safari/537.36 (compatible; Googlebot/2.1; +http://www.google.com/bot.html)"
66.249.69.218 - - [06/Jan/2017:00:07:05 +0000] "GET /skin/frontend/base/default/megamenu/fonts/glyphicons-halflings-regular.woff HTTP/1.1" 200 23424 "https://www.choicestationery.com/" "Mozilla/5.0 (Linux; Android 6.0.1; Nexus 5X Build/MMB29P) AppleWebKit/537.36 (KHTML, like Gecko) Chrome/41.0.2272.96 Mobile Safari/537.36 (compatible; Googlebot/2.1; +http://www.google.com/bot.html)"
8.21.198.32 - - [06/Jan/2017:00:07:04 +0000] "GET / HTTP/1.1" 200 37756 "-" "AddThis.com (http://support.addthis.com/)"
66.249.76.116 - - [06/Jan/2017:00:07:05 +0000] "GET /skin/frontend/default/choice/css/print.css HTTP/1.1" 200 727 "https://www.choicestationery.com/" "Mozilla/5.0 (Linux; Android 6.0.1; Nexus 5X Build/MMB29P) AppleWebKit/537.36 (KHTML, like Gecko) Chrome/41.0.2272.96 Mobile Safari/537.36 (compatible; Googlebot/2.1; +http://www.google.com/bot.html)"
157.55.39.143 - - [06/Jan/2017:00:07:05 +0000] "GET /office-supplies/desktop-accessories.html?manufacturer=234 HTTP/1.1" 302 0 "-" "Mozilla/5.0 (compatible; bingbot/2.0; +http://www.bing.com/bingbot.htm)"
46.229.168.73 - - [06/Jan/2017:00:07:08 +0000] "GET /office-supplies/desktop-accessories/stamp-pads-ink/violet.html HTTP/1.1" 302 0 "-" "Mozilla/5.0 (compatible; SemrushBot/1.1~bl; +http://www.semrush.com/bot.html)"
46.229.168.70 - - [06/Jan/2017:00:07:13 +0000] "GET /machines/office-machine-supplies.html?cat=34106&mode=list HTTP/1.1" 302 0 "-" "Mozilla/5.0 (compatible; SemrushBot/1.1~bl; +http://www.semrush.com/bot.html)"
40.77.167.41 - - [06/Jan/2017:00:07:16 +0000] "GET /ever-ready-eveready-silver-alkaline-battery-aaa-pk8-ref-637631-pack-8.html HTTP/1.1" 302 0 "-" "Mozilla/5.0 (compatible; bingbot/2.0; +http://www.bing.com/bingbot.htm)"
185.129.148.233 - Saige [06/Jan/2017:00:07:22 +0000] "GET /rss/catalog/notifystock/ HTTP/1.1" 401 44 "-" "-"
207.46.13.74 - - [06/Jan/2017:00:07:26 +0000] "GET /special-offer-multipack-4-replacement-cartridges-249751.html HTTP/1.1" 200 40357 "-" "Mozilla/5.0 (compatible; bingbot/2.0; +http://www.bing.com/bingbot.htm)"
46.229.168.73 - - [06/Jan/2017:00:07:27 +0000] "GET /office-supplies.html?colour=3432&mode=grid HTTP/1.1" 302 0 "-" "Mozilla/5.0 (compatible; SemrushBot/1.1~bl; +http://www.semrush.com/bot.html)"
46.229.168.65 - - [06/Jan/2017:00:07:28 +0000] "GET /computer-supplies/computer-accessories.html?cat=15116&colour=3306&manufacturer=75&price=30- HTTP/1.1" 302 0 "-" "Mozilla/5.0 (compatible; SemrushBot/1.1~bl; +http://www.semrush.com/bot.html)"
157.55.39.143 - - [06/Jan/2017:00:07:35 +0000] "GET /no-name-tower-fan-static-remote-control-3-speed-8hr-timer-240v-50w-h710mm-black.html HTTP/1.1" 302 0 "-" "Mozilla/5.0 (compatible; bingbot/2.0; +http://www.bing.com/bingbot.htm)"
46.229.168.74 - - [06/Jan/2017:00:07:43 +0000] "GET /computer-supplies/computer-hardware.html?cat=33748 HTTP/1.1" 302 0 "-" "Mozilla/5.0 (compatible; SemrushBot/1.1~bl; +http://www.semrush.com/bot.html)"
157.55.39.143 - - [06/Jan/2017:00:07:45 +0000] "GET /lexmark-70c2xc0-702xc-toner-cyan-4k-pages.html HTTP/1.1" 302 0 "-" "Mozilla/5.0 (compatible; bingbot/2.0; +http://www.bing.com/bingbot.htm)"
46.229.168.66 - - [06/Jan/2017:00:07:47 +0000] "GET /workplace.html?cat=34505&manufacturer=305 HTTP/1.1" 302 0 "-" "Mozilla/5.0 (compatible; SemrushBot/1.1~bl; +http://www.semrush.com/bot.html)"
112.210.233.49 - - [06/Jan/2017:00:07:59 +0000] "POST /customer/account/createpost/ HTTP/1.1" 302 0 "https://www.choicestationery.com/customer/account/createpost/" "Mozilla/4.0 (compatible; MSIE 9.0; Windows NT 6.1)"
66.249.76.122 - - [06/Jan/2017:00:08:00 +0000] "GET /verbatim-dvd-rw-8cm-matt-silver.html HTTP/1.1" 302 0 "-" "Mozilla/5.0 (compatible; Googlebot/2.1; +http://www.google.com/bot.html)"
46.229.168.74 - - [06/Jan/2017:00:08:00 +0000] "GET /workplace/catering/catering-sundries/ice.html HTTP/1.1" 302 0 "-" "Mozilla/5.0 (compatible; SemrushBot/1.1~bl; +http://www.semrush.com/bot.html)"
66.249.76.124 - - [06/Jan/2017:00:08:00 +0000] "GET /cisco-2504.html HTTP/1.1" 302 0 "-" "Mozilla/5.0 (Linux; Android 6.0.1; Nexus 5X Build/MMB29P) AppleWebKit/537.36 (KHTML, like Gecko) Chrome/41.0.2272.96 Mobile Safari/537.36 (compatible; Googlebot/2.1; +http://www.google.com/bot.html)"
66.249.76.122 - - [06/Jan/2017:00:08:01 +0000] "GET /stewart-superior-no-entry-sign-for-outdoor-use-foamboard-ref-fb024.html HTTP/1.1" 302 0 "-" "Mozilla/5.0 (compatible; Googlebot/2.1; +http://www.google.com/bot.html)"
66.249.69.253 - - [06/Jan/2017:00:08:01 +0000] "GET /no-name-corrugated-paper-100-percent-recycled-single-faced-roll-650mmx75m.html HTTP/1.1" 302 0 "-" "Mozilla/5.0 (compatible; Googlebot/2.1; +http://www.google.com/bot.html)"
66.249.76.124 - - [06/Jan/2017:00:08:02 +0000] "GET /smartboard-smart-e70-interactive-display.html HTTP/1.1" 302 0 "-" "Mozilla/5.0 (Linux; Android 6.0.1; Nexus 5X Build/MMB29P) AppleWebKit/537.36 (KHTML, like Gecko) Chrome/41.0.2272.96 Mobile Safari/537.36 (compatible; Googlebot/2.1; +http://www.google.com/bot.html)"
68.180.229.238 - - [06/Jan/2017:00:08:01 +0000] "GET /machines/calculators-adding-machines/scientific-calculator.html HTTP/1.1" 200 36834 "-" "Mozilla/5.0 (compatible; Yahoo! Slurp; http://help.yahoo.com/help/us/ysearch/slurp)"
112.210.233.49 - - [06/Jan/2017:00:08:00 +0000] "GET /customer/account/create/ HTTP/1.1" 200 426512 "https://www.choicestationery.com/customer/account/createpost/" "Mozilla/4.0 (compatible; MSIE 9.0; Windows NT 6.1)"
66.249.76.122 - - [06/Jan/2017:00:08:02 +0000] "GET /no-name-stencil-set-of-letters-numbers-and-symbols-50mm-upper-and-lower-case-4-piece.html HTTP/1.1" 302 0 "-" "Mozilla/5.0 (Linux; Android 6.0.1; Nexus 5X Build/MMB29P) AppleWebKit/537.36 (KHTML, like Gecko) Chrome/41.0.2272.96 Mobile Safari/537.36 (compatible; Googlebot/2.1; +http://www.google.com/bot.html)"
66.249.76.124 - - [06/Jan/2017:00:08:03 +0000] "GET /challenge-duplicate-book-headbound-carbonless-sales-invoice-vat-50-sets-ref-400048639-pack-5.html HTTP/1.1" 302 0 "-" "Mozilla/5.0 (compatible; Googlebot/2.1; +http://www.google.com/bot.html)"
81.133.157.252 - - [06/Jan/2017:00:08:03 +0000] "POST /index.php/api/soap/index/ HTTP/1.1" 200 538 "-" "PHP-SOAP/5.6.27"
157.55.39.143 - - [06/Jan/2017:00:08:06 +0000] "GET /printer-supplies/inkjet-cartridges/colour.html?manufacturer=40&p=2 HTTP/1.1" 302 0 "-" "Mozilla/5.0 (compatible; bingbot/2.0; +http://www.bing.com/bingbot.htm)"
81.133.157.252 - - [06/Jan/2017:00:08:06 +0000] "POST /index.php/api/soap/index/ HTTP/1.1" 200 531 "-" "PHP-SOAP/5.6.27"
46.229.168.66 - - [06/Jan/2017:00:08:07 +0000] "GET /workplace/office-environment/waste-bins.html?cat=34272&mode=grid&price=50- HTTP/1.1" 302 0 "-" "Mozilla/5.0 (compatible; SemrushBot/1.1~bl; +http://www.semrush.com/bot.html)"
207.46.13.74 - - [06/Jan/2017:00:08:17 +0000] "GET /5-star-20mm-magnets-blue.html HTTP/1.1" 302 0 "-" "Mozilla/5.0 (compatible; bingbot/2.0; +http://www.bing.com/bingbot.htm)"
46.229.168.70 - - [06/Jan/2017:00:08:19 +0000] "GET /workplace.html?manufacturer=1449 HTTP/1.1" 302 0 "-" "Mozilla/5.0 (compatible; SemrushBot/1.1~bl; +http://www.semrush.com/bot.html)"
46.229.168.65 - - [06/Jan/2017:00:08:22 +0000] "GET /catalogsearch/result/index/?cat=15295&manufacturer=2217&q=cli HTTP/1.1" 302 0 "-" "Mozilla/5.0 (compatible; SemrushBot/1.1~bl; +http://www.semrush.com/bot.html)"
207.46.13.74 - - [06/Jan/2017:00:08:25 +0000] "GET /special-offer-multipack-6-replacement-cartridges-36501.html HTTP/1.1" 302 0 "-" "Mozilla/5.0 (compatible; bingbot/2.0; +http://www.bing.com/bingbot.htm)"
185.129.148.217 - Mila [06/Jan/2017:00:08:25 +0000] "GET /rss/catalog/notifystock/ HTTP/1.1" 401 44 "-" "-"
207.46.13.74 - - [06/Jan/2017:00:08:35 +0000] "GET /no-name-writing-set-of-letters-numbers-and-symbols-75mm-for-upper-case-6-piece.html HTTP/1.1" 302 0 "-" "Mozilla/5.0 (compatible; bingbot/2.0; +http://www.bing.com/bingbot.htm)"
46.229.168.72 - - [06/Jan/2017:00:08:36 +0000] "GET /office-supplies.html?manufacturer=3619&own_brand=3622 HTTP/1.1" 302 0 "-" "Mozilla/5.0 (compatible; SemrushBot/1.1~bl; +http://www.semrush.com/bot.html)"
